Archive member included to satisfy reference by file (symbol)

c:/progra~2/armgnu~1/125863~1.3re/bin/../lib/gcc/arm-none-eabi/12.3.1/thumb/v7e-m+fp/hard\libm.a(libm_a-w_log.o)
                              CMakeFiles/BMS_V0.elf.dir/App/Measurement/batt_measure.c.obj (log)
c:/progra~2/armgnu~1/125863~1.3re/bin/../lib/gcc/arm-none-eabi/12.3.1/thumb/v7e-m+fp/hard\libm.a(libm_a-w_pow.o)
                              CMakeFiles/BMS_V0.elf.dir/App/Measurement/batt_measure.c.obj (pow)
c:/progra~2/armgnu~1/125863~1.3re/bin/../lib/gcc/arm-none-eabi/12.3.1/thumb/v7e-m+fp/hard\libm.a(libm_a-s_finite.o)
                              c:/progra~2/armgnu~1/125863~1.3re/bin/../lib/gcc/arm-none-eabi/12.3.1/thumb/v7e-m+fp/hard\libm.a(libm_a-w_pow.o) (finite)
c:/progra~2/armgnu~1/125863~1.3re/bin/../lib/gcc/arm-none-eabi/12.3.1/thumb/v7e-m+fp/hard\libm.a(libm_a-s_nan.o)
                              c:/progra~2/armgnu~1/125863~1.3re/bin/../lib/gcc/arm-none-eabi/12.3.1/thumb/v7e-m+fp/hard\libm.a(libm_a-w_log.o) (nan)
c:/progra~2/armgnu~1/125863~1.3re/bin/../lib/gcc/arm-none-eabi/12.3.1/thumb/v7e-m+fp/hard\libm.a(libm_a-e_log.o)
                              c:/progra~2/armgnu~1/125863~1.3re/bin/../lib/gcc/arm-none-eabi/12.3.1/thumb/v7e-m+fp/hard\libm.a(libm_a-w_log.o) (__ieee754_log)
c:/progra~2/armgnu~1/125863~1.3re/bin/../lib/gcc/arm-none-eabi/12.3.1/thumb/v7e-m+fp/hard\libm.a(libm_a-e_pow.o)
                              c:/progra~2/armgnu~1/125863~1.3re/bin/../lib/gcc/arm-none-eabi/12.3.1/thumb/v7e-m+fp/hard\libm.a(libm_a-w_pow.o) (__ieee754_pow)
c:/progra~2/armgnu~1/125863~1.3re/bin/../lib/gcc/arm-none-eabi/12.3.1/thumb/v7e-m+fp/hard\libm.a(libm_a-s_fabs.o)
                              c:/progra~2/armgnu~1/125863~1.3re/bin/../lib/gcc/arm-none-eabi/12.3.1/thumb/v7e-m+fp/hard\libm.a(libm_a-e_pow.o) (fabs)
c:/progra~2/armgnu~1/125863~1.3re/bin/../lib/gcc/arm-none-eabi/12.3.1/thumb/v7e-m+fp/hard\libm.a(libm_a-s_scalbn.o)
                              c:/progra~2/armgnu~1/125863~1.3re/bin/../lib/gcc/arm-none-eabi/12.3.1/thumb/v7e-m+fp/hard\libm.a(libm_a-e_pow.o) (scalbn)
c:/progra~2/armgnu~1/125863~1.3re/bin/../lib/gcc/arm-none-eabi/12.3.1/thumb/v7e-m+fp/hard\libm.a(libm_a-math_err.o)
                              c:/progra~2/armgnu~1/125863~1.3re/bin/../lib/gcc/arm-none-eabi/12.3.1/thumb/v7e-m+fp/hard\libm.a(libm_a-e_pow.o) (__math_uflow)
c:/progra~2/armgnu~1/125863~1.3re/bin/../lib/gcc/arm-none-eabi/12.3.1/thumb/v7e-m+fp/hard\libm.a(libm_a-e_sqrt.o)
                              c:/progra~2/armgnu~1/125863~1.3re/bin/../lib/gcc/arm-none-eabi/12.3.1/thumb/v7e-m+fp/hard\libm.a(libm_a-e_pow.o) (__ieee754_sqrt)
c:/progra~2/armgnu~1/125863~1.3re/bin/../lib/gcc/arm-none-eabi/12.3.1/thumb/v7e-m+fp/hard\libgcc.a(_arm_muldf3.o)
                              CMakeFiles/BMS_V0.elf.dir/App/Measurement/batt_measure.c.obj (__aeabi_dmul)
c:/progra~2/armgnu~1/125863~1.3re/bin/../lib/gcc/arm-none-eabi/12.3.1/thumb/v7e-m+fp/hard\libgcc.a(_arm_addsubdf3.o)
                              CMakeFiles/BMS_V0.elf.dir/App/Measurement/batt_measure.c.obj (__aeabi_dsub)
c:/progra~2/armgnu~1/125863~1.3re/bin/../lib/gcc/arm-none-eabi/12.3.1/thumb/v7e-m+fp/hard\libgcc.a(_arm_muldivdf3.o)
                              CMakeFiles/BMS_V0.elf.dir/App/Measurement/batt_measure.c.obj (__aeabi_ddiv)
c:/progra~2/armgnu~1/125863~1.3re/bin/../lib/gcc/arm-none-eabi/12.3.1/thumb/v7e-m+fp/hard\libgcc.a(_arm_cmpdf2.o)
                              c:/progra~2/armgnu~1/125863~1.3re/bin/../lib/gcc/arm-none-eabi/12.3.1/thumb/v7e-m+fp/hard\libm.a(libm_a-w_log.o) (__aeabi_dcmpeq)
c:/progra~2/armgnu~1/125863~1.3re/bin/../lib/gcc/arm-none-eabi/12.3.1/thumb/v7e-m+fp/hard\libgcc.a(_arm_unorddf2.o)
                              c:/progra~2/armgnu~1/125863~1.3re/bin/../lib/gcc/arm-none-eabi/12.3.1/thumb/v7e-m+fp/hard\libm.a(libm_a-w_log.o) (__aeabi_dcmpun)
c:/progra~2/armgnu~1/125863~1.3re/bin/../lib/gcc/arm-none-eabi/12.3.1/thumb/v7e-m+fp/hard\libgcc.a(_arm_truncdfsf2.o)
                              CMakeFiles/BMS_V0.elf.dir/App/Measurement/batt_measure.c.obj (__aeabi_d2f)
c:/progra~2/armgnu~1/125863~1.3re/bin/../lib/gcc/arm-none-eabi/12.3.1/thumb/v7e-m+fp/hard\libgcc.a(_aeabi_uldivmod.o)
                              CMakeFiles/BMS_V0.elf.dir/Drivers/STM32F4xx_HAL_Driver/Src/stm32f4xx_hal_rcc.c.obj (__aeabi_uldivmod)
c:/progra~2/armgnu~1/125863~1.3re/bin/../lib/gcc/arm-none-eabi/12.3.1/thumb/v7e-m+fp/hard\libgcc.a(_udivmoddi4.o)
                              c:/progra~2/armgnu~1/125863~1.3re/bin/../lib/gcc/arm-none-eabi/12.3.1/thumb/v7e-m+fp/hard\libgcc.a(_aeabi_uldivmod.o) (__udivmoddi4)
c:/progra~2/armgnu~1/125863~1.3re/bin/../lib/gcc/arm-none-eabi/12.3.1/thumb/v7e-m+fp/hard\libgcc.a(_dvmd_tls.o)
                              c:/progra~2/armgnu~1/125863~1.3re/bin/../lib/gcc/arm-none-eabi/12.3.1/thumb/v7e-m+fp/hard\libgcc.a(_aeabi_uldivmod.o) (__aeabi_ldiv0)
c:/progra~2/armgnu~1/125863~1.3re/bin/../lib/gcc/arm-none-eabi/12.3.1/thumb/v7e-m+fp/hard\libg.a(libc_a-exit.o)
[...]
Memory Configuration

Name             Origin             Length             Attributes
RAM              0x20000000         0x00018000         xrw
FLASH            0x08000000         0x00080000         xr
*default*        0x00000000         0xffffffff

Linker script and memory map

LOAD c:/progra~2/armgnu~1/125863~1.3re/bin/../lib/gcc/arm-none-eabi/12.3.1/thumb/v7e-m+fp/hard/crti.o
LOAD c:/progra~2/armgnu~1/125863~1.3re/bin/../lib/gcc/arm-none-eabi/12.3.1/thumb/v7e-m+fp/hard/crtbegin.o
LOAD c:/progra~2/armgnu~1/125863~1.3re/bin/../lib/gcc/arm-none-eabi/12.3.1/thumb/v7e-m+fp/hard/crt0.o
LOAD CMakeFiles/BMS_V0.elf.dir/App/Balancing/cell_balance.c.obj
LOAD CMakeFiles/BMS_V0.elf.dir/App/Balancing/cell_balance.cpp.obj
LOAD CMakeFiles/BMS_V0.elf.dir/App/Can_comm/can_comm.c.obj
LOAD CMakeFiles/BMS_V0.elf.dir/App/Config/bms_config.c.obj
LOAD CMakeFiles/BMS_V0.elf.dir/App/Diagnostics/diag.c.obj
LOAD CMakeFiles/BMS_V0.elf.dir/App/Measurement/batt_measure.c.obj
LOAD CMakeFiles/BMS_V0.elf.dir/App/SOC/soc.c.obj
LOAD CMakeFiles/BMS_V0.elf.dir/App/SOH/soh.c.obj
LOAD CMakeFiles/BMS_V0.elf.dir/App/StateMachine/bms_state.c.obj
LOAD CMakeFiles/BMS_V0.elf.dir/Core/Src/freertos.c.obj
LOAD CMakeFiles/BMS_V0.elf.dir/Core/Src/main.c.obj
LOAD CMakeFiles/BMS_V0.elf.dir/Core/Src/stm32f4xx_hal_msp.c.obj
LOAD CMakeFiles/BMS_V0.elf.dir/Core/Src/stm32f4xx_hal_timebase_tim.c.obj
LOAD CMakeFiles/BMS_V0.elf.dir/Core/Src/stm32f4xx_it.c.obj
LOAD CMakeFiles/BMS_V0.elf.dir/Core/Src/syscalls.c.obj
LOAD CMakeFiles/BMS_V0.elf.dir/Core/Src/sysmem.c.obj
LOAD CMakeFiles/BMS_V0.elf.dir/Core/Src/system_stm32f4xx.c.obj
LOAD CMakeFiles/BMS_V0.elf.dir/Core/Startup/startup_stm32f401retx.s.obj
LOAD CMakeFiles/BMS_V0.elf.dir/Drivers/STM32F4xx_HAL_Driver/Src/stm32f4xx_hal.c.obj
LOAD CMakeFiles/BMS_V0.elf.dir/Drivers/STM32F4xx_HAL_Driver/Src/stm32f4xx_hal_adc.c.obj
LOAD CMakeFiles/BMS_V0.elf.dir/Drivers/STM32F4xx_HAL_Driver/Src/stm32f4xx_hal_adc_ex.c.obj
LOAD CMakeFiles/BMS_V0.elf.dir/Drivers/STM32F4xx_HAL_Driver/Src/stm32f4xx_hal_cortex.c.obj
LOAD CMakeFiles/BMS_V0.elf.dir/Drivers/STM32F4xx_HAL_Driver/Src/stm32f4xx_hal_crc.c.obj
LOAD CMakeFiles/BMS_V0.elf.dir/Drivers/STM32F4xx_HAL_Driver/Src/stm32f4xx_hal_dma.c.obj
LOAD CMakeFiles/BMS_V0.elf.dir/Drivers/STM32F4xx_HAL_Driver/Src/stm32f4xx_hal_dma_ex.c.obj
LOAD CMakeFiles/BMS_V0.elf.dir/Drivers/STM32F4xx_HAL_Driver/Src/stm32f4xx_hal_exti.c.obj
LOAD CMakeFiles/BMS_V0.elf.dir/Drivers/STM32F4xx_HAL_Driver/Src/stm32f4xx_hal_flash.c.obj
LOAD CMakeFiles/BMS_V0.elf.dir/Drivers/STM32F4xx_HAL_Driver/Src/stm32f4xx_hal_flash_ex.c.obj
LOAD CMakeFiles/BMS_V0.elf.dir/Drivers/STM32F4xx_HAL_Driver/Src/stm32f4xx_hal_flash_ramfunc.c.obj
LOAD CMakeFiles/BMS_V0.elf.dir/Drivers/STM32F4xx_HAL_Driver/Src/stm32f4xx_hal_gpio.c.obj
LOAD CMakeFiles/BMS_V0.elf.dir/Drivers/STM32F4xx_HAL_Driver/Src/stm32f4xx_hal_i2c.c.obj
LOAD CMakeFiles/BMS_V0.elf.dir/Drivers/STM32F4xx_HAL_Driver/Src/stm32f4xx_hal_i2c_ex.c.obj
LOAD CMakeFiles/BMS_V0.elf.dir/Drivers/STM32F4xx_HAL_Driver/Src/stm32f4xx_hal_pwr.c.obj
LOAD CMakeFiles/BMS_V0.elf.dir/Drivers/STM32F4xx_HAL_Driver/Src/stm32f4xx_hal_pwr_ex.c.obj
LOAD CMakeFiles/BMS_V0.elf.dir/Drivers/STM32F4xx_HAL_Driver/Src/stm32f4xx_hal_rcc.c.obj
LOAD CMakeFiles/BMS_V0.elf.dir/Drivers/STM32F4xx_HAL_Driver/Src/stm32f4xx_hal_rcc_ex.c.obj
LOAD CMakeFiles/BMS_V0.elf.dir/Drivers/STM32F4xx_HAL_Driver/Src/stm32f4xx_hal_spi.c.obj
LOAD CMakeFiles/BMS_V0.elf.dir/Drivers/STM32F4xx_HAL_Driver/Src/stm32f4xx_hal_tim.c.obj
LOAD CMakeFiles/BMS_V0.elf.dir/Drivers/STM32F4xx_HAL_Driver/Src/stm32f4xx_hal_tim_ex.c.obj
LOAD CMakeFiles/BMS_V0.elf.dir/Drivers/STM32F4xx_HAL_Driver/Src/stm32f4xx_hal_uart.c.obj
LOAD CMakeFiles/BMS_V0.elf.dir/Drivers/STM32F4xx_HAL_Driver/Src/stm32f4xx_ll_adc.c.obj
LOAD CMakeFiles/BMS_V0.elf.dir/Middlewares/Third_Party/FreeRTOS/Source/CMSIS_RTOS_V2/cmsis_os2.c.obj
LOAD CMakeFiles/BMS_V0.elf.dir/Middlewares/Third_Party/FreeRTOS/Source/croutine.c.obj
LOAD CMakeFiles/BMS_V0.elf.dir/Middlewares/Third_Party/FreeRTOS/Source/event_groups.c.obj
LOAD CMakeFiles/BMS_V0.elf.dir/Middlewares/Third_Party/FreeRTOS/Source/list.c.obj
LOAD CMakeFiles/BMS_V0.elf.dir/Middlewares/Third_Party/FreeRTOS/Source/portable/GCC/ARM_CM4F/port.c.obj
LOAD CMakeFiles/BMS_V0.elf.dir/Middlewares/Third_Party/FreeRTOS/Source/portable/MemMang/heap_4.c.obj
LOAD CMakeFiles/BMS_V0.elf.dir/Middlewares/Third_Party/FreeRTOS/Source/queue.c.obj
LOAD CMakeFiles/BMS_V0.elf.dir/Middlewares/Third_Party/FreeRTOS/Source/stream_buffer.c.obj
LOAD CMakeFiles/BMS_V0.elf.dir/Middlewares/Third_Party/FreeRTOS/Source/tasks.c.obj
LOAD CMakeFiles/BMS_V0.elf.dir/Middlewares/Third_Party/FreeRTOS/Source/timers.c.obj
LOAD CMakeFiles/BMS_V0.elf.dir/Tasks/task_balance.c.obj
LOAD CMakeFiles/BMS_V0.elf.dir/Tasks/task_bms_main.c.obj
LOAD CMakeFiles/BMS_V0.elf.dir/Tasks/task_can_rx.c.obj
LOAD CMakeFiles/BMS_V0.elf.dir/Tasks/task_can_tx.c.obj
LOAD CMakeFiles/BMS_V0.elf.dir/Tasks/task_data_acq.c.obj
LOAD c:/progra~2/armgnu~1/125863~1.3re/bin/../lib/gcc/arm-none-eabi/12.3.1/thumb/v7e-m+fp/hard\libstdc++.a
LOAD c:/progra~2/armgnu~1/125863~1.3re/bin/../lib/gcc/arm-none-eabi/12.3.1/thumb/v7e-m+fp/hard\libm.a
START GROUP
LOAD c:/progra~2/armgnu~1/125863~1.3re/bin/../lib/gcc/arm-none-eabi/12.3.1/thumb/v7e-m+fp/hard\libgcc.a
LOAD c:/progra~2/armgnu~1/125863~1.3re/bin/../lib/gcc/arm-none-eabi/12.3.1/thumb/v7e-m+fp/hard\libg.a
LOAD c:/progra~2/armgnu~1/125863~1.3re/bin/../lib/gcc/arm-none-eabi/12.3.1/thumb/v7e-m+fp/hard\libc.a
END GROUP
LOAD c:/progra~2/armgnu~1/125863~1.3re/bin/../lib/gcc/arm-none-eabi/12.3.1/thumb/v7e-m+fp/hard/crtend.o
LOAD c:/progra~2/armgnu~1/125863~1.3re/bin/../lib/gcc/arm-none-eabi/12.3.1/thumb/v7e-m+fp/hard/crtn.o
                0x20018000                        _estack = (ORIGIN (RAM) + LENGTH (RAM))
                0x00000200                        _Min_Heap_Size = 0x200
                0x00000400                        _Min_Stack_Size = 0x400

.isr_vector     0x08000000      0x194
                0x08000000                        . = ALIGN (0x4)
 *(.isr_vector)
 .isr_vector    0x08000000      0x194 CMakeFiles/BMS_V0.elf.dir/Core/Startup/startup_stm32f401retx.s.obj
                0x08000000                g_pfnVectors
                0x08000194                        . = ALIGN (0x4)

.text           0x080001c0     0xb3c4
                0x080001c0                        . = ALIGN (0x4)
 *(.text)
 .text          0x080001c0      0x378 c:/progra~2/armgnu~1/125863~1.3re/bin/../lib/gcc/arm-none-eabi/12.3.1/thumb/v7e-m+fp/hard\libgcc.a(_arm_addsubdf3.o)
                0x080001c0                __aeabi_drsub
                0x080001c8                __aeabi_dsub
                0x080001c8                __subdf3
                0x080001cc                __aeabi_dadd
                0x080001cc                __adddf3
                0x08000444                __floatunsidf
                0x08000444                __aeabi_ui2d
                0x08000464                __floatsidf
                0x08000464                __aeabi_i2d
                0x08000488                __aeabi_f2d
                0x08000488                __extendsfdf2
                0x080004cc                __floatundidf
                0x080004cc                __aeabi_ul2d
                0x080004dc                __floatdidf
                0x080004dc                __aeabi_l2d
 .text          0x08000538      0x424 c:/progra~2/armgnu~1/125863~1.3re/bin/../lib/gcc/arm-none-eabi/12.3.1/thumb/v7e-m+fp/hard\libgcc.a(_arm_muldivdf3.o)
                0x08000538                __aeabi_dmul
                0x08000538                __muldf3
                0x0800078c                __divdf3
                0x0800078c                __aeabi_ddiv
 .text          0x0800095c      0x110 c:/progra~2/armgnu~1/125863~1.3re/bin/../lib/gcc/arm-none-eabi/12.3.1/thumb/v7e-m+fp/hard\libgcc.a(_arm_cmpdf2.o)
                0x0800095c                __gtdf2
                0x0800095c                __gedf2
                0x08000964                __ltdf2
                0x08000964                __ledf2
                0x0800096c                __nedf2
                0x0800096c                __eqdf2
                0x0800096c                __cmpdf2
                0x080009e8                __aeabi_cdrcmple
                0x080009f8                __aeabi_cdcmpeq
                0x080009f8                __aeabi_cdcmple
                0x08000a08                __aeabi_dcmpeq
                0x08000a1c                __aeabi_dcmplt
                0x08000a30                __aeabi_dcmple
                0x08000a44                __aeabi_dcmpge
                0x08000a58                __aeabi_dcmpgt
 .text          0x08000a6c       0x2c c:/progra~2/armgnu~1/125863~1.3re/bin/../lib/gcc/arm-none-eabi/12.3.1/thumb/v7e-m+fp/hard\libgcc.a(_arm_unorddf2.o)
                0x08000a6c                __unorddf2
                0x08000a6c                __aeabi_dcmpun
 .text          0x08000a98       0xa0 c:/progra~2/armgnu~1/125863~1.3re/bin/../lib/gcc/arm-none-eabi/12.3.1/thumb/v7e-m+fp/hard\libgcc.a(_arm_truncdfsf2.o)
                0x08000a98                __truncdfsf2
                0x08000a98                __aeabi_d2f
 .text          0x08000b38       0x30 c:/progra~2/armgnu~1/125863~1.3re/bin/../lib/gcc/arm-none-eabi/12.3.1/thumb/v7e-m+fp/hard\libgcc.a(_aeabi_uldivmod.o)
                0x08000b38                __aeabi_uldivmod
 .text          0x08000b68        0x4 c:/progra~2/armgnu~1/125863~1.3re/bin/../lib/gcc/arm-none-eabi/12.3.1/thumb/v7e-m+fp/hard\libgcc.a(_dvmd_tls.o)
                0x08000b68                __aeabi_idiv0
                0x08000b68                __aeabi_ldiv0
 .text          0x08000b6c      0x134 c:/progra~2/armgnu~1/125863~1.3re/bin/../lib/gcc/arm-none-eabi/12.3.1/thumb/v7e-m+fp/hard\libg.a(libc_a-memcpy.o)
                0x08000b6c                memcpy
 *fill*         0x08000ca0       0x20 
 .text          0x08000cc0       0xd8 c:/progra~2/armgnu~1/125863~1.3re/bin/../lib/gcc/arm-none-eabi/12.3.1/thumb/v7e-m+fp/hard\libg.a(libc_a-strlen.o)
                0x08000cc0                strlen
 *fill*         0x08000d98        0x8 
 .text          0x08000da0       0xa0 c:/progra~2/armgnu~1/125863~1.3re/bin/../lib/gcc/arm-none-eabi/12.3.1/thumb/v7e-m+fp/hard\libg.a(libc_a-memchr.o)
                0x08000da0                memchr
 .text          0x08000e40       0x50 c:/progra~2/armgnu~1/125863~1.3re/bin/../lib/gcc/arm-none-eabi/12.3.1/thumb/v7e-m+fp/hard\libgcc.a(_arm_fixdfsi.o)
                0x08000e40                __aeabi_d2iz
                0x08000e40                __fixdfsi
 *(.text*)
 .text.deregister_tm_clones
                0x08000e90       0x1c c:/progra~2/armgnu~1/125863~1.3re/bin/../lib/gcc/arm-none-eabi/12.3.1/thumb/v7e-m+fp/hard/crtbegin.o
 .text.register_tm_clones
                0x08000eac       0x24 c:/progra~2/armgnu~1/125863~1.3re/bin/../lib/gcc/arm-none-eabi/12.3.1/thumb/v7e-m+fp/hard/crtbegin.o
 .text.__do_global_dtors_aux
                0x08000ed0       0x28 c:/progra~2/armgnu~1/125863~1.3re/bin/../lib/gcc/arm-none-eabi/12.3.1/thumb/v7e-m+fp/hard/crtbegin.o
 .text.frame_dummy
                0x08000ef8       0x24 c:/progra~2/armgnu~1/125863~1.3re/bin/../lib/gcc/arm-none-eabi/12.3.1/thumb/v7e-m+fp/hard/crtbegin.o
 .text.Cell_Balance_Init
                0x08000f1c       0x10 CMakeFiles/BMS_V0.elf.dir/App/Balancing/cell_balance.c.obj
                0x08000f1c                Cell_Balance_Init
 .text.Cell_Balance_Set
                0x08000f2c       0x68 CMakeFiles/BMS_V0.elf.dir/App/Balancing/cell_balance.c.obj
                0x08000f2c                Cell_Balance_Set
 .text.Cell_Balance_Update
                0x08000f94       0x80 CMakeFiles/BMS_V0.elf.dir/App/Balancing/cell_balance.c.obj
                0x08000f94                Cell_Balance_Update
 .text.diag_Log
                0x08001014       0x5c CMakeFiles/BMS_V0.elf.dir/App/Diagnostics/diag.c.obj
                0x08001014                diag_Log
 .text.Get_CellVoltage
                0x08001070       0x58 CMakeFiles/BMS_V0.elf.dir/App/Measurement/batt_measure.c.obj
                0x08001070                Get_CellVoltage
 .text.Get_PackVoltage
                0x080010c8       0x30 CMakeFiles/BMS_V0.elf.dir/App/Measurement/batt_measure.c.obj
                0x080010c8                Get_PackVoltage
 .text.Get_Current
                0x080010f8       0x50 CMakeFiles/BMS_V0.elf.dir/App/Measurement/batt_measure.c.obj
                0x080010f8                Get_Current
 .text.SOC_Init
                0x08001148       0x44 CMakeFiles/BMS_V0.elf.dir/App/SOC/soc.c.obj
                0x08001148                SOC_Init
 .text.SOC_Update
                0x0800118c       0x84 CMakeFiles/BMS_V0.elf.dir/App/SOC/soc.c.obj
                0x0800118c                SOC_Update
 .text.SOC_Get  0x08001210        0xc CMakeFiles/BMS_V0.elf.dir/App/SOC/soc.c.obj
                0x08001210                SOC_Get
 .text.SOH_Init
                0x0800121c       0x20 CMakeFiles/BMS_V0.elf.dir/App/SOH/soh.c.obj
                0x0800121c                SOH_Init
 .text.SOH_Update
                0x0800123c       0x68 CMakeFiles/BMS_V0.elf.dir/App/SOH/soh.c.obj
                0x0800123c                SOH_Update
 .text.SOH_Get  0x080012a4        0xc CMakeFiles/BMS_V0.elf.dir/App/SOH/soh.c.obj
                0x080012a4                SOH_Get
 .text.HandleIdleState
                0x080012b0       0x1c CMakeFiles/BMS_V0.elf.dir/App/StateMachine/bms_state.c.obj
 .text.HandleFaultState
                0x080012cc       0x1c CMakeFiles/BMS_V0.elf.dir/App/StateMachine/bms_state.c.obj
 .text.HandleShutdownState
                0x080012e8       0x10 CMakeFiles/BMS_V0.elf.dir/App/StateMachine/bms_state.c.obj
 .text.HandleInitState
                0x080012f8       0x24 CMakeFiles/BMS_V0.elf.dir/App/StateMachine/bms_state.c.obj
 .text.HandleActiveState
                0x0800131c      0x100 CMakeFiles/BMS_V0.elf.dir/App/StateMachine/bms_state.c.obj
 .text.BMS_StateMachine_Init
                0x0800141c       0x18 CMakeFiles/BMS_V0.elf.dir/App/StateMachine/bms_state.c.obj
                0x0800141c                BMS_StateMachine_Init
 .text.BMS_StateMachine_Update
                0x08001434       0x4c CMakeFiles/BMS_V0.elf.dir/App/StateMachine/bms_state.c.obj
                0x08001434                BMS_StateMachine_Update
 .text.MX_GPIO_Init
                0x08001480       0x90 CMakeFiles/BMS_V0.elf.dir/Core/Src/main.c.obj
 .text.HAL_TIM_PeriodElapsedCallback
                0x08001510       0x18 CMakeFiles/BMS_V0.elf.dir/Core/Src/main.c.obj
                0x08001510                HAL_TIM_PeriodElapsedCallback
 .text.Error_Handler
                0x08001528        0x4 CMakeFiles/BMS_V0.elf.dir/Core/Src/main.c.obj
                0x08001528                Error_Handler
 .text.MX_ADC1_Init
                0x0800152c       0x6c CMakeFiles/BMS_V0.elf.dir/Core/Src/main.c.obj
 .text.MX_CRC_Init
                0x08001598       0x1c CMakeFiles/BMS_V0.elf.dir/Core/Src/main.c.obj
 .text.MX_I2C1_Init
                0x080015b4       0x38 CMakeFiles/BMS_V0.elf.dir/Core/Src/main.c.obj
 .text.MX_SPI2_Init
                0x080015ec       0x40 CMakeFiles/BMS_V0.elf.dir/Core/Src/main.c.obj
 .text.MX_USART2_UART_Init
                0x0800162c       0x34 CMakeFiles/BMS_V0.elf.dir/Core/Src/main.c.obj
 .text.SystemClock_Config
                0x08001660       0xa4 CMakeFiles/BMS_V0.elf.dir/Core/Src/main.c.obj
                0x08001660                SystemClock_Config
 .text.main     0x08001704       0xb0 CMakeFiles/BMS_V0.elf.dir/Core/Src/main.c.obj
                0x08001704                main
 .text.HAL_MspInit
                0x080017b4       0x44 CMakeFiles/BMS_V0.elf.dir/Core/Src/stm32f4xx_hal_msp.c.obj
                0x080017b4                HAL_MspInit
 .text.HAL_ADC_MspInit
                0x080017f8       0x68 CMakeFiles/BMS_V0.elf.dir/Core/Src/stm32f4xx_hal_msp.c.obj
                0x080017f8                HAL_ADC_MspInit
 .text.HAL_CRC_MspInit
                0x08001860       0x30 CMakeFiles/BMS_V0.elf.dir/Core/Src/stm32f4xx_hal_msp.c.obj
                0x08001860                HAL_CRC_MspInit
 .text.HAL_I2C_MspInit
                0x08001890       0x70 CMakeFiles/BMS_V0.elf.dir/Core/Src/stm32f4xx_hal_msp.c.obj
                0x08001890                HAL_I2C_MspInit
 .text.HAL_SPI_MspInit
                0x08001900       0x9c CMakeFiles/BMS_V0.elf.dir/Core/Src/stm32f4xx_hal_msp.c.obj
                0x08001900                HAL_SPI_MspInit
 .text.HAL_UART_MspInit
                0x0800199c       0x6c CMakeFiles/BMS_V0.elf.dir/Core/Src/stm32f4xx_hal_msp.c.obj
                0x0800199c                HAL_UART_MspInit
 .text.HAL_InitTick
                0x08001a08       0x94 CMakeFiles/BMS_V0.elf.dir/Core/Src/stm32f4xx_hal_timebase_tim.c.obj
                0x08001a08                HAL_InitTick
 .text.NMI_Handler
                0x08001a9c        0x2 CMakeFiles/BMS_V0.elf.dir/Core/Src/stm32f4xx_it.c.obj
                0x08001a9c                NMI_Handler
 .text.HardFault_Handler
                0x08001a9e        0x2 CMakeFiles/BMS_V0.elf.dir/Core/Src/stm32f4xx_it.c.obj
                0x08001a9e                HardFault_Handler
 .text.MemManage_Handler
                0x08001aa0        0x2 CMakeFiles/BMS_V0.elf.dir/Core/Src/stm32f4xx_it.c.obj
                0x08001aa0                MemManage_Handler
 .text.BusFault_Handler
                0x08001aa2        0x2 CMakeFiles/BMS_V0.elf.dir/Core/Src/stm32f4xx_it.c.obj
                0x08001aa2                BusFault_Handler
 .text.UsageFault_Handler
                0x08001aa4        0x2 CMakeFiles/BMS_V0.elf.dir/Core/Src/stm32f4xx_it.c.obj
                0x08001aa4                UsageFault_Handler
 .text.DebugMon_Handler
                0x08001aa6        0x2 CMakeFiles/BMS_V0.elf.dir/Core/Src/stm32f4xx_it.c.obj
                0x08001aa6                DebugMon_Handler
 .text.TIM1_UP_TIM10_IRQHandler
                0x08001aa8       0x10 CMakeFiles/BMS_V0.elf.dir/Core/Src/stm32f4xx_it.c.obj
                0x08001aa8                TIM1_UP_TIM10_IRQHandler
 .text._getpid  0x08001ab8        0x4 CMakeFiles/BMS_V0.elf.dir/Core/Src/syscalls.c.obj
                0x08001ab8                _getpid
 .text._kill    0x08001abc       0x10 CMakeFiles/BMS_V0.elf.dir/Core/Src/syscalls.c.obj
                0x08001abc                _kill
 .text._exit    0x08001acc        0xc CMakeFiles/BMS_V0.elf.dir/Core/Src/syscalls.c.obj
                0x08001acc                _exit
 .text._read    0x08001ad8       0x20 CMakeFiles/BMS_V0.elf.dir/Core/Src/syscalls.c.obj
                0x08001ad8                _read
 .text._write   0x08001af8       0x1c CMakeFiles/BMS_V0.elf.dir/Core/Src/syscalls.c.obj
                0x08001af8                _write
 .text._close   0x08001b14        0x6 CMakeFiles/BMS_V0.elf.dir/Core/Src/syscalls.c.obj
                0x08001b14                _close
 .text._fstat   0x08001b1a        0xa CMakeFiles/BMS_V0.elf.dir/Core/Src/syscalls.c.obj
                0x08001b1a                _fstat
 .text._isatty  0x08001b24        0x4 CMakeFiles/BMS_V0.elf.dir/Core/Src/syscalls.c.obj
                0x08001b24                _isatty
 .text._lseek   0x08001b28        0x4 CMakeFiles/BMS_V0.elf.dir/Core/Src/syscalls.c.obj
                0x08001b28                _lseek
 .text._sbrk    0x08001b2c       0x48 CMakeFiles/BMS_V0.elf.dir/Core/Src/sysmem.c.obj
                0x08001b2c                _sbrk
 .text.SystemInit
                0x08001b74       0x14 CMakeFiles/BMS_V0.elf.dir/Core/Src/system_stm32f4xx.c.obj
                0x08001b74                SystemInit
 .text.Reset_Handler
                0x08001b88       0x50 CMakeFiles/BMS_V0.elf.dir/Core/Startup/startup_stm32f401retx.s.obj
                0x08001b88                Reset_Handler
 .text.Default_Handler
                0x08001bd8        0x2 CMakeFiles/BMS_V0.elf.dir/Core/Startup/startup_stm32f401retx.s.obj
                0x08001bd8                RTC_Alarm_IRQHandler
                0x08001bd8                EXTI2_IRQHandler
                0x08001bd8                SPI4_IRQHandler
                0x08001bd8                TIM1_CC_IRQHandler
                0x08001bd8                DMA2_Stream5_IRQHandler
                0x08001bd8                DMA1_Stream5_IRQHandler
                0x08001bd8                PVD_IRQHandler
                0x08001bd8                SDIO_IRQHandler
                0x08001bd8                TAMP_STAMP_IRQHandler
                0x08001bd8                EXTI3_IRQHandler
                0x08001bd8                I2C3_ER_IRQHandler
                0x08001bd8                EXTI0_IRQHandler
                0x08001bd8                I2C2_EV_IRQHandler
                0x08001bd8                DMA1_Stream2_IRQHandler
                0x08001bd8                FPU_IRQHandler
                0x08001bd8                DMA2_Stream2_IRQHandler
                0x08001bd8                SPI1_IRQHandler
                0x08001bd8                TIM1_BRK_TIM9_IRQHandler
                0x08001bd8                DMA2_Stream3_IRQHandler
                0x08001bd8                USART6_IRQHandler
                0x08001bd8                DMA2_Stream0_IRQHandler
                0x08001bd8                TIM4_IRQHandler
                0x08001bd8                I2C1_EV_IRQHandler
                0x08001bd8                DMA1_Stream6_IRQHandler
                0x08001bd8                DMA1_Stream1_IRQHandler
                0x08001bd8                TIM3_IRQHandler
                0x08001bd8                RCC_IRQHandler
                0x08001bd8                Default_Handler
                0x08001bd8                EXTI15_10_IRQHandler
                0x08001bd8                ADC_IRQHandler
                0x08001bd8                DMA1_Stream7_IRQHandler
                0x08001bd8                TIM5_IRQHandler
                0x08001bd8                DMA2_Stream7_IRQHandler
                0x08001bd8                I2C3_EV_IRQHandler
                0x08001bd8                EXTI9_5_IRQHandler
                0x08001bd8                RTC_WKUP_IRQHandler
                0x08001bd8                SPI2_IRQHandler
                0x08001bd8                DMA1_Stream0_IRQHandler
                0x08001bd8                EXTI4_IRQHandler
                0x08001bd8                WWDG_IRQHandler
                0x08001bd8                TIM2_IRQHandler
                0x08001bd8                OTG_FS_WKUP_IRQHandler
                0x08001bd8                TIM1_TRG_COM_TIM11_IRQHandler
                0x08001bd8                EXTI1_IRQHandler
                0x08001bd8                USART2_IRQHandler
                0x08001bd8                I2C2_ER_IRQHandler
                0x08001bd8                DMA2_Stream1_IRQHandler
                0x08001bd8                FLASH_IRQHandler
                0x08001bd8                DMA2_Stream4_IRQHandler
                0x08001bd8                USART1_IRQHandler
                0x08001bd8                OTG_FS_IRQHandler
                0x08001bd8                SPI3_IRQHandler
                0x08001bd8                DMA1_Stream4_IRQHandler
                0x08001bd8                I2C1_ER_IRQHandler
                0x08001bd8                DMA2_Stream6_IRQHandler
                0x08001bd8                DMA1_Stream3_IRQHandler
 *fill*         0x08001bda        0x2 
 .text.HAL_Init
                0x08001bdc       0x34 CMakeFiles/BMS_V0.elf.dir/Drivers/STM32F4xx_HAL_Driver/Src/stm32f4xx_hal.c.obj
                0x08001bdc                HAL_Init
 .text.HAL_IncTick
                0x08001c10       0x18 CMakeFiles/BMS_V0.elf.dir/Drivers/STM32F4xx_HAL_Driver/Src/stm32f4xx_hal.c.obj
                0x08001c10                HAL_IncTick
 .text.HAL_GetTick
                0x08001c28        0xc CMakeFiles/BMS_V0.elf.dir/Drivers/STM32F4xx_HAL_Driver/Src/stm32f4xx_hal.c.obj
                0x08001c28                HAL_GetTick
 .text.ADC_Init
                0x08001c34      0x134 CMakeFiles/BMS_V0.elf.dir/Drivers/STM32F4xx_HAL_Driver/Src/stm32f4xx_hal_adc.c.obj
 .text.HAL_ADC_Init
                0x08001d68       0x56 CMakeFiles/BMS_V0.elf.dir/Drivers/STM32F4xx_HAL_Driver/Src/stm32f4xx_hal_adc.c.obj
                0x08001d68                HAL_ADC_Init
 *fill*         0x08001dbe        0x2 
 .text.HAL_ADC_ConfigChannel
                0x08001dc0      0x194 CMakeFiles/BMS_V0.elf.dir/Drivers/STM32F4xx_HAL_Driver/Src/stm32f4xx_hal_adc.c.obj
                0x08001dc0                HAL_ADC_ConfigChannel
 .text.__NVIC_SetPriority
                0x08001f54       0x28 CMakeFiles/BMS_V0.elf.dir/Drivers/STM32F4xx_HAL_Driver/Src/stm32f4xx_hal_cortex.c.obj
 .text.NVIC_EncodePriority
                0x08001f7c       0x3e CMakeFiles/BMS_V0.elf.dir/Drivers/STM32F4xx_HAL_Driver/Src/stm32f4xx_hal_cortex.c.obj
 *fill*         0x08001fba        0x2 
 .text.HAL_NVIC_SetPriorityGrouping
                0x08001fbc       0x24 CMakeFiles/BMS_V0.elf.dir/Drivers/STM32F4xx_HAL_Driver/Src/stm32f4xx_hal_cortex.c.obj
                0x08001fbc                HAL_NVIC_SetPriorityGrouping
 .text.HAL_NVIC_SetPriority
                0x08001fe0       0x20 CMakeFiles/BMS_V0.elf.dir/Drivers/STM32F4xx_HAL_Driver/Src/stm32f4xx_hal_cortex.c.obj
                0x08001fe0                HAL_NVIC_SetPriority
 .text.HAL_NVIC_EnableIRQ
                0x08002000       0x1c CMakeFiles/BMS_V0.elf.dir/Drivers/STM32F4xx_HAL_Driver/Src/stm32f4xx_hal_cortex.c.obj
                0x08002000                HAL_NVIC_EnableIRQ
 .text.HAL_CRC_Init
                0x0800201c       0x1e CMakeFiles/BMS_V0.elf.dir/Drivers/STM32F4xx_HAL_Driver/Src/stm32f4xx_hal_crc.c.obj
                0x0800201c                HAL_CRC_Init
 *fill*         0x0800203a        0x2 
 .text.HAL_GPIO_Init
                0x0800203c      0x1c8 CMakeFiles/BMS_V0.elf.dir/Drivers/STM32F4xx_HAL_Driver/Src/stm32f4xx_hal_gpio.c.obj
                0x0800203c                HAL_GPIO_Init
 .text.HAL_GPIO_WritePin
                0x08002204        0xc CMakeFiles/BMS_V0.elf.dir/Drivers/STM32F4xx_HAL_Driver/Src/stm32f4xx_hal_gpio.c.obj
                0x08002204                HAL_GPIO_WritePin
 .text.HAL_I2C_Init
                0x08002210      0x1bc CMakeFiles/BMS_V0.elf.dir/Drivers/STM32F4xx_HAL_Driver/Src/stm32f4xx_hal_i2c.c.obj
                0x08002210                HAL_I2C_Init
 .text.HAL_RCC_OscConfig
                0x080023cc      0x3f8 CMakeFiles/BMS_V0.elf.dir/Drivers/STM32F4xx_HAL_Driver/Src/stm32f4xx_hal_rcc.c.obj
                0x080023cc                HAL_RCC_OscConfig
 .text.HAL_RCC_GetSysClockFreq
                0x080027c4       0xdc CMakeFiles/BMS_V0.elf.dir/Drivers/STM32F4xx_HAL_Driver/Src/stm32f4xx_hal_rcc.c.obj
                0x080027c4                HAL_RCC_GetSysClockFreq
 .text.HAL_RCC_ClockConfig
                0x080028a0      0x160 CMakeFiles/BMS_V0.elf.dir/Drivers/STM32F4xx_HAL_Driver/Src/stm32f4xx_hal_rcc.c.obj
                0x080028a0                HAL_RCC_ClockConfig
 .text.HAL_RCC_GetHCLKFreq
                0x08002a00        0xc CMakeFiles/BMS_V0.elf.dir/Drivers/STM32F4xx_HAL_Driver/Src/stm32f4xx_hal_rcc.c.obj
                0x08002a00                HAL_RCC_GetHCLKFreq
 .text.HAL_RCC_GetPCLK1Freq
                0x08002a0c       0x20 CMakeFiles/BMS_V0.elf.dir/Drivers/STM32F4xx_HAL_Driver/Src/stm32f4xx_hal_rcc.c.obj
                0x08002a0c                HAL_RCC_GetPCLK1Freq
 .text.HAL_RCC_GetPCLK2Freq
                0x08002a2c       0x20 CMakeFiles/BMS_V0.elf.dir/Drivers/STM32F4xx_HAL_Driver/Src/stm32f4xx_hal_rcc.c.obj
                0x08002a2c                HAL_RCC_GetPCLK2Freq
 .text.HAL_RCC_GetClockConfig
                0x08002a4c       0x3c CMakeFiles/BMS_V0.elf.dir/Drivers/STM32F4xx_HAL_Driver/Src/stm32f4xx_hal_rcc.c.obj
                0x08002a4c                HAL_RCC_GetClockConfig
 .text.HAL_SPI_Init
                0x08002a88       0xbe CMakeFiles/BMS_V0.elf.dir/Drivers/STM32F4xx_HAL_Driver/Src/stm32f4xx_hal_spi.c.obj
                0x08002a88                HAL_SPI_Init
 .text.HAL_TIM_Base_MspInit
                0x08002b46        0x2 CMakeFiles/BMS_V0.elf.dir/Drivers/STM32F4xx_HAL_Driver/Src/stm32f4xx_hal_tim.c.obj
                0x08002b46                HAL_TIM_Base_MspInit
 .text.HAL_TIM_Base_Start_IT
                0x08002b48       0x78 CMakeFiles/BMS_V0.elf.dir/Drivers/STM32F4xx_HAL_Driver/Src/stm32f4xx_hal_tim.c.obj
                0x08002b48                HAL_TIM_Base_Start_IT
 .text.HAL_TIM_OC_DelayElapsedCallback
                0x08002bc0        0x2 CMakeFiles/BMS_V0.elf.dir/Drivers/STM32F4xx_HAL_Driver/Src/stm32f4xx_hal_tim.c.obj
                0x08002bc0                HAL_TIM_OC_DelayElapsedCallback
 .text.HAL_TIM_IC_CaptureCallback
                0x08002bc2        0x2 CMakeFiles/BMS_V0.elf.dir/Drivers/STM32F4xx_HAL_Driver/Src/stm32f4xx_hal_tim.c.obj
                0x08002bc2                HAL_TIM_IC_CaptureCallback
 .text.HAL_TIM_PWM_PulseFinishedCallback
                0x08002bc4        0x2 CMakeFiles/BMS_V0.elf.dir/Drivers/STM32F4xx_HAL_Driver/Src/stm32f4xx_hal_tim.c.obj
                0x08002bc4                HAL_TIM_PWM_PulseFinishedCallback
 .text.HAL_TIM_TriggerCallback
                0x08002bc6        0x2 CMakeFiles/BMS_V0.elf.dir/Drivers/STM32F4xx_HAL_Driver/Src/stm32f4xx_hal_tim.c.obj
                0x08002bc6                HAL_TIM_TriggerCallback
 .text.HAL_TIM_IRQHandler
                0x08002bc8      0x17a CMakeFiles/BMS_V0.elf.dir/Drivers/STM32F4xx_HAL_Driver/Src/stm32f4xx_hal_tim.c.obj
                0x08002bc8                HAL_TIM_IRQHandler
 *fill*         0x08002d42        0x2 
 .text.TIM_Base_SetConfig
                0x08002d44       0x9c CMakeFiles/BMS_V0.elf.dir/Drivers/STM32F4xx_HAL_Driver/Src/stm32f4xx_hal_tim.c.obj
                0x08002d44                TIM_Base_SetConfig
 .text.HAL_TIM_Base_Init
                0x08002de0       0x58 CMakeFiles/BMS_V0.elf.dir/Drivers/STM32F4xx_HAL_Driver/Src/stm32f4xx_hal_tim.c.obj
                0x08002de0                HAL_TIM_Base_Init
 .text.HAL_TIMEx_CommutCallback
                0x08002e38        0x2 CMakeFiles/BMS_V0.elf.dir/Drivers/STM32F4xx_HAL_Driver/Src/stm32f4xx_hal_tim_ex.c.obj
                0x08002e38                HAL_TIMEx_CommutCallback
 .text.HAL_TIMEx_BreakCallback
                0x08002e3a        0x2 CMakeFiles/BMS_V0.elf.dir/Drivers/STM32F4xx_HAL_Driver/Src/stm32f4xx_hal_tim_ex.c.obj
                0x08002e3a                HAL_TIMEx_BreakCallback
 .text.UART_SetConfig
                0x08002e3c      0x110 CMakeFiles/BMS_V0.elf.dir/Drivers/STM32F4xx_HAL_Driver/Src/stm32f4xx_hal_uart.c.obj
 .text.UART_WaitOnFlagUntilTimeout
                0x08002f4c       0x84 CMakeFiles/BMS_V0.elf.dir/Drivers/STM32F4xx_HAL_Driver/Src/stm32f4xx_hal_uart.c.obj
 .text.HAL_UART_Init
                0x08002fd0       0x5e CMakeFiles/BMS_V0.elf.dir/Drivers/STM32F4xx_HAL_Driver/Src/stm32f4xx_hal_uart.c.obj
                0x08002fd0                HAL_UART_Init
 .text.HAL_UART_Transmit
                0x0800302e       0xd8 CMakeFiles/BMS_V0.elf.dir/Drivers/STM32F4xx_HAL_Driver/Src/stm32f4xx_hal_uart.c.obj
                0x0800302e                HAL_UART_Transmit
 .text.SysTick_Handler
                0x08003106       0x18 CMakeFiles/BMS_V0.elf.dir/Middlewares/Third_Party/FreeRTOS/Source/CMSIS_RTOS_V2/cmsis_os2.c.obj
                0x08003106                SysTick_Handler
 *fill*         0x0800311e        0x2 
 .text.osKernelInitialize
                0x08003120       0x24 CMakeFiles/BMS_V0.elf.dir/Middlewares/Third_Party/FreeRTOS/Source/CMSIS_RTOS_V2/cmsis_os2.c.obj
                0x08003120                osKernelInitialize
 .text.osKernelStart
                0x08003144       0x38 CMakeFiles/BMS_V0.elf.dir/Middlewares/Third_Party/FreeRTOS/Source/CMSIS_RTOS_V2/cmsis_os2.c.obj
                0x08003144                osKernelStart
 .text.osThreadNew
                0x0800317c       0xbe CMakeFiles/BMS_V0.elf.dir/Middlewares/Third_Party/FreeRTOS/Source/CMSIS_RTOS_V2/cmsis_os2.c.obj
                0x0800317c                osThreadNew
 *fill*         0x0800323a        0x2 
 .text.vApplicationGetIdleTaskMemory
                0x0800323c       0x18 CMakeFiles/BMS_V0.elf.dir/Middlewares/Third_Party/FreeRTOS/Source/CMSIS_RTOS_V2/cmsis_os2.c.obj
                0x0800323c                vApplicationGetIdleTaskMemory
 .text.vApplicationGetTimerTaskMemory
                0x08003254       0x18 CMakeFiles/BMS_V0.elf.dir/Middlewares/Third_Party/FreeRTOS/Source/CMSIS_RTOS_V2/cmsis_os2.c.obj
                0x08003254                vApplicationGetTimerTaskMemory
 .text.vListInitialise
                0x0800326c       0x16 CMakeFiles/BMS_V0.elf.dir/Middlewares/Third_Party/FreeRTOS/Source/list.c.obj
                0x0800326c                vListInitialise
 .text.vListInitialiseItem
                0x08003282        0x6 CMakeFiles/BMS_V0.elf.dir/Middlewares/Third_Party/FreeRTOS/Source/list.c.obj
                0x08003282                vListInitialiseItem
 .text.vListInsertEnd
                0x08003288       0x16 CMakeFiles/BMS_V0.elf.dir/Middlewares/Third_Party/FreeRTOS/Source/list.c.obj
                0x08003288                vListInsertEnd
 .text.vListInsert
                0x0800329e       0x32 CMakeFiles/BMS_V0.elf.dir/Middlewares/Third_Party/FreeRTOS/Source/list.c.obj
                0x0800329e                vListInsert
 .text.uxListRemove
                0x080032d0       0x26 CMakeFiles/BMS_V0.elf.dir/Middlewares/Third_Party/FreeRTOS/Source/list.c.obj
                0x080032d0                uxListRemove
 *fill*         0x080032f6        0x2 
 .text.prvTaskExitError
                0x080032f8       0x40 CMakeFiles/BMS_V0.elf.dir/Middlewares/Third_Party/FreeRTOS/Source/portable/GCC/ARM_CM4F/port.c.obj
 .text.prvPortStartFirstTask
                0x08003338       0x28 CMakeFiles/BMS_V0.elf.dir/Middlewares/Third_Party/FreeRTOS/Source/portable/GCC/ARM_CM4F/port.c.obj
 .text.vPortEnableVFP
                0x08003360       0x14 CMakeFiles/BMS_V0.elf.dir/Middlewares/Third_Party/FreeRTOS/Source/portable/GCC/ARM_CM4F/port.c.obj
 .text.pxPortInitialiseStack
                0x08003374       0x2c CMakeFiles/BMS_V0.elf.dir/Middlewares/Third_Party/FreeRTOS/Source/portable/GCC/ARM_CM4F/port.c.obj
                0x08003374                pxPortInitialiseStack
 .text.SVC_Handler
                0x080033a0       0x24 CMakeFiles/BMS_V0.elf.dir/Middlewares/Third_Party/FreeRTOS/Source/portable/GCC/ARM_CM4F/port.c.obj
                0x080033a0                SVC_Handler
 .text.vPortEnterCritical
                0x080033c4       0x44 CMakeFiles/BMS_V0.elf.dir/Middlewares/Third_Party/FreeRTOS/Source/portable/GCC/ARM_CM4F/port.c.obj
                0x080033c4                vPortEnterCritical
 .text.vPortExitCritical
                0x08003408       0x2c CMakeFiles/BMS_V0.elf.dir/Middlewares/Third_Party/FreeRTOS/Source/portable/GCC/ARM_CM4F/port.c.obj
                0x08003408                vPortExitCritical
 *fill*         0x08003434        0xc 
 .text.PendSV_Handler
                0x08003440       0x64 CMakeFiles/BMS_V0.elf.dir/Middlewares/Third_Party/FreeRTOS/Source/portable/GCC/ARM_CM4F/port.c.obj
                0x08003440                PendSV_Handler
 .text.xPortSysTickHandler
                0x080034a4       0x2c CMakeFiles/BMS_V0.elf.dir/Middlewares/Third_Party/FreeRTOS/Source/portable/GCC/ARM_CM4F/port.c.obj
                0x080034a4                xPortSysTickHandler
 .text.vPortSetupTimerInterrupt
                0x080034d0       0x28 CMakeFiles/BMS_V0.elf.dir/Middlewares/Third_Party/FreeRTOS/Source/portable/GCC/ARM_CM4F/port.c.obj
                0x080034d0                vPortSetupTimerInterrupt
 .text.xPortStartScheduler
                0x080034f8      0x118 CMakeFiles/BMS_V0.elf.dir/Middlewares/Third_Party/FreeRTOS/Source/portable/GCC/ARM_CM4F/port.c.obj
                0x080034f8                xPortStartScheduler
 .text.vPortValidateInterruptPriority
                0x08003610       0x5c CMakeFiles/BMS_V0.elf.dir/Middlewares/Third_Party/FreeRTOS/Source/portable/GCC/ARM_CM4F/port.c.obj
                0x08003610                vPortValidateInterruptPriority
 .text.prvHeapInit
                0x0800366c       0x64 CMakeFiles/BMS_V0.elf.dir/Middlewares/Third_Party/FreeRTOS/Source/portable/MemMang/heap_4.c.obj
 .text.prvInsertBlockIntoFreeList
                0x080036d0       0x64 CMakeFiles/BMS_V0.elf.dir/Middlewares/Third_Party/FreeRTOS/Source/portable/MemMang/heap_4.c.obj
 .text.pvPortMalloc
                0x08003734      0x104 CMakeFiles/BMS_V0.elf.dir/Middlewares/Third_Party/FreeRTOS/Source/portable/MemMang/heap_4.c.obj
                0x08003734                pvPortMalloc
 .text.vPortFree
                0x08003838       0x7c CMakeFiles/BMS_V0.elf.dir/Middlewares/Third_Party/FreeRTOS/Source/portable/MemMang/heap_4.c.obj
                0x08003838                vPortFree
 .text.prvIsQueueFull
                0x080038b4       0x1e CMakeFiles/BMS_V0.elf.dir/Middlewares/Third_Party/FreeRTOS/Source/queue.c.obj
 .text.prvIsQueueEmpty
                0x080038d2       0x1a CMakeFiles/BMS_V0.elf.dir/Middlewares/Third_Party/FreeRTOS/Source/queue.c.obj
 .text.prvCopyDataToQueue
                0x080038ec       0x76 CMakeFiles/BMS_V0.elf.dir/Middlewares/Third_Party/FreeRTOS/Source/queue.c.obj
 .text.prvCopyDataFromQueue
                0x08003962       0x24 CMakeFiles/BMS_V0.elf.dir/Middlewares/Third_Party/FreeRTOS/Source/queue.c.obj
 .text.prvUnlockQueue
                0x08003986       0x6e CMakeFiles/BMS_V0.elf.dir/Middlewares/Third_Party/FreeRTOS/Source/queue.c.obj
 .text.xQueueGenericReset
                0x080039f4       0x84 CMakeFiles/BMS_V0.elf.dir/Middlewares/Third_Party/FreeRTOS/Source/queue.c.obj
                0x080039f4                xQueueGenericReset
 .text.prvInitialiseNewQueue
                0x08003a78       0x22 CMakeFiles/BMS_V0.elf.dir/Middlewares/Third_Party/FreeRTOS/Source/queue.c.obj
 .text.xQueueGenericCreateStatic
                0x08003a9a       0x94 CMakeFiles/BMS_V0.elf.dir/Middlewares/Third_Party/FreeRTOS/Source/queue.c.obj
                0x08003a9a                xQueueGenericCreateStatic
 .text.xQueueGenericSend
                0x08003b2e      0x188 CMakeFiles/BMS_V0.elf.dir/Middlewares/Third_Party/FreeRTOS/Source/queue.c.obj
                0x08003b2e                xQueueGenericSend
 .text.xQueueGenericSendFromISR
                0x08003cb6       0xce CMakeFiles/BMS_V0.elf.dir/Middlewares/Third_Party/FreeRTOS/Source/queue.c.obj
                0x08003cb6                xQueueGenericSendFromISR
 .text.xQueueReceive
                0x08003d84      0x15e CMakeFiles/BMS_V0.elf.dir/Middlewares/Third_Party/FreeRTOS/Source/queue.c.obj
                0x08003d84                xQueueReceive
 *fill*         0x08003ee2        0x2 
 .text.vQueueAddToRegistry
                0x08003ee4       0x28 CMakeFiles/BMS_V0.elf.dir/Middlewares/Third_Party/FreeRTOS/Source/queue.c.obj
                0x08003ee4                vQueueAddToRegistry
 .text.vQueueWaitForMessageRestricted
                0x08003f0c       0x52 CMakeFiles/BMS_V0.elf.dir/Middlewares/Third_Party/FreeRTOS/Source/queue.c.obj
                0x08003f0c                vQueueWaitForMessageRestricted
 *fill*         0x08003f5e        0x2 
 .text.prvResetNextTaskUnblockTime
                0x08003f60       0x2c CMakeFiles/BMS_V0.elf.dir/Middlewares/Third_Party/FreeRTOS/Source/tasks.c.obj
 .text.prvInitialiseNewTask
                0x08003f8c      0x104 CMakeFiles/BMS_V0.elf.dir/Middlewares/Third_Party/FreeRTOS/Source/tasks.c.obj
 .text.prvInitialiseTaskLists
                0x08004090       0x68 CMakeFiles/BMS_V0.elf.dir/Middlewares/Third_Party/FreeRTOS/Source/tasks.c.obj
 .text.prvAddNewTaskToReadyList
                0x080040f8       0xac CMakeFiles/BMS_V0.elf.dir/Middlewares/Third_Party/FreeRTOS/Source/tasks.c.obj
 .text.prvDeleteTCB
                0x080041a4       0x40 CMakeFiles/BMS_V0.elf.dir/Middlewares/Third_Party/FreeRTOS/Source/tasks.c.obj
 .text.prvCheckTasksWaitingTermination
                0x080041e4       0x4c CMakeFiles/BMS_V0.elf.dir/Middlewares/Third_Party/FreeRTOS/Source/tasks.c.obj
 .text.prvIdleTask
                0x08004230       0x28 CMakeFiles/BMS_V0.elf.dir/Middlewares/Third_Party/FreeRTOS/Source/tasks.c.obj
 .text.prvAddCurrentTaskToDelayedList
                0x08004258       0x7c CMakeFiles/BMS_V0.elf.dir/Middlewares/Third_Party/FreeRTOS/Source/tasks.c.obj
 .text.xTaskCreateStatic
                0x080042d4       0x7a CMakeFiles/BMS_V0.elf.dir/Middlewares/Third_Party/FreeRTOS/Source/tasks.c.obj
                0x080042d4                xTaskCreateStatic
 .text.xTaskCreate
                0x0800434e       0x66 CMakeFiles/BMS_V0.elf.dir/Middlewares/Third_Party/FreeRTOS/Source/tasks.c.obj
                0x0800434e                xTaskCreate
 .text.vTaskStartScheduler
                0x080043b4       0xac CMakeFiles/BMS_V0.elf.dir/Middlewares/Third_Party/FreeRTOS/Source/tasks.c.obj
                0x080043b4                vTaskStartScheduler
 .text.vTaskSuspendAll
                0x08004460       0x10 CMakeFiles/BMS_V0.elf.dir/Middlewares/Third_Party/FreeRTOS/Source/tasks.c.obj
                0x08004460                vTaskSuspendAll
 .text.xTaskGetTickCount
                0x08004470        0xc CMakeFiles/BMS_V0.elf.dir/Middlewares/Third_Party/FreeRTOS/Source/tasks.c.obj
                0x08004470                xTaskGetTickCount
 .text.xTaskIncrementTick
                0x0800447c      0x118 CMakeFiles/BMS_V0.elf.dir/Middlewares/Third_Party/FreeRTOS/Source/tasks.c.obj
                0x0800447c                xTaskIncrementTick
 .text.xTaskResumeAll
                0x08004594       0xf8 CMakeFiles/BMS_V0.elf.dir/Middlewares/Third_Party/FreeRTOS/Source/tasks.c.obj
                0x08004594                xTaskResumeAll
 .text.vTaskDelay
                0x0800468c       0x4c CMakeFiles/BMS_V0.elf.dir/Middlewares/Third_Party/FreeRTOS/Source/tasks.c.obj
                0x0800468c                vTaskDelay
 .text.vTaskSwitchContext
                0x080046d8       0xa4 CMakeFiles/BMS_V0.elf.dir/Middlewares/Third_Party/FreeRTOS/Source/tasks.c.obj
                0x080046d8                vTaskSwitchContext
 .text.vTaskPlaceOnEventList
                0x0800477c       0x30 CMakeFiles/BMS_V0.elf.dir/Middlewares/Third_Party/FreeRTOS/Source/tasks.c.obj
                0x0800477c                vTaskPlaceOnEventList
 .text.vTaskPlaceOnEventListRestricted
                0x080047ac       0x38 CMakeFiles/BMS_V0.elf.dir/Middlewares/Third_Party/FreeRTOS/Source/tasks.c.obj
                0x080047ac                vTaskPlaceOnEventListRestricted
 .text.xTaskRemoveFromEventList
                0x080047e4       0x8c CMakeFiles/BMS_V0.elf.dir/Middlewares/Third_Party/FreeRTOS/Source/tasks.c.obj
                0x080047e4                xTaskRemoveFromEventList
 .text.vTaskInternalSetTimeOutState
                0x08004870       0x18 CMakeFiles/BMS_V0.elf.dir/Middlewares/Third_Party/FreeRTOS/Source/tasks.c.obj
                0x08004870                vTaskInternalSetTimeOutState
 .text.xTaskCheckForTimeOut
                0x08004888       0x84 CMakeFiles/BMS_V0.elf.dir/Middlewares/Third_Party/FreeRTOS/Source/tasks.c.obj
                0x08004888                xTaskCheckForTimeOut
 .text.vTaskMissedYield
                0x0800490c        0xc CMakeFiles/BMS_V0.elf.dir/Middlewares/Third_Party/FreeRTOS/Source/tasks.c.obj
                0x0800490c                vTaskMissedYield
 .text.xTaskGetSchedulerState
                0x08004918       0x20 CMakeFiles/BMS_V0.elf.dir/Middlewares/Third_Party/FreeRTOS/Source/tasks.c.obj
                0x08004918                xTaskGetSchedulerState
 .text.xTaskPriorityDisinherit
                0x08004938       0x90 CMakeFiles/BMS_V0.elf.dir/Middlewares/Third_Party/FreeRTOS/Source/tasks.c.obj
                0x08004938                xTaskPriorityDisinherit
 .text.prvGetNextExpireTime
                0x080049c8       0x20 CMakeFiles/BMS_V0.elf.dir/Middlewares/Third_Party/FreeRTOS/Source/timers.c.obj
 .text.prvInsertTimerInActiveList
                0x080049e8       0x48 CMakeFiles/BMS_V0.elf.dir/Middlewares/Third_Party/FreeRTOS/Source/timers.c.obj
 .text.prvCheckForValidListAndQueue
                0x08004a30       0x70 CMakeFiles/BMS_V0.elf.dir/Middlewares/Third_Party/FreeRTOS/Source/timers.c.obj
 .text.xTimerCreateTimerTask
                0x08004aa0       0x64 CMakeFiles/BMS_V0.elf.dir/Middlewares/Third_Party/FreeRTOS/Source/timers.c.obj
                0x08004aa0                xTimerCreateTimerTask
 .text.xTimerGenericCommand
                0x08004b04       0x6c CMakeFiles/BMS_V0.elf.dir/Middlewares/Third_Party/FreeRTOS/Source/timers.c.obj
                0x08004b04                xTimerGenericCommand
 .text.prvSwitchTimerLists
                0x08004b70       0x7c CMakeFiles/BMS_V0.elf.dir/Middlewares/Third_Party/FreeRTOS/Source/timers.c.obj
 .text.prvSampleTimeNow
                0x08004bec       0x2c CMakeFiles/BMS_V0.elf.dir/Middlewares/Third_Party/FreeRTOS/Source/timers.c.obj
 .text.prvProcessExpiredTimer
                0x08004c18       0x6c CMakeFiles/BMS_V0.elf.dir/Middlewares/Third_Party/FreeRTOS/Source/timers.c.obj
 .text.prvProcessTimerOrBlockTask
                0x08004c84       0x74 CMakeFiles/BMS_V0.elf.dir/Middlewares/Third_Party/FreeRTOS/Source/timers.c.obj
 .text.prvProcessReceivedCommands
                0x08004cf8      0x10c CMakeFiles/BMS_V0.elf.dir/Middlewares/Third_Party/FreeRTOS/Source/timers.c.obj
 .text.prvTimerTask
                0x08004e04       0x16 CMakeFiles/BMS_V0.elf.dir/Middlewares/Third_Party/FreeRTOS/Source/timers.c.obj
 .text.Task_Balance
                0x08004e1a       0x14 CMakeFiles/BMS_V0.elf.dir/Tasks/task_balance.c.obj
                0x08004e1a                Task_Balance
 .text.Task_BMS_Main
                0x08004e2e       0x12 CMakeFiles/BMS_V0.elf.dir/Tasks/task_bms_main.c.obj
                0x08004e2e                Task_BMS_Main
 .text.Task_CAN_Rx
                0x08004e40        0x2 CMakeFiles/BMS_V0.elf.dir/Tasks/task_can_rx.c.obj
                0x08004e40                Task_CAN_Rx
 .text.Task_CAN_Tx
                0x08004e42        0x2 CMakeFiles/BMS_V0.elf.dir/Tasks/task_can_tx.c.obj
                0x08004e42                Task_CAN_Tx
 .text.Task_Data_Acquisition
                0x08004e44       0x98 CMakeFiles/BMS_V0.elf.dir/Tasks/task_data_acq.c.obj
                0x08004e44                Task_Data_Acquisition
 .text.__udivmoddi4
                0x08004edc      0x2bc c:/progra~2/armgnu~1/125863~1.3re/bin/../lib/gcc/arm-none-eabi/12.3.1/thumb/v7e-m+fp/hard\libgcc.a(_udivmoddi4.o)
                0x08004edc                __udivmoddi4
 .text.stdio_exit_handler
                0x08005198       0x18 c:/progra~2/armgnu~1/125863~1.3re/bin/../lib/gcc/arm-none-eabi/12.3.1/thumb/v7e-m+fp/hard\libg.a(libc_a-findfp.o)
 .text.cleanup_stdio
                0x080051b0       0x40 c:/progra~2/armgnu~1/125863~1.3re/bin/../lib/gcc/arm-none-eabi/12.3.1/thumb/v7e-m+fp/hard\libg.a(libc_a-findfp.o)
 .text.global_stdio_init.part.0
                0x080051f0       0xf0 c:/progra~2/armgnu~1/125863~1.3re/bin/../lib/gcc/arm-none-eabi/12.3.1/thumb/v7e-m+fp/hard\libg.a(libc_a-findfp.o)
 .text.__sinit  0x080052e0       0x3c c:/progra~2/armgnu~1/125863~1.3re/bin/../lib/gcc/arm-none-eabi/12.3.1/thumb/v7e-m+fp/hard\libg.a(libc_a-findfp.o)
                0x080052e0                __sinit
 .text.__sfp_lock_acquire
                0x0800531c        0xc c:/progra~2/armgnu~1/125863~1.3re/bin/../lib/gcc/arm-none-eabi/12.3.1/thumb/v7e-m+fp/hard\libg.a(libc_a-findfp.o)
                0x0800531c                __sfp_lock_acquire
 .text.__sfp_lock_release
                0x08005328        0xc c:/progra~2/armgnu~1/125863~1.3re/bin/../lib/gcc/arm-none-eabi/12.3.1/thumb/v7e-m+fp/hard\libg.a(libc_a-findfp.o)
                0x08005328                __sfp_lock_release
 .text._fwalk_sglue
                0x08005334       0x48 c:/progra~2/armgnu~1/125863~1.3re/bin/../lib/gcc/arm-none-eabi/12.3.1/thumb/v7e-m+fp/hard\libg.a(libc_a-fwalk.o)
                0x08005334                _fwalk_sglue
 .text.snprintf
                0x0800537c       0x88 c:/progra~2/armgnu~1/125863~1.3re/bin/../lib/gcc/arm-none-eabi/12.3.1/thumb/v7e-m+fp/hard\libg.a(libc_a-snprintf.o)
                0x0800537c                snprintf
 .text.__sread  0x08005404       0x24 c:/progra~2/armgnu~1/125863~1.3re/bin/../lib/gcc/arm-none-eabi/12.3.1/thumb/v7e-m+fp/hard\libg.a(libc_a-stdio.o)
                0x08005404                __sread
 .text.__swrite
                0x08005428       0x40 c:/progra~2/armgnu~1/125863~1.3re/bin/../lib/gcc/arm-none-eabi/12.3.1/thumb/v7e-m+fp/hard\libg.a(libc_a-stdio.o)
                0x08005428                __swrite
 .text.__sseek  0x08005468       0x24 c:/progra~2/armgnu~1/125863~1.3re/bin/../lib/gcc/arm-none-eabi/12.3.1/thumb/v7e-m+fp/hard\libg.a(libc_a-stdio.o)
                0x08005468                __sseek
 .text.__sclose
                0x0800548c        0x8 c:/progra~2/armgnu~1/125863~1.3re/bin/../lib/gcc/arm-none-eabi/12.3.1/thumb/v7e-m+fp/hard\libg.a(libc_a-stdio.o)
                0x0800548c                __sclose
 .text.memset   0x08005494       0xa4 c:/progra~2/armgnu~1/125863~1.3re/bin/../lib/gcc/arm-none-eabi/12.3.1/thumb/v7e-m+fp/hard\libg.a(libc_a-memset.o)
                0x08005494                memset
 .text._close_r
                0x08005538       0x24 c:/progra~2/armgnu~1/125863~1.3re/bin/../lib/gcc/arm-none-eabi/12.3.1/thumb/v7e-m+fp/hard\libg.a(libc_a-closer.o)
                0x08005538                _close_r
 .text._reclaim_reent
                0x0800555c       0x5c c:/progra~2/armgnu~1/125863~1.3re/bin/../lib/gcc/arm-none-eabi/12.3.1/thumb/v7e-m+fp/hard\libg.a(libc_a-reent.o)
                0x0800555c                _reclaim_reent
 .text._lseek_r
                0x080055b8       0x2c c:/progra~2/armgnu~1/125863~1.3re/bin/../lib/gcc/arm-none-eabi/12.3.1/thumb/v7e-m+fp/hard\libg.a(libc_a-lseekr.o)
                0x080055b8                _lseek_r
 .text._read_r  0x080055e4       0x2c c:/progra~2/armgnu~1/125863~1.3re/bin/../lib/gcc/arm-none-eabi/12.3.1/thumb/v7e-m+fp/hard\libg.a(libc_a-readr.o)
                0x080055e4                _read_r
 .text._write_r
                0x08005610       0x2c c:/progra~2/armgnu~1/125863~1.3re/bin/../lib/gcc/arm-none-eabi/12.3.1/thumb/v7e-m+fp/hard\libg.a(libc_a-writer.o)
                0x08005610                _write_r
 .text.__errno  0x0800563c        0xc c:/progra~2/armgnu~1/125863~1.3re/bin/../lib/gcc/arm-none-eabi/12.3.1/thumb/v7e-m+fp/hard\libg.a(libc_a-errno.o)
                0x0800563c                __errno
 .text.__libc_init_array
                0x08005648       0x50 c:/progra~2/armgnu~1/125863~1.3re/bin/../lib/gcc/arm-none-eabi/12.3.1/thumb/v7e-m+fp/hard\libg.a(libc_a-init.o)
                0x08005648                __libc_init_array
 .text.__retarget_lock_init_recursive
                0x08005698        0x4 c:/progra~2/armgnu~1/125863~1.3re/bin/../lib/gcc/arm-none-eabi/12.3.1/thumb/v7e-m+fp/hard\libg.a(libc_a-lock.o)
                0x08005698                __retarget_lock_init_recursive
 .text.__retarget_lock_close_recursive
                0x0800569c        0x4 c:/progra~2/armgnu~1/125863~1.3re/bin/../lib/gcc/arm-none-eabi/12.3.1/thumb/v7e-m+fp/hard\libg.a(libc_a-lock.o)
                0x0800569c                __retarget_lock_close_recursive
 .text.__retarget_lock_acquire_recursive
                0x080056a0        0x4 c:/progra~2/armgnu~1/125863~1.3re/bin/../lib/gcc/arm-none-eabi/12.3.1/thumb/v7e-m+fp/hard\libg.a(libc_a-lock.o)
                0x080056a0                __retarget_lock_acquire_recursive
 .text.__retarget_lock_release_recursive
                0x080056a4        0x4 c:/progra~2/armgnu~1/125863~1.3re/bin/../lib/gcc/arm-none-eabi/12.3.1/thumb/v7e-m+fp/hard\libg.a(libc_a-lock.o)
                0x080056a4                __retarget_lock_release_recursive
 .text.startup.register_fini
                0x080056a8       0x14 c:/progra~2/armgnu~1/125863~1.3re/bin/../lib/gcc/arm-none-eabi/12.3.1/thumb/v7e-m+fp/hard\libg.a(libc_a-__call_atexit.o)
 .text.atexit   0x080056bc        0xc c:/progra~2/armgnu~1/125863~1.3re/bin/../lib/gcc/arm-none-eabi/12.3.1/thumb/v7e-m+fp/hard\libg.a(libc_a-atexit.o)
                0x080056bc                atexit
 .text._malloc_trim_r
                0x080056c8       0xb8 c:/progra~2/armgnu~1/125863~1.3re/bin/../lib/gcc/arm-none-eabi/12.3.1/thumb/v7e-m+fp/hard\libg.a(libc_a-freer.o)
                0x080056c8                _malloc_trim_r
 .text._free_r  0x08005780      0x1fc c:/progra~2/armgnu~1/125863~1.3re/bin/../lib/gcc/arm-none-eabi/12.3.1/thumb/v7e-m+fp/hard\libg.a(libc_a-freer.o)
                0x08005780                _free_r
 .text._malloc_r
                0x0800597c      0x574 c:/progra~2/armgnu~1/125863~1.3re/bin/../lib/gcc/arm-none-eabi/12.3.1/thumb/v7e-m+fp/hard\libg.a(libc_a-mallocr.o)
                0x0800597c                _malloc_r
 .text.__malloc_lock
                0x08005ef0        0xc c:/progra~2/armgnu~1/125863~1.3re/bin/../lib/gcc/arm-none-eabi/12.3.1/thumb/v7e-m+fp/hard\libg.a(libc_a-mlock.o)
                0x08005ef0                __malloc_lock
 .text.__malloc_unlock
                0x08005efc        0xc c:/progra~2/armgnu~1/125863~1.3re/bin/../lib/gcc/arm-none-eabi/12.3.1/thumb/v7e-m+fp/hard\libg.a(libc_a-mlock.o)
                0x08005efc                __malloc_unlock
 .text._svfprintf_r
                0x08005f08     0x1bc0 c:/progra~2/armgnu~1/125863~1.3re/bin/../lib/gcc/arm-none-eabi/12.3.1/thumb/v7e-m+fp/hard\libg.a(libc_a-svfprintf.o)
                0x08005f08                _svfprintf_r
 .text._fclose_r
                0x08007ac8       0xc0 c:/progra~2/armgnu~1/125863~1.3re/bin/../lib/gcc/arm-none-eabi/12.3.1/thumb/v7e-m+fp/hard\libg.a(libc_a-fclose.o)
                0x08007ac8                _fclose_r
 .text.__sflush_r
                0x08007b88      0x138 c:/progra~2/armgnu~1/125863~1.3re/bin/../lib/gcc/arm-none-eabi/12.3.1/thumb/v7e-m+fp/hard\libg.a(libc_a-fflush.o)
                0x08007b88                __sflush_r
 .text._fflush_r
                0x08007cc0       0x54 c:/progra~2/armgnu~1/125863~1.3re/bin/../lib/gcc/arm-none-eabi/12.3.1/thumb/v7e-m+fp/hard\libg.a(libc_a-fflush.o)
                0x08007cc0                _fflush_r
 .text.strncpy  0x08007d14       0x68 c:/progra~2/armgnu~1/125863~1.3re/bin/../lib/gcc/arm-none-eabi/12.3.1/thumb/v7e-m+fp/hard\libg.a(libc_a-strncpy.o)
                0x08007d14                strncpy
 .text.__locale_mb_cur_max
                0x08007d7c        0xc c:/progra~2/armgnu~1/125863~1.3re/bin/../lib/gcc/arm-none-eabi/12.3.1/thumb/v7e-m+fp/hard\libg.a(libc_a-locale.o)
                0x08007d7c                __locale_mb_cur_max
 .text._localeconv_r
                0x08007d88        0x8 c:/progra~2/armgnu~1/125863~1.3re/bin/../lib/gcc/arm-none-eabi/12.3.1/thumb/v7e-m+fp/hard\libg.a(libc_a-localeconv.o)
                0x08007d88                _localeconv_r
 .text._sbrk_r  0x08007d90       0x24 c:/progra~2/armgnu~1/125863~1.3re/bin/../lib/gcc/arm-none-eabi/12.3.1/thumb/v7e-m+fp/hard\libg.a(libc_a-sbrkr.o)
                0x08007d90                _sbrk_r
 .text.__libc_fini_array
                0x08007db4       0x28 c:/progra~2/armgnu~1/125863~1.3re/bin/../lib/gcc/arm-none-eabi/12.3.1/thumb/v7e-m+fp/hard\libg.a(libc_a-fini.o)
                0x08007db4                __libc_fini_array
 .text.sysconf  0x08007ddc       0x1c c:/progra~2/armgnu~1/125863~1.3re/bin/../lib/gcc/arm-none-eabi/12.3.1/thumb/v7e-m+fp/hard\libg.a(libc_a-sysconf.o)
                0x08007ddc                sysconf
 .text.frexp    0x08007df8       0x68 c:/progra~2/armgnu~1/125863~1.3re/bin/../lib/gcc/arm-none-eabi/12.3.1/thumb/v7e-m+fp/hard\libg.a(libm_a-s_frexp.o)
                0x08007df8                frexp
 .text.__register_exitproc
                0x08007e60       0x80 c:/progra~2/armgnu~1/125863~1.3re/bin/../lib/gcc/arm-none-eabi/12.3.1/thumb/v7e-m+fp/hard\libg.a(libc_a-__atexit.o)
                0x08007e60                __register_exitproc
 .text.quorem   0x08007ee0      0x12c c:/progra~2/armgnu~1/125863~1.3re/bin/../lib/gcc/arm-none-eabi/12.3.1/thumb/v7e-m+fp/hard\libg.a(libc_a-dtoa.o)
 *fill*         0x0800800c        0x4 
 .text._dtoa_r  0x08008010      0xe4c c:/progra~2/armgnu~1/125863~1.3re/bin/../lib/gcc/arm-none-eabi/12.3.1/thumb/v7e-m+fp/hard\libg.a(libc_a-dtoa.o)
                0x08008010                _dtoa_r
 .text.__ascii_mbtowc
                0x08008e5c       0x2c c:/progra~2/armgnu~1/125863~1.3re/bin/../lib/gcc/arm-none-eabi/12.3.1/thumb/v7e-m+fp/hard\libg.a(libc_a-mbtowc_r.o)
                0x08008e5c                __ascii_mbtowc
 .text._Balloc  0x08008e88       0x4c c:/progra~2/armgnu~1/125863~1.3re/bin/../lib/gcc/arm-none-eabi/12.3.1/thumb/v7e-m+fp/hard\libg.a(libc_a-mprec.o)
                0x08008e88                _Balloc
 .text._Bfree   0x08008ed4       0x14 c:/progra~2/armgnu~1/125863~1.3re/bin/../lib/gcc/arm-none-eabi/12.3.1/thumb/v7e-m+fp/hard\libg.a(libc_a-mprec.o)
                0x08008ed4                _Bfree
 .text.__multadd
                0x08008ee8       0xa0 c:/progra~2/armgnu~1/125863~1.3re/bin/../lib/gcc/arm-none-eabi/12.3.1/thumb/v7e-m+fp/hard\libg.a(libc_a-mprec.o)
                0x08008ee8                __multadd
 .text.__hi0bits
                0x08008f88       0x44 c:/progra~2/armgnu~1/125863~1.3re/bin/../lib/gcc/arm-none-eabi/12.3.1/thumb/v7e-m+fp/hard\libg.a(libc_a-mprec.o)
                0x08008f88                __hi0bits
 .text.__lo0bits
                0x08008fcc       0x60 c:/progra~2/armgnu~1/125863~1.3re/bin/../lib/gcc/arm-none-eabi/12.3.1/thumb/v7e-m+fp/hard\libg.a(libc_a-mprec.o)
                0x08008fcc                __lo0bits
 .text.__i2b    0x0800902c       0x5c c:/progra~2/armgnu~1/125863~1.3re/bin/../lib/gcc/arm-none-eabi/12.3.1/thumb/v7e-m+fp/hard\libg.a(libc_a-mprec.o)
                0x0800902c                __i2b
 .text.__multiply
                0x08009088      0x16c c:/progra~2/armgnu~1/125863~1.3re/bin/../lib/gcc/arm-none-eabi/12.3.1/thumb/v7e-m+fp/hard\libg.a(libc_a-mprec.o)
                0x08009088                __multiply
 .text.__pow5mult
                0x080091f4       0xb4 c:/progra~2/armgnu~1/125863~1.3re/bin/../lib/gcc/arm-none-eabi/12.3.1/thumb/v7e-m+fp/hard\libg.a(libc_a-mprec.o)
                0x080091f4                __pow5mult
 .text.__lshift
                0x080092a8       0xf0 c:/progra~2/armgnu~1/125863~1.3re/bin/../lib/gcc/arm-none-eabi/12.3.1/thumb/v7e-m+fp/hard\libg.a(libc_a-mprec.o)
                0x080092a8                __lshift
 .text.__mcmp   0x08009398       0x44 c:/progra~2/armgnu~1/125863~1.3re/bin/../lib/gcc/arm-none-eabi/12.3.1/thumb/v7e-m+fp/hard\libg.a(libc_a-mprec.o)
                0x08009398                __mcmp
 .text.__mdiff  0x080093dc      0x164 c:/progra~2/armgnu~1/125863~1.3re/bin/../lib/gcc/arm-none-eabi/12.3.1/thumb/v7e-m+fp/hard\libg.a(libc_a-mprec.o)
                0x080093dc                __mdiff
 .text.__d2b    0x08009540       0xc0 c:/progra~2/armgnu~1/125863~1.3re/bin/../lib/gcc/arm-none-eabi/12.3.1/thumb/v7e-m+fp/hard\libg.a(libc_a-mprec.o)
                0x08009540                __d2b
 .text.__ascii_wctomb
                0x08009600       0x1c c:/progra~2/armgnu~1/125863~1.3re/bin/../lib/gcc/arm-none-eabi/12.3.1/thumb/v7e-m+fp/hard\libg.a(libc_a-wctomb_r.o)
                0x08009600                __ascii_wctomb
 .text._wcrtomb_r
                0x0800961c       0x4c c:/progra~2/armgnu~1/125863~1.3re/bin/../lib/gcc/arm-none-eabi/12.3.1/thumb/v7e-m+fp/hard\libg.a(libc_a-wcrtomb.o)
                0x0800961c                _wcrtomb_r
 .text._wcsrtombs_r
                0x08009668       0x18 c:/progra~2/armgnu~1/125863~1.3re/bin/../lib/gcc/arm-none-eabi/12.3.1/thumb/v7e-m+fp/hard\libg.a(libc_a-wcsrtombs.o)
                0x08009668                _wcsrtombs_r
 .text.__ssprint_r
                0x08009680      0x108 c:/progra~2/armgnu~1/125863~1.3re/bin/../lib/gcc/arm-none-eabi/12.3.1/thumb/v7e-m+fp/hard\libg.a(libc_a-svfiprintf.o)
                0x08009680                __ssprint_r
 .text.memmove  0x08009788      0x100 c:/progra~2/armgnu~1/125863~1.3re/bin/../lib/gcc/arm-none-eabi/12.3.1/thumb/v7e-m+fp/hard\libg.a(libc_a-memmove.o)
                0x08009788                memmove
 .text.__assert_func
                0x08009888       0x40 c:/progra~2/armgnu~1/125863~1.3re/bin/../lib/gcc/arm-none-eabi/12.3.1/thumb/v7e-m+fp/hard\libg.a(libc_a-assert.o)
                0x08009888                __assert_func
 .text._calloc_r
                0x080098c8       0x6c c:/progra~2/armgnu~1/125863~1.3re/bin/../lib/gcc/arm-none-eabi/12.3.1/thumb/v7e-m+fp/hard\libg.a(libc_a-callocr.o)
                0x080098c8                _calloc_r
 .text._realloc_r
                0x08009934      0x344 c:/progra~2/armgnu~1/125863~1.3re/bin/../lib/gcc/arm-none-eabi/12.3.1/thumb/v7e-m+fp/hard\libg.a(libc_a-reallocr.o)
                0x08009934                _realloc_r
 .text._wcsnrtombs_l
                0x08009c78       0xfc c:/progra~2/armgnu~1/125863~1.3re/bin/../lib/gcc/arm-none-eabi/12.3.1/thumb/v7e-m+fp/hard\libg.a(libc_a-wcsnrtombs.o)
                0x08009c78                _wcsnrtombs_l
 .text._wcsnrtombs_r
                0x08009d74       0x24 c:/progra~2/armgnu~1/125863~1.3re/bin/../lib/gcc/arm-none-eabi/12.3.1/thumb/v7e-m+fp/hard\libg.a(libc_a-wcsnrtombs.o)
                0x08009d74                _wcsnrtombs_r
 .text.fiprintf
                0x08009d98       0x28 c:/progra~2/armgnu~1/125863~1.3re/bin/../lib/gcc/arm-none-eabi/12.3.1/thumb/v7e-m+fp/hard\libg.a(libc_a-fiprintf.o)
                0x08009d98                fiprintf
 .text.__sprint_r.part.0
                0x08009dc0       0x78 c:/progra~2/armgnu~1/125863~1.3re/bin/../lib/gcc/arm-none-eabi/12.3.1/thumb/v7e-m+fp/hard\libg.a(libc_a-vfiprintf.o)
 .text._vfiprintf_r
                0x08009e38      0xfa8 c:/progra~2/armgnu~1/125863~1.3re/bin/../lib/gcc/arm-none-eabi/12.3.1/thumb/v7e-m+fp/hard\libg.a(libc_a-vfiprintf.o)
                0x08009e38                _vfiprintf_r
 .text.__sbprintf
                0x0800ade0       0x80 c:/progra~2/armgnu~1/125863~1.3re/bin/../lib/gcc/arm-none-eabi/12.3.1/thumb/v7e-m+fp/hard\libg.a(libc_a-vfiprintf.o)
 .text.__sfvwrite_r
                0x0800ae60      0x300 c:/progra~2/armgnu~1/125863~1.3re/bin/../lib/gcc/arm-none-eabi/12.3.1/thumb/v7e-m+fp/hard\libg.a(libc_a-fvwrite.o)
                0x0800ae60                __sfvwrite_r
 .text.__swsetup_r
                0x0800b160       0xc0 c:/progra~2/armgnu~1/125863~1.3re/bin/../lib/gcc/arm-none-eabi/12.3.1/thumb/v7e-m+fp/hard\libg.a(libc_a-wsetup.o)
                0x0800b160                __swsetup_r
 .text.__fputwc
                0x0800b220       0x7c c:/progra~2/armgnu~1/125863~1.3re/bin/../lib/gcc/arm-none-eabi/12.3.1/thumb/v7e-m+fp/hard\libg.a(libc_a-fputwc.o)
                0x0800b220                __fputwc
 .text._fputwc_r
                0x0800b29c       0x60 c:/progra~2/armgnu~1/125863~1.3re/bin/../lib/gcc/arm-none-eabi/12.3.1/thumb/v7e-m+fp/hard\libg.a(libc_a-fputwc.o)
                0x0800b29c                _fputwc_r
 .text.abort    0x0800b2fc       0x10 c:/progra~2/armgnu~1/125863~1.3re/bin/../lib/gcc/arm-none-eabi/12.3.1/thumb/v7e-m+fp/hard\libg.a(libc_a-abort.o)
                0x0800b2fc                abort
 .text.__smakebuf_r
                0x0800b30c       0xdc c:/progra~2/armgnu~1/125863~1.3re/bin/../lib/gcc/arm-none-eabi/12.3.1/thumb/v7e-m+fp/hard\libg.a(libc_a-makebuf.o)
                0x0800b30c                __smakebuf_r
 .text.__swbuf_r
                0x0800b3e8       0xac c:/progra~2/armgnu~1/125863~1.3re/bin/../lib/gcc/arm-none-eabi/12.3.1/thumb/v7e-m+fp/hard\libg.a(libc_a-wbuf.o)
                0x0800b3e8                __swbuf_r
 .text.raise    0x0800b494       0x58 c:/progra~2/armgnu~1/125863~1.3re/bin/../lib/gcc/arm-none-eabi/12.3.1/thumb/v7e-m+fp/hard\libg.a(libc_a-signal.o)
                0x0800b494                raise
 .text._fstat_r
                0x0800b4ec       0x2c c:/progra~2/armgnu~1/125863~1.3re/bin/../lib/gcc/arm-none-eabi/12.3.1/thumb/v7e-m+fp/hard\libg.a(libc_a-fstatr.o)
                0x0800b4ec                _fstat_r
 .text._isatty_r
                0x0800b518       0x24 c:/progra~2/armgnu~1/125863~1.3re/bin/../lib/gcc/arm-none-eabi/12.3.1/thumb/v7e-m+fp/hard\libg.a(libc_a-isattyr.o)
                0x0800b518                _isatty_r
 .text._kill_r  0x0800b53c       0x2c c:/progra~2/armgnu~1/125863~1.3re/bin/../lib/gcc/arm-none-eabi/12.3.1/thumb/v7e-m+fp/hard\libg.a(libc_a-signalr.o)
                0x0800b53c                _kill_r
 .text._getpid_r
                0x0800b568        0x4 c:/progra~2/armgnu~1/125863~1.3re/bin/../lib/gcc/arm-none-eabi/12.3.1/thumb/v7e-m+fp/hard\libg.a(libc_a-signalr.o)
                0x0800b568                _getpid_r
 *(.glue_7)
 .glue_7        0x0800b56c        0x0 linker stubs
 *(.glue_7t)
 .glue_7t       0x0800b56c        0x0 linker stubs
 *(.eh_frame)
 .eh_frame      0x0800b56c        0x0 c:/progra~2/armgnu~1/125863~1.3re/bin/../lib/gcc/arm-none-eabi/12.3.1/thumb/v7e-m+fp/hard/crtbegin.o
 *(.init)
 .init          0x0800b56c        0x4 c:/progra~2/armgnu~1/125863~1.3re/bin/../lib/gcc/arm-none-eabi/12.3.1/thumb/v7e-m+fp/hard/crti.o
                0x0800b56c                _init
 .init          0x0800b570        0x8 c:/progra~2/armgnu~1/125863~1.3re/bin/../lib/gcc/arm-none-eabi/12.3.1/thumb/v7e-m+fp/hard/crtn.o
 *(.fini)
 .fini          0x0800b578        0x4 c:/progra~2/armgnu~1/125863~1.3re/bin/../lib/gcc/arm-none-eabi/12.3.1/thumb/v7e-m+fp/hard/crti.o
                0x0800b578                _fini
 .fini          0x0800b57c        0x8 c:/progra~2/armgnu~1/125863~1.3re/bin/../lib/gcc/arm-none-eabi/12.3.1/thumb/v7e-m+fp/hard/crtn.o
                0x0800b584                        . = ALIGN (0x4)
                0x0800b584                        _etext = .

.vfp11_veneer   0x0800b584        0x0
 .vfp11_veneer  0x0800b584        0x0 linker stubs

.v4_bx          0x0800b584        0x0
 .v4_bx         0x0800b584        0x0 linker stubs

.iplt           0x0800b584        0x0
 .iplt          0x0800b584        0x0 c:/progra~2/armgnu~1/125863~1.3re/bin/../lib/gcc/arm-none-eabi/12.3.1/thumb/v7e-m+fp/hard/crtbegin.o

.rodata         0x0800b588      0x7f4
                0x0800b588                        . = ALIGN (0x4)
 *(.rodata)
 *(.rodata*)
 .rodata.Cell_Balance_Init.str1.4
                0x0800b588       0x1c CMakeFiles/BMS_V0.elf.dir/App/Balancing/cell_balance.c.obj
 .rodata.Cell_Balance_Set.str1.4
                0x0800b5a4       0x3f CMakeFiles/BMS_V0.elf.dir/App/Balancing/cell_balance.c.obj
 *fill*         0x0800b5e3        0x1 
 .rodata.balancePins
                0x0800b5e4        0x8 CMakeFiles/BMS_V0.elf.dir/App/Balancing/cell_balance.c.obj
 .rodata.diag_Log.str1.4
                0x0800b5ec       0x2f CMakeFiles/BMS_V0.elf.dir/App/Diagnostics/diag.c.obj
 *fill*         0x0800b61b        0x1 
 .rodata.SOC_Init.str1.4
                0x0800b61c       0x17 CMakeFiles/BMS_V0.elf.dir/App/SOC/soc.c.obj
 *fill*         0x0800b633        0x1 
 .rodata.SOC_Update.str1.4
                0x0800b634       0x14 CMakeFiles/BMS_V0.elf.dir/App/SOC/soc.c.obj
 .rodata.SOH_Init.str1.4
                0x0800b648       0x17 CMakeFiles/BMS_V0.elf.dir/App/SOH/soh.c.obj
 *fill*         0x0800b65f        0x1 
 .rodata.SOH_Update.str1.4
                0x0800b660       0x14 CMakeFiles/BMS_V0.elf.dir/App/SOH/soh.c.obj
 .rodata.HandleIdleState.str1.4
                0x0800b674       0x25 CMakeFiles/BMS_V0.elf.dir/App/StateMachine/bms_state.c.obj
 *fill*         0x0800b699        0x3 
 .rodata.HandleFaultState.str1.4
                0x0800b69c       0x28 CMakeFiles/BMS_V0.elf.dir/App/StateMachine/bms_state.c.obj
 .rodata.HandleShutdownState.str1.4
                0x0800b6c4       0x29 CMakeFiles/BMS_V0.elf.dir/App/StateMachine/bms_state.c.obj
 *fill*         0x0800b6ed        0x3 
 .rodata.HandleInitState.str1.4
                0x0800b6f0       0x21 CMakeFiles/BMS_V0.elf.dir/App/StateMachine/bms_state.c.obj
 *fill*         0x0800b711        0x3 
 .rodata.HandleActiveState.str1.4
                0x0800b714       0x99 CMakeFiles/BMS_V0.elf.dir/App/StateMachine/bms_state.c.obj
 *fill*         0x0800b7ad        0x3 
 .rodata.BMS_StateMachine_Init.str1.4
                0x0800b7b0       0x2a CMakeFiles/BMS_V0.elf.dir/App/StateMachine/bms_state.c.obj
 *fill*         0x0800b7da        0x2 
 .rodata.BMS_StateMachine_Update.str1.4
                0x0800b7dc       0x22 CMakeFiles/BMS_V0.elf.dir/App/StateMachine/bms_state.c.obj
 *fill*         0x0800b7fe        0x2 
 .rodata.str1.4
                0x0800b800       0x4e CMakeFiles/BMS_V0.elf.dir/Core/Src/main.c.obj
 *fill*         0x0800b84e        0x2 
 .rodata.Task_Balance_attributes
                0x0800b850       0x24 CMakeFiles/BMS_V0.elf.dir/Core/Src/main.c.obj
                0x0800b850                Task_Balance_attributes
 .rodata.Task_CAN_Rx_attributes
                0x0800b874       0x24 CMakeFiles/BMS_V0.elf.dir/Core/Src/main.c.obj
                0x0800b874                Task_CAN_Rx_attributes
 .rodata.Task_CAN_Tx_attributes
                0x0800b898       0x24 CMakeFiles/BMS_V0.elf.dir/Core/Src/main.c.obj
                0x0800b898                Task_CAN_Tx_attributes
 .rodata.Task_Data_Acquisition_attributes
                0x0800b8bc       0x24 CMakeFiles/BMS_V0.elf.dir/Core/Src/main.c.obj
                0x0800b8bc                Task_Data_Acquisition_attributes
 .rodata.Task_BMS_Main_attributes
                0x0800b8e0       0x24 CMakeFiles/BMS_V0.elf.dir/Core/Src/main.c.obj
                0x0800b8e0                Task_BMS_Main_attributes
 .rodata.APBPrescTable
                0x0800b904        0x8 CMakeFiles/BMS_V0.elf.dir/Core/Src/system_stm32f4xx.c.obj
                0x0800b904                APBPrescTable
 .rodata.AHBPrescTable
                0x0800b90c       0x10 CMakeFiles/BMS_V0.elf.dir/Core/Src/system_stm32f4xx.c.obj
                0x0800b90c                AHBPrescTable
 .rodata.vTaskStartScheduler.str1.4
                0x0800b91c        0x5 CMakeFiles/BMS_V0.elf.dir/Middlewares/Third_Party/FreeRTOS/Source/tasks.c.obj
 *fill*         0x0800b921        0x3 
 .rodata.prvCheckForValidListAndQueue.str1.4
                0x0800b924        0x5 CMakeFiles/BMS_V0.elf.dir/Middlewares/Third_Party/FreeRTOS/Source/timers.c.obj
 *fill*         0x0800b929        0x3 
 .rodata.xTimerCreateTimerTask.str1.4
                0x0800b92c        0x8 CMakeFiles/BMS_V0.elf.dir/Middlewares/Third_Party/FreeRTOS/Source/timers.c.obj
 .rodata.Task_Data_Acquisition.str1.4
                0x0800b934       0x5d CMakeFiles/BMS_V0.elf.dir/Tasks/task_data_acq.c.obj
 *fill*         0x0800b991        0x3 
 .rodata._svfprintf_r.str1.4
                0x0800b994       0x42 c:/progra~2/armgnu~1/125863~1.3re/bin/../lib/gcc/arm-none-eabi/12.3.1/thumb/v7e-m+fp/hard\libg.a(libc_a-svfprintf.o)
 *fill*         0x0800b9d6        0x2 
 .rodata.zeroes.0
                0x0800b9d8       0x10 c:/progra~2/armgnu~1/125863~1.3re/bin/../lib/gcc/arm-none-eabi/12.3.1/thumb/v7e-m+fp/hard\libg.a(libc_a-svfprintf.o)
 .rodata.blanks.1
                0x0800b9e8       0x10 c:/progra~2/armgnu~1/125863~1.3re/bin/../lib/gcc/arm-none-eabi/12.3.1/thumb/v7e-m+fp/hard\libg.a(libc_a-svfprintf.o)
 .rodata.str1.4
                0x0800b9f8       0x48 c:/progra~2/armgnu~1/125863~1.3re/bin/../lib/gcc/arm-none-eabi/12.3.1/thumb/v7e-m+fp/hard\libg.a(libc_a-locale.o)
                                 0x4c (size before relaxing)
 .rodata._dtoa_r.str1.4
                0x0800ba40       0x7d c:/progra~2/armgnu~1/125863~1.3re/bin/../lib/gcc/arm-none-eabi/12.3.1/thumb/v7e-m+fp/hard\libg.a(libc_a-dtoa.o)
                                 0x81 (size before relaxing)
 *fill*         0x0800babd        0x3 
 .rodata.__multadd.str1.4
                0x0800bac0       0x5a c:/progra~2/armgnu~1/125863~1.3re/bin/../lib/gcc/arm-none-eabi/12.3.1/thumb/v7e-m+fp/hard\libg.a(libc_a-mprec.o)
                                 0x6e (size before relaxing)
 *fill*         0x0800bb1a        0x2 
 .rodata.p05.0  0x0800bb1c        0xc c:/progra~2/armgnu~1/125863~1.3re/bin/../lib/gcc/arm-none-eabi/12.3.1/thumb/v7e-m+fp/hard\libg.a(libc_a-mprec.o)
 .rodata.__mprec_bigtens
                0x0800bb28       0x28 c:/progra~2/armgnu~1/125863~1.3re/bin/../lib/gcc/arm-none-eabi/12.3.1/thumb/v7e-m+fp/hard\libg.a(libc_a-mprec.o)
                0x0800bb28                __mprec_bigtens
 .rodata.__mprec_tens
                0x0800bb50       0xc8 c:/progra~2/armgnu~1/125863~1.3re/bin/../lib/gcc/arm-none-eabi/12.3.1/thumb/v7e-m+fp/hard\libg.a(libc_a-mprec.o)
                0x0800bb50                __mprec_tens
 .rodata._ctype_
                0x0800bc18      0x101 c:/progra~2/armgnu~1/125863~1.3re/bin/../lib/gcc/arm-none-eabi/12.3.1/thumb/v7e-m+fp/hard\libg.a(libc_a-ctype_.o)
                0x0800bc18                _ctype_
 *fill*         0x0800bd19        0x3 
 .rodata.__assert_func.str1.4
                0x0800bd1c       0x3f c:/progra~2/armgnu~1/125863~1.3re/bin/../lib/gcc/arm-none-eabi/12.3.1/thumb/v7e-m+fp/hard\libg.a(libc_a-assert.o)
                                 0x43 (size before relaxing)
 .rodata._vfiprintf_r.str1.4
                0x0800bd5b       0x2f c:/progra~2/armgnu~1/125863~1.3re/bin/../lib/gcc/arm-none-eabi/12.3.1/thumb/v7e-m+fp/hard\libg.a(libc_a-vfiprintf.o)
 *fill*         0x0800bd5b        0x1 
 .rodata.zeroes.0
                0x0800bd5c       0x10 c:/progra~2/armgnu~1/125863~1.3re/bin/../lib/gcc/arm-none-eabi/12.3.1/thumb/v7e-m+fp/hard\libg.a(libc_a-vfiprintf.o)
 .rodata.blanks.1
                0x0800bd6c       0x10 c:/progra~2/armgnu~1/125863~1.3re/bin/../lib/gcc/arm-none-eabi/12.3.1/thumb/v7e-m+fp/hard\libg.a(libc_a-vfiprintf.o)
                0x0800bd7c                        . = ALIGN (0x4)

.ARM.extab      0x0800bd7c        0x0
                0x0800bd7c                        . = ALIGN (0x4)
 *(.ARM.extab* .gnu.linkonce.armextab.*)
                0x0800bd7c                        . = ALIGN (0x4)

.ARM            0x0800bd7c        0x8
                0x0800bd7c                        . = ALIGN (0x4)
                0x0800bd7c                        __exidx_start = .
 *(.ARM.exidx*)
 .ARM.exidx     0x0800bd7c        0x8 c:/progra~2/armgnu~1/125863~1.3re/bin/../lib/gcc/arm-none-eabi/12.3.1/thumb/v7e-m+fp/hard\libg.a(libc_a-memcpy.o)
 .ARM.exidx     0x0800bd84        0x0 c:/progra~2/armgnu~1/125863~1.3re/bin/../lib/gcc/arm-none-eabi/12.3.1/thumb/v7e-m+fp/hard\libg.a(libc_a-strlen.o)
                                  0x8 (size before relaxing)
 .ARM.exidx     0x0800bd84        0x0 c:/progra~2/armgnu~1/125863~1.3re/bin/../lib/gcc/arm-none-eabi/12.3.1/thumb/v7e-m+fp/hard\libg.a(libc_a-memchr.o)
                                  0x8 (size before relaxing)
 .ARM.exidx.text.__udivmoddi4
                0x0800bd84        0x0 c:/progra~2/armgnu~1/125863~1.3re/bin/../lib/gcc/arm-none-eabi/12.3.1/thumb/v7e-m+fp/hard\libgcc.a(_udivmoddi4.o)
                                  0x8 (size before relaxing)
                0x0800bd84                        __exidx_end = .
                0x0800bd84                        . = ALIGN (0x4)

.rel.dyn        0x0800bd84        0x0
 .rel.iplt      0x0800bd84        0x0 c:/progra~2/armgnu~1/125863~1.3re/bin/../lib/gcc/arm-none-eabi/12.3.1/thumb/v7e-m+fp/hard/crtbegin.o

.preinit_array  0x0800bd84        0x0
                0x0800bd84                        . = ALIGN (0x4)
                0x0800bd84                        PROVIDE (__preinit_array_start = .)
 *(.preinit_array*)
                0x0800bd84                        PROVIDE (__preinit_array_end = .)
                0x0800bd84                        . = ALIGN (0x4)

.init_array     0x0800bd84        0x8
                0x0800bd84                        . = ALIGN (0x4)
                0x0800bd84                        PROVIDE (__init_array_start = .)
 *(SORT_BY_NAME(.init_array.*))
 .init_array.00000
                0x0800bd84        0x4 c:/progra~2/armgnu~1/125863~1.3re/bin/../lib/gcc/arm-none-eabi/12.3.1/thumb/v7e-m+fp/hard\libg.a(libc_a-__call_atexit.o)
 *(.init_array*)
 .init_array    0x0800bd88        0x4 c:/progra~2/armgnu~1/125863~1.3re/bin/../lib/gcc/arm-none-eabi/12.3.1/thumb/v7e-m+fp/hard/crtbegin.o
                0x0800bd8c                        PROVIDE (__init_array_end = .)
                0x0800bd8c                        . = ALIGN (0x4)

.fini_array     0x0800bd8c        0x4
                0x0800bd8c                        . = ALIGN (0x4)
                0x0800bd8c                        PROVIDE (__fini_array_start = .)
 *(SORT_BY_NAME(.fini_array.*))
 *(.fini_array*)
 .fini_array    0x0800bd8c        0x4 c:/progra~2/armgnu~1/125863~1.3re/bin/../lib/gcc/arm-none-eabi/12.3.1/thumb/v7e-m+fp/hard/crtbegin.o
                0x0800bd90                        PROVIDE (__fini_array_end = .)
                0x0800bd90                        . = ALIGN (0x4)
                0x0800bd90                        _sidata = LOADADDR (.data)

.data           0x20000000      0x6cc load address 0x0800bd90
                0x20000000                        . = ALIGN (0x4)
                0x20000000                        _sdata = .
 *(.data)
 *(.data*)
 .data.soc      0x20000000        0x4 CMakeFiles/BMS_V0.elf.dir/App/SOC/soc.c.obj
 .data.soh      0x20000004        0x4 CMakeFiles/BMS_V0.elf.dir/App/SOH/soh.c.obj
 .data.SystemCoreClock
                0x20000008        0x4 CMakeFiles/BMS_V0.elf.dir/Core/Src/system_stm32f4xx.c.obj
                0x20000008                SystemCoreClock
 .data.uwTickFreq
                0x2000000c        0x1 CMakeFiles/BMS_V0.elf.dir/Drivers/STM32F4xx_HAL_Driver/Src/stm32f4xx_hal.c.obj
                0x2000000c                uwTickFreq
 *fill*         0x2000000d        0x3 
 .data.uwTickPrio
                0x20000010        0x4 CMakeFiles/BMS_V0.elf.dir/Drivers/STM32F4xx_HAL_Driver/Src/stm32f4xx_hal.c.obj
                0x20000010                uwTickPrio
 .data.uxCriticalNesting
                0x20000014        0x4 CMakeFiles/BMS_V0.elf.dir/Middlewares/Third_Party/FreeRTOS/Source/portable/GCC/ARM_CM4F/port.c.obj
 .data.__sglue  0x20000018        0xc c:/progra~2/armgnu~1/125863~1.3re/bin/../lib/gcc/arm-none-eabi/12.3.1/thumb/v7e-m+fp/hard\libg.a(libc_a-findfp.o)
                0x20000018                __sglue
 .data._impure_ptr
                0x20000024        0x4 c:/progra~2/armgnu~1/125863~1.3re/bin/../lib/gcc/arm-none-eabi/12.3.1/thumb/v7e-m+fp/hard\libg.a(libc_a-impure.o)
                0x20000024                _impure_ptr
 .data._impure_data
                0x20000028      0x120 c:/progra~2/armgnu~1/125863~1.3re/bin/../lib/gcc/arm-none-eabi/12.3.1/thumb/v7e-m+fp/hard\libg.a(libc_a-impure.o)
                0x20000028                _impure_data
 .data.__atexit_recursive_mutex
                0x20000148        0x4 c:/progra~2/armgnu~1/125863~1.3re/bin/../lib/gcc/arm-none-eabi/12.3.1/thumb/v7e-m+fp/hard\libg.a(libc_a-__call_atexit.o)
                0x20000148                __atexit_recursive_mutex
 .data.__malloc_sbrk_base
                0x2000014c        0x4 c:/progra~2/armgnu~1/125863~1.3re/bin/../lib/gcc/arm-none-eabi/12.3.1/thumb/v7e-m+fp/hard\libg.a(libc_a-mallocr.o)
                0x2000014c                __malloc_sbrk_base
 .data.__malloc_trim_threshold
                0x20000150        0x4 c:/progra~2/armgnu~1/125863~1.3re/bin/../lib/gcc/arm-none-eabi/12.3.1/thumb/v7e-m+fp/hard\libg.a(libc_a-mallocr.o)
                0x20000150                __malloc_trim_threshold
 *fill*         0x20000154        0x4 
 .data.__malloc_av_
                0x20000158      0x408 c:/progra~2/armgnu~1/125863~1.3re/bin/../lib/gcc/arm-none-eabi/12.3.1/thumb/v7e-m+fp/hard\libg.a(libc_a-mallocr.o)
                0x20000158                __malloc_av_
 .data.__global_locale
                0x20000560      0x16c c:/progra~2/armgnu~1/125863~1.3re/bin/../lib/gcc/arm-none-eabi/12.3.1/thumb/v7e-m+fp/hard\libg.a(libc_a-locale.o)
                0x20000560                __global_locale
 *(.RamFunc)
 *(.RamFunc*)
                0x200006cc                        . = ALIGN (0x4)
                0x200006cc                        _edata = .

.tm_clone_table
                0x200006cc        0x0 load address 0x0800c45c
 .tm_clone_table
                0x200006cc        0x0 c:/progra~2/armgnu~1/125863~1.3re/bin/../lib/gcc/arm-none-eabi/12.3.1/thumb/v7e-m+fp/hard/crtbegin.o
 .tm_clone_table
                0x200006cc        0x0 c:/progra~2/armgnu~1/125863~1.3re/bin/../lib/gcc/arm-none-eabi/12.3.1/thumb/v7e-m+fp/hard/crtend.o

.igot.plt       0x200006cc        0x0 load address 0x0800c45c
 .igot.plt      0x200006cc        0x0 c:/progra~2/armgnu~1/125863~1.3re/bin/../lib/gcc/arm-none-eabi/12.3.1/thumb/v7e-m+fp/hard/crtbegin.o
                0x200006cc                        . = ALIGN (0x4)

.bss            0x200006d0     0x6224 load address 0x0800c45c
                0x200006d0                        _sbss = .
                0x200006d0                        __bss_start__ = _sbss
 *(.bss)
 *(.bss*)
 .bss.completed.1
                0x200006d0        0x1 c:/progra~2/armgnu~1/125863~1.3re/bin/../lib/gcc/arm-none-eabi/12.3.1/thumb/v7e-m+fp/hard/crtbegin.o
 *fill*         0x200006d1        0x3 
 .bss.object.0  0x200006d4       0x18 c:/progra~2/armgnu~1/125863~1.3re/bin/../lib/gcc/arm-none-eabi/12.3.1/thumb/v7e-m+fp/hard/crtbegin.o
 .bss.adcRawValues
                0x200006ec       0x18 CMakeFiles/BMS_V0.elf.dir/App/Measurement/batt_measure.c.obj
                0x200006ec                adcRawValues
 .bss.accumulatedCharge
                0x20000704        0x4 CMakeFiles/BMS_V0.elf.dir/App/SOC/soc.c.obj
 .bss.cycleCount.0
                0x20000708        0x4 CMakeFiles/BMS_V0.elf.dir/App/StateMachine/bms_state.c.obj
 .bss.cycleCounted.1
                0x2000070c        0x1 CMakeFiles/BMS_V0.elf.dir/App/StateMachine/bms_state.c.obj
 .bss.currentState
                0x2000070d        0x1 CMakeFiles/BMS_V0.elf.dir/App/StateMachine/bms_state.c.obj
 *fill*         0x2000070e        0x2 
 .bss.Task_BalanceControlBlock
                0x20000710      0x180 CMakeFiles/BMS_V0.elf.dir/Core/Src/main.c.obj
                0x20000710                Task_BalanceControlBlock
 .bss.Task_BalanceBuffer
                0x20000890      0x200 CMakeFiles/BMS_V0.elf.dir/Core/Src/main.c.obj
                0x20000890                Task_BalanceBuffer
 .bss.Task_BalanceHandle
                0x20000a90        0x4 CMakeFiles/BMS_V0.elf.dir/Core/Src/main.c.obj
                0x20000a90                Task_BalanceHandle
 *fill*         0x20000a94        0x4 
 .bss.Task_CAN_RxControlBlock
                0x20000a98      0x180 CMakeFiles/BMS_V0.elf.dir/Core/Src/main.c.obj
                0x20000a98                Task_CAN_RxControlBlock
 .bss.Task_CAN_RxBuffer
                0x20000c18      0x200 CMakeFiles/BMS_V0.elf.dir/Core/Src/main.c.obj
                0x20000c18                Task_CAN_RxBuffer
 .bss.Task_CAN_RxHandle
                0x20000e18        0x4 CMakeFiles/BMS_V0.elf.dir/Core/Src/main.c.obj
                0x20000e18                Task_CAN_RxHandle
 *fill*         0x20000e1c        0x4 
 .bss.Task_CAN_TxControlBlock
                0x20000e20      0x180 CMakeFiles/BMS_V0.elf.dir/Core/Src/main.c.obj
                0x20000e20                Task_CAN_TxControlBlock
 .bss.Task_CAN_TxBuffer
                0x20000fa0      0x200 CMakeFiles/BMS_V0.elf.dir/Core/Src/main.c.obj
                0x20000fa0                Task_CAN_TxBuffer
 .bss.Task_CAN_TxHandle
                0x200011a0        0x4 CMakeFiles/BMS_V0.elf.dir/Core/Src/main.c.obj
                0x200011a0                Task_CAN_TxHandle
 *fill*         0x200011a4        0x4 
 .bss.Task_Data_AcquisitionControlBlock
                0x200011a8      0x180 CMakeFiles/BMS_V0.elf.dir/Core/Src/main.c.obj
                0x200011a8                Task_Data_AcquisitionControlBlock
 .bss.Task_Data_AcquisitionBuffer
                0x20001328      0x200 CMakeFiles/BMS_V0.elf.dir/Core/Src/main.c.obj
                0x20001328                Task_Data_AcquisitionBuffer
 .bss.Task_Data_AcquisitionHandle
                0x20001528        0x4 CMakeFiles/BMS_V0.elf.dir/Core/Src/main.c.obj
                0x20001528                Task_Data_AcquisitionHandle
 *fill*         0x2000152c        0x4 
 .bss.Task_BMS_MainControlBlock
                0x20001530      0x180 CMakeFiles/BMS_V0.elf.dir/Core/Src/main.c.obj
                0x20001530                Task_BMS_MainControlBlock
 .bss.Task_BMS_MainBuffer
                0x200016b0      0x200 CMakeFiles/BMS_V0.elf.dir/Core/Src/main.c.obj
                0x200016b0                Task_BMS_MainBuffer
 .bss.Task_BMS_MainHandle
                0x200018b0        0x4 CMakeFiles/BMS_V0.elf.dir/Core/Src/main.c.obj
                0x200018b0                Task_BMS_MainHandle
 .bss.huart2    0x200018b4       0x44 CMakeFiles/BMS_V0.elf.dir/Core/Src/main.c.obj
                0x200018b4                huart2
 .bss.hspi2     0x200018f8       0x58 CMakeFiles/BMS_V0.elf.dir/Core/Src/main.c.obj
                0x200018f8                hspi2
 .bss.hi2c1     0x20001950       0x54 CMakeFiles/BMS_V0.elf.dir/Core/Src/main.c.obj
                0x20001950                hi2c1
 .bss.hcrc      0x200019a4        0x8 CMakeFiles/BMS_V0.elf.dir/Core/Src/main.c.obj
                0x200019a4                hcrc
 .bss.hadc1     0x200019ac       0x48 CMakeFiles/BMS_V0.elf.dir/Core/Src/main.c.obj
                0x200019ac                hadc1
 .bss.htim1     0x200019f4       0x48 CMakeFiles/BMS_V0.elf.dir/Core/Src/stm32f4xx_hal_timebase_tim.c.obj
                0x200019f4                htim1
 .bss.__sbrk_heap_end
                0x20001a3c        0x4 CMakeFiles/BMS_V0.elf.dir/Core/Src/sysmem.c.obj
 .bss.uwTick    0x20001a40        0x4 CMakeFiles/BMS_V0.elf.dir/Drivers/STM32F4xx_HAL_Driver/Src/stm32f4xx_hal.c.obj
                0x20001a40                uwTick
 .bss.Timer_Stack.0
                0x20001a44      0x400 CMakeFiles/BMS_V0.elf.dir/Middlewares/Third_Party/FreeRTOS/Source/CMSIS_RTOS_V2/cmsis_os2.c.obj
 *fill*         0x20001e44        0x4 
 .bss.Timer_TCB.1
                0x20001e48      0x180 CMakeFiles/BMS_V0.elf.dir/Middlewares/Third_Party/FreeRTOS/Source/CMSIS_RTOS_V2/cmsis_os2.c.obj
 .bss.Idle_Stack.2
                0x20001fc8      0x200 CMakeFiles/BMS_V0.elf.dir/Middlewares/Third_Party/FreeRTOS/Source/CMSIS_RTOS_V2/cmsis_os2.c.obj
 .bss.Idle_TCB.3
                0x200021c8      0x180 CMakeFiles/BMS_V0.elf.dir/Middlewares/Third_Party/FreeRTOS/Source/CMSIS_RTOS_V2/cmsis_os2.c.obj
 .bss.KernelState
                0x20002348        0x4 CMakeFiles/BMS_V0.elf.dir/Middlewares/Third_Party/FreeRTOS/Source/CMSIS_RTOS_V2/cmsis_os2.c.obj
 .bss.ulMaxPRIGROUPValue
                0x2000234c        0x4 CMakeFiles/BMS_V0.elf.dir/Middlewares/Third_Party/FreeRTOS/Source/portable/GCC/ARM_CM4F/port.c.obj
 .bss.ucMaxSysCallPriority
                0x20002350        0x1 CMakeFiles/BMS_V0.elf.dir/Middlewares/Third_Party/FreeRTOS/Source/portable/GCC/ARM_CM4F/port.c.obj
 *fill*         0x20002351        0x3 
 .bss.xBlockAllocatedBit
                0x20002354        0x4 CMakeFiles/BMS_V0.elf.dir/Middlewares/Third_Party/FreeRTOS/Source/portable/MemMang/heap_4.c.obj
 .bss.xNumberOfSuccessfulFrees
                0x20002358        0x4 CMakeFiles/BMS_V0.elf.dir/Middlewares/Third_Party/FreeRTOS/Source/portable/MemMang/heap_4.c.obj
 .bss.xNumberOfSuccessfulAllocations
                0x2000235c        0x4 CMakeFiles/BMS_V0.elf.dir/Middlewares/Third_Party/FreeRTOS/Source/portable/MemMang/heap_4.c.obj
 .bss.xMinimumEverFreeBytesRemaining
                0x20002360        0x4 CMakeFiles/BMS_V0.elf.dir/Middlewares/Third_Party/FreeRTOS/Source/portable/MemMang/heap_4.c.obj
 .bss.xFreeBytesRemaining
                0x20002364        0x4 CMakeFiles/BMS_V0.elf.dir/Middlewares/Third_Party/FreeRTOS/Source/portable/MemMang/heap_4.c.obj
 .bss.pxEnd     0x20002368        0x4 CMakeFiles/BMS_V0.elf.dir/Middlewares/Third_Party/FreeRTOS/Source/portable/MemMang/heap_4.c.obj
 .bss.xStart    0x2000236c        0x8 CMakeFiles/BMS_V0.elf.dir/Middlewares/Third_Party/FreeRTOS/Source/portable/MemMang/heap_4.c.obj
 .bss.ucHeap    0x20002374     0x3c00 CMakeFiles/BMS_V0.elf.dir/Middlewares/Third_Party/FreeRTOS/Source/portable/MemMang/heap_4.c.obj
 .bss.xQueueRegistry
                0x20005f74       0x40 CMakeFiles/BMS_V0.elf.dir/Middlewares/Third_Party/FreeRTOS/Source/queue.c.obj
                0x20005f74                xQueueRegistry
 .bss.uxSchedulerSuspended
                0x20005fb4        0x4 CMakeFiles/BMS_V0.elf.dir/Middlewares/Third_Party/FreeRTOS/Source/tasks.c.obj
 .bss.xIdleTaskHandle
                0x20005fb8        0x4 CMakeFiles/BMS_V0.elf.dir/Middlewares/Third_Party/FreeRTOS/Source/tasks.c.obj
 .bss.xNextTaskUnblockTime
                0x20005fbc        0x4 CMakeFiles/BMS_V0.elf.dir/Middlewares/Third_Party/FreeRTOS/Source/tasks.c.obj
 .bss.uxTaskNumber
                0x20005fc0        0x4 CMakeFiles/BMS_V0.elf.dir/Middlewares/Third_Party/FreeRTOS/Source/tasks.c.obj
 .bss.xNumOfOverflows
                0x20005fc4        0x4 CMakeFiles/BMS_V0.elf.dir/Middlewares/Third_Party/FreeRTOS/Source/tasks.c.obj
 .bss.xYieldPending
                0x20005fc8        0x4 CMakeFiles/BMS_V0.elf.dir/Middlewares/Third_Party/FreeRTOS/Source/tasks.c.obj
 .bss.xPendedTicks
                0x20005fcc        0x4 CMakeFiles/BMS_V0.elf.dir/Middlewares/Third_Party/FreeRTOS/Source/tasks.c.obj
 .bss.xSchedulerRunning
                0x20005fd0        0x4 CMakeFiles/BMS_V0.elf.dir/Middlewares/Third_Party/FreeRTOS/Source/tasks.c.obj
 .bss.uxTopReadyPriority
                0x20005fd4        0x4 CMakeFiles/BMS_V0.elf.dir/Middlewares/Third_Party/FreeRTOS/Source/tasks.c.obj
 .bss.xTickCount
                0x20005fd8        0x4 CMakeFiles/BMS_V0.elf.dir/Middlewares/Third_Party/FreeRTOS/Source/tasks.c.obj
 .bss.uxCurrentNumberOfTasks
                0x20005fdc        0x4 CMakeFiles/BMS_V0.elf.dir/Middlewares/Third_Party/FreeRTOS/Source/tasks.c.obj
 .bss.xSuspendedTaskList
                0x20005fe0       0x14 CMakeFiles/BMS_V0.elf.dir/Middlewares/Third_Party/FreeRTOS/Source/tasks.c.obj
 .bss.uxDeletedTasksWaitingCleanUp
                0x20005ff4        0x4 CMakeFiles/BMS_V0.elf.dir/Middlewares/Third_Party/FreeRTOS/Source/tasks.c.obj
 .bss.xTasksWaitingTermination
                0x20005ff8       0x14 CMakeFiles/BMS_V0.elf.dir/Middlewares/Third_Party/FreeRTOS/Source/tasks.c.obj
 .bss.xPendingReadyList
                0x2000600c       0x14 CMakeFiles/BMS_V0.elf.dir/Middlewares/Third_Party/FreeRTOS/Source/tasks.c.obj
 .bss.pxOverflowDelayedTaskList
                0x20006020        0x4 CMakeFiles/BMS_V0.elf.dir/Middlewares/Third_Party/FreeRTOS/Source/tasks.c.obj
 .bss.pxDelayedTaskList
                0x20006024        0x4 CMakeFiles/BMS_V0.elf.dir/Middlewares/Third_Party/FreeRTOS/Source/tasks.c.obj
 .bss.xDelayedTaskList2
                0x20006028       0x14 CMakeFiles/BMS_V0.elf.dir/Middlewares/Third_Party/FreeRTOS/Source/tasks.c.obj
 .bss.xDelayedTaskList1
                0x2000603c       0x14 CMakeFiles/BMS_V0.elf.dir/Middlewares/Third_Party/FreeRTOS/Source/tasks.c.obj
 .bss.pxReadyTasksLists
                0x20006050      0x460 CMakeFiles/BMS_V0.elf.dir/Middlewares/Third_Party/FreeRTOS/Source/tasks.c.obj
 .bss.pxCurrentTCB
                0x200064b0        0x4 CMakeFiles/BMS_V0.elf.dir/Middlewares/Third_Party/FreeRTOS/Source/tasks.c.obj
                0x200064b0                pxCurrentTCB
 .bss.xStaticTimerQueue.0
                0x200064b4       0x50 CMakeFiles/BMS_V0.elf.dir/Middlewares/Third_Party/FreeRTOS/Source/timers.c.obj
 .bss.ucStaticTimerQueueStorage.1
                0x20006504       0xa0 CMakeFiles/BMS_V0.elf.dir/Middlewares/Third_Party/FreeRTOS/Source/timers.c.obj
 .bss.xLastTime.2
                0x200065a4        0x4 CMakeFiles/BMS_V0.elf.dir/Middlewares/Third_Party/FreeRTOS/Source/timers.c.obj
 .bss.xTimerTaskHandle
                0x200065a8        0x4 CMakeFiles/BMS_V0.elf.dir/Middlewares/Third_Party/FreeRTOS/Source/timers.c.obj
 .bss.xTimerQueue
                0x200065ac        0x4 CMakeFiles/BMS_V0.elf.dir/Middlewares/Third_Party/FreeRTOS/Source/timers.c.obj
 .bss.pxOverflowTimerList
                0x200065b0        0x4 CMakeFiles/BMS_V0.elf.dir/Middlewares/Third_Party/FreeRTOS/Source/timers.c.obj
 .bss.pxCurrentTimerList
                0x200065b4        0x4 CMakeFiles/BMS_V0.elf.dir/Middlewares/Third_Party/FreeRTOS/Source/timers.c.obj
 .bss.xActiveTimerList2
                0x200065b8       0x14 CMakeFiles/BMS_V0.elf.dir/Middlewares/Third_Party/FreeRTOS/Source/timers.c.obj
 .bss.xActiveTimerList1
                0x200065cc       0x14 CMakeFiles/BMS_V0.elf.dir/Middlewares/Third_Party/FreeRTOS/Source/timers.c.obj
 .bss.__sf      0x200065e0      0x138 c:/progra~2/armgnu~1/125863~1.3re/bin/../lib/gcc/arm-none-eabi/12.3.1/thumb/v7e-m+fp/hard\libg.a(libc_a-findfp.o)
                0x200065e0                __sf
 .bss.__stdio_exit_handler
                0x20006718        0x4 c:/progra~2/armgnu~1/125863~1.3re/bin/../lib/gcc/arm-none-eabi/12.3.1/thumb/v7e-m+fp/hard\libg.a(libc_a-findfp.o)
                0x20006718                __stdio_exit_handler
 .bss.errno     0x2000671c        0x4 c:/progra~2/armgnu~1/125863~1.3re/bin/../lib/gcc/arm-none-eabi/12.3.1/thumb/v7e-m+fp/hard\libg.a(libc_a-reent.o)
                0x2000671c                errno
 .bss.__lock___malloc_recursive_mutex
                0x20006720        0x1 c:/progra~2/armgnu~1/125863~1.3re/bin/../lib/gcc/arm-none-eabi/12.3.1/thumb/v7e-m+fp/hard\libg.a(libc_a-lock.o)
                0x20006720                __lock___malloc_recursive_mutex
 *fill*         0x20006721        0x3 
 .bss.__lock___atexit_recursive_mutex
                0x20006724        0x1 c:/progra~2/armgnu~1/125863~1.3re/bin/../lib/gcc/arm-none-eabi/12.3.1/thumb/v7e-m+fp/hard\libg.a(libc_a-lock.o)
                0x20006724                __lock___atexit_recursive_mutex
 *fill*         0x20006725        0x3 
 .bss.__lock___sfp_recursive_mutex
                0x20006728        0x1 c:/progra~2/armgnu~1/125863~1.3re/bin/../lib/gcc/arm-none-eabi/12.3.1/thumb/v7e-m+fp/hard\libg.a(libc_a-lock.o)
                0x20006728                __lock___sfp_recursive_mutex
 *fill*         0x20006729        0x3 
 .bss.__atexit  0x2000672c        0x4 c:/progra~2/armgnu~1/125863~1.3re/bin/../lib/gcc/arm-none-eabi/12.3.1/thumb/v7e-m+fp/hard\libg.a(libc_a-__call_atexit.o)
                0x2000672c                __atexit
 .bss.__malloc_current_mallinfo