Archive member included to satisfy reference by file (symbol)

c:/progra~2/armgnu~1/125863~1.3re/bin/../lib/gcc/arm-none-eabi/12.3.1/thumb/v7e-m+fp/hard\libm.a(libm_a-w_log.o)
                              CMakeFiles/BMS_V0.elf.dir/App/Measurement/batt_measure.c.obj (log)
c:/progra~2/armgnu~1/125863~1.3re/bin/../lib/gcc/arm-none-eabi/12.3.1/thumb/v7e-m+fp/hard\libm.a(libm_a-w_pow.o)
                              CMakeFiles/BMS_V0.elf.dir/App/Measurement/batt_measure.c.obj (pow)
c:/progra~2/armgnu~1/125863~1.3re/bin/../lib/gcc/arm-none-eabi/12.3.1/thumb/v7e-m+fp/hard\libm.a(libm_a-s_finite.o)
                              c:/progra~2/armgnu~1/125863~1.3re/bin/../lib/gcc/arm-none-eabi/12.3.1/thumb/v7e-m+fp/hard\libm.a(libm_a-w_pow.o) (finite)
c:/progra~2/armgnu~1/125863~1.3re/bin/../lib/gcc/arm-none-eabi/12.3.1/thumb/v7e-m+fp/hard\libm.a(libm_a-s_nan.o)
                              c:/progra~2/armgnu~1/125863~1.3re/bin/../lib/gcc/arm-none-eabi/12.3.1/thumb/v7e-m+fp/hard\libm.a(libm_a-w_log.o) (nan)
c:/progra~2/armgnu~1/125863~1.3re/bin/../lib/gcc/arm-none-eabi/12.3.1/thumb/v7e-m+fp/hard\libm.a(libm_a-e_log.o)
                              c:/progra~2/armgnu~1/125863~1.3re/bin/../lib/gcc/arm-none-eabi/12.3.1/thumb/v7e-m+fp/hard\libm.a(libm_a-w_log.o) (__ieee754_log)
c:/progra~2/armgnu~1/125863~1.3re/bin/../lib/gcc/arm-none-eabi/12.3.1/thumb/v7e-m+fp/hard\libm.a(libm_a-e_pow.o)
                              c:/progra~2/armgnu~1/125863~1.3re/bin/../lib/gcc/arm-none-eabi/12.3.1/thumb/v7e-m+fp/hard\libm.a(libm_a-w_pow.o) (__ieee754_pow)
c:/progra~2/armgnu~1/125863~1.3re/bin/../lib/gcc/arm-none-eabi/12.3.1/thumb/v7e-m+fp/hard\libm.a(libm_a-s_fabs.o)
                              c:/progra~2/armgnu~1/125863~1.3re/bin/../lib/gcc/arm-none-eabi/12.3.1/thumb/v7e-m+fp/hard\libm.a(libm_a-e_pow.o) (fabs)
c:/progra~2/armgnu~1/125863~1.3re/bin/../lib/gcc/arm-none-eabi/12.3.1/thumb/v7e-m+fp/hard\libm.a(libm_a-s_scalbn.o)
                              c:/progra~2/armgnu~1/125863~1.3re/bin/../lib/gcc/arm-none-eabi/12.3.1/thumb/v7e-m+fp/hard\libm.a(libm_a-e_pow.o) (scalbn)
c:/progra~2/armgnu~1/125863~1.3re/bin/../lib/gcc/arm-none-eabi/12.3.1/thumb/v7e-m+fp/hard\libm.a(libm_a-math_err.o)
                              c:/progra~2/armgnu~1/125863~1.3re/bin/../lib/gcc/arm-none-eabi/12.3.1/thumb/v7e-m+fp/hard\libm.a(libm_a-e_pow.o) (__math_uflow)
c:/progra~2/armgnu~1/125863~1.3re/bin/../lib/gcc/arm-none-eabi/12.3.1/thumb/v7e-m+fp/hard\libm.a(libm_a-e_sqrt.o)
                              c:/progra~2/armgnu~1/125863~1.3re/bin/../lib/gcc/arm-none-eabi/12.3.1/thumb/v7e-m+fp/hard\libm.a(libm_a-e_pow.o) (__ieee754_sqrt)
c:/progra~2/armgnu~1/125863~1.3re/bin/../lib/gcc/arm-none-eabi/12.3.1/thumb/v7e-m+fp/hard\libgcc.a(_arm_muldf3.o)
                              CMakeFiles/BMS_V0.elf.dir/App/Measurement/batt_measure.c.obj (__aeabi_dmul)
c:/progra~2/armgnu~1/125863~1.3re/bin/../lib/gcc/arm-none-eabi/12.3.1/thumb/v7e-m+fp/hard\libgcc.a(_arm_addsubdf3.o)
                              CMakeFiles/BMS_V0.elf.dir/App/Measurement/batt_measure.c.obj (__aeabi_dsub)
c:/progra~2/armgnu~1/125863~1.3re/bin/../lib/gcc/arm-none-eabi/12.3.1/thumb/v7e-m+fp/hard\libgcc.a(_arm_muldivdf3.o)
                              CMakeFiles/BMS_V0.elf.dir/App/Measurement/batt_measure.c.obj (__aeabi_ddiv)
c:/progra~2/armgnu~1/125863~1.3re/bin/../lib/gcc/arm-none-eabi/12.3.1/thumb/v7e-m+fp/hard\libgcc.a(_arm_cmpdf2.o)
                              c:/progra~2/armgnu~1/125863~1.3re/bin/../lib/gcc/arm-none-eabi/12.3.1/thumb/v7e-m+fp/hard\libm.a(libm_a-w_log.o) (__aeabi_dcmpeq)
c:/progra~2/armgnu~1/125863~1.3re/bin/../lib/gcc/arm-none-eabi/12.3.1/thumb/v7e-m+fp/hard\libgcc.a(_arm_unorddf2.o)
                              c:/progra~2/armgnu~1/125863~1.3re/bin/../lib/gcc/arm-none-eabi/12.3.1/thumb/v7e-m+fp/hard\libm.a(libm_a-w_log.o) (__aeabi_dcmpun)
c:/progra~2/armgnu~1/125863~1.3re/bin/../lib/gcc/arm-none-eabi/12.3.1/thumb/v7e-m+fp/hard\libgcc.a(_arm_truncdfsf2.o)
                              CMakeFiles/BMS_V0.elf.dir/App/Measurement/batt_measure.c.obj (__aeabi_d2f)
c:/progra~2/armgnu~1/125863~1.3re/bin/../lib/gcc/arm-none-eabi/12.3.1/thumb/v7e-m+fp/hard\libgcc.a(_aeabi_uldivmod.o)
                              CMakeFiles/BMS_V0.elf.dir/Drivers/STM32F4xx_HAL_Driver/Src/stm32f4xx_hal_rcc.c.obj (__aeabi_uldivmod)
c:/progra~2/armgnu~1/125863~1.3re/bin/../lib/gcc/arm-none-eabi/12.3.1/thumb/v7e-m+fp/hard\libgcc.a(_udivmoddi4.o)
                              c:/progra~2/armgnu~1/125863~1.3re/bin/../lib/gcc/arm-none-eabi/12.3.1/thumb/v7e-m+fp/hard\libgcc.a(_aeabi_uldivmod.o) (__udivmoddi4)
c:/progra~2/armgnu~1/125863~1.3re/bin/../lib/gcc/arm-none-eabi/12.3.1/thumb/v7e-m+fp/hard\libgcc.a(_dvmd_tls.o)
                              c:/progra~2/armgnu~1/125863~1.3re/bin/../lib/gcc/arm-none-eabi/12.3.1/thumb/v7e-m+fp/hard\libgcc.a(_aeabi_uldivmod.o) (__aeabi_ldiv0)
c:/progra~2/armgnu~1/125863~1.3re/bin/../lib/gcc/arm-none-eabi/12.3.1/thumb/v7e-m+fp/hard\libg.a(libc_a-exit.o)
[...]
Memory Configuration

Name             Origin             Length             Attributes
RAM              0x20000000         0x00018000         xrw
FLASH            0x08000000         0x00080000         xr
*default*        0x00000000         0xffffffff

Linker script and memory map

LOAD c:/progra~2/armgnu~1/125863~1.3re/bin/../lib/gcc/arm-none-eabi/12.3.1/thumb/v7e-m+fp/hard/crti.o
LOAD c:/progra~2/armgnu~1/125863~1.3re/bin/../lib/gcc/arm-none-eabi/12.3.1/thumb/v7e-m+fp/hard/crtbegin.o
LOAD c:/progra~2/armgnu~1/125863~1.3re/bin/../lib/gcc/arm-none-eabi/12.3.1/thumb/v7e-m+fp/hard/crt0.o
LOAD CMakeFiles/BMS_V0.elf.dir/App/Balancing/cell_balance.cpp.obj
LOAD CMakeFiles/BMS_V0.elf.dir/App/Can_comm/can_comm.c.obj
LOAD CMakeFiles/BMS_V0.elf.dir/App/Config/bms_config.c.obj
LOAD CMakeFiles/BMS_V0.elf.dir/App/Diagnostics/diag.c.obj
LOAD CMakeFiles/BMS_V0.elf.dir/App/Measurement/batt_measure.c.obj
LOAD CMakeFiles/BMS_V0.elf.dir/App/SOC/soc.c.obj
LOAD CMakeFiles/BMS_V0.elf.dir/App/SOH/soh.c.obj
LOAD CMakeFiles/BMS_V0.elf.dir/App/StateMachine/bms_state.c.obj
LOAD CMakeFiles/BMS_V0.elf.dir/Core/Src/freertos.c.obj
LOAD CMakeFiles/BMS_V0.elf.dir/Core/Src/main.c.obj
LOAD CMakeFiles/BMS_V0.elf.dir/Core/Src/stm32f4xx_hal_msp.c.obj
LOAD CMakeFiles/BMS_V0.elf.dir/Core/Src/stm32f4xx_hal_timebase_tim.c.obj
LOAD CMakeFiles/BMS_V0.elf.dir/Core/Src/stm32f4xx_it.c.obj
LOAD CMakeFiles/BMS_V0.elf.dir/Core/Src/syscalls.c.obj
LOAD CMakeFiles/BMS_V0.elf.dir/Core/Src/sysmem.c.obj
LOAD CMakeFiles/BMS_V0.elf.dir/Core/Src/system_stm32f4xx.c.obj
LOAD CMakeFiles/BMS_V0.elf.dir/Core/Startup/startup_stm32f401retx.s.obj
LOAD CMakeFiles/BMS_V0.elf.dir/Drivers/STM32F4xx_HAL_Driver/Src/stm32f4xx_hal.c.obj
LOAD CMakeFiles/BMS_V0.elf.dir/Drivers/STM32F4xx_HAL_Driver/Src/stm32f4xx_hal_adc.c.obj
LOAD CMakeFiles/BMS_V0.elf.dir/Drivers/STM32F4xx_HAL_Driver/Src/stm32f4xx_hal_adc_ex.c.obj
LOAD CMakeFiles/BMS_V0.elf.dir/Drivers/STM32F4xx_HAL_Driver/Src/stm32f4xx_hal_cortex.c.obj
LOAD CMakeFiles/BMS_V0.elf.dir/Drivers/STM32F4xx_HAL_Driver/Src/stm32f4xx_hal_crc.c.obj
LOAD CMakeFiles/BMS_V0.elf.dir/Drivers/STM32F4xx_HAL_Driver/Src/stm32f4xx_hal_dma.c.obj
LOAD CMakeFiles/BMS_V0.elf.dir/Drivers/STM32F4xx_HAL_Driver/Src/stm32f4xx_hal_dma_ex.c.obj
LOAD CMakeFiles/BMS_V0.elf.dir/Drivers/STM32F4xx_HAL_Driver/Src/stm32f4xx_hal_exti.c.obj
LOAD CMakeFiles/BMS_V0.elf.dir/Drivers/STM32F4xx_HAL_Driver/Src/stm32f4xx_hal_flash.c.obj
LOAD CMakeFiles/BMS_V0.elf.dir/Drivers/STM32F4xx_HAL_Driver/Src/stm32f4xx_hal_flash_ex.c.obj
LOAD CMakeFiles/BMS_V0.elf.dir/Drivers/STM32F4xx_HAL_Driver/Src/stm32f4xx_hal_flash_ramfunc.c.obj
LOAD CMakeFiles/BMS_V0.elf.dir/Drivers/STM32F4xx_HAL_Driver/Src/stm32f4xx_hal_gpio.c.obj
LOAD CMakeFiles/BMS_V0.elf.dir/Drivers/STM32F4xx_HAL_Driver/Src/stm32f4xx_hal_i2c.c.obj
LOAD CMakeFiles/BMS_V0.elf.dir/Drivers/STM32F4xx_HAL_Driver/Src/stm32f4xx_hal_i2c_ex.c.obj
LOAD CMakeFiles/BMS_V0.elf.dir/Drivers/STM32F4xx_HAL_Driver/Src/stm32f4xx_hal_pwr.c.obj
LOAD CMakeFiles/BMS_V0.elf.dir/Drivers/STM32F4xx_HAL_Driver/Src/stm32f4xx_hal_pwr_ex.c.obj
LOAD CMakeFiles/BMS_V0.elf.dir/Drivers/STM32F4xx_HAL_Driver/Src/stm32f4xx_hal_rcc.c.obj
LOAD CMakeFiles/BMS_V0.elf.dir/Drivers/STM32F4xx_HAL_Driver/Src/stm32f4xx_hal_rcc_ex.c.obj
LOAD CMakeFiles/BMS_V0.elf.dir/Drivers/STM32F4xx_HAL_Driver/Src/stm32f4xx_hal_spi.c.obj
LOAD CMakeFiles/BMS_V0.elf.dir/Drivers/STM32F4xx_HAL_Driver/Src/stm32f4xx_hal_tim.c.obj
LOAD CMakeFiles/BMS_V0.elf.dir/Drivers/STM32F4xx_HAL_Driver/Src/stm32f4xx_hal_tim_ex.c.obj
LOAD CMakeFiles/BMS_V0.elf.dir/Drivers/STM32F4xx_HAL_Driver/Src/stm32f4xx_hal_uart.c.obj
LOAD CMakeFiles/BMS_V0.elf.dir/Drivers/STM32F4xx_HAL_Driver/Src/stm32f4xx_ll_adc.c.obj
LOAD CMakeFiles/BMS_V0.elf.dir/Middlewares/Third_Party/FreeRTOS/Source/CMSIS_RTOS_V2/cmsis_os2.c.obj
LOAD CMakeFiles/BMS_V0.elf.dir/Middlewares/Third_Party/FreeRTOS/Source/croutine.c.obj
LOAD CMakeFiles/BMS_V0.elf.dir/Middlewares/Third_Party/FreeRTOS/Source/event_groups.c.obj
LOAD CMakeFiles/BMS_V0.elf.dir/Middlewares/Third_Party/FreeRTOS/Source/list.c.obj
LOAD CMakeFiles/BMS_V0.elf.dir/Middlewares/Third_Party/FreeRTOS/Source/portable/GCC/ARM_CM4F/port.c.obj
LOAD CMakeFiles/BMS_V0.elf.dir/Middlewares/Third_Party/FreeRTOS/Source/portable/MemMang/heap_4.c.obj
LOAD CMakeFiles/BMS_V0.elf.dir/Middlewares/Third_Party/FreeRTOS/Source/queue.c.obj
LOAD CMakeFiles/BMS_V0.elf.dir/Middlewares/Third_Party/FreeRTOS/Source/stream_buffer.c.obj
LOAD CMakeFiles/BMS_V0.elf.dir/Middlewares/Third_Party/FreeRTOS/Source/tasks.c.obj
LOAD CMakeFiles/BMS_V0.elf.dir/Middlewares/Third_Party/FreeRTOS/Source/timers.c.obj
LOAD CMakeFiles/BMS_V0.elf.dir/Tasks/task_balance.c.obj
LOAD CMakeFiles/BMS_V0.elf.dir/Tasks/task_bms_main.c.obj
LOAD CMakeFiles/BMS_V0.elf.dir/Tasks/task_can_rx.c.obj
LOAD CMakeFiles/BMS_V0.elf.dir/Tasks/task_can_tx.c.obj
LOAD CMakeFiles/BMS_V0.elf.dir/Tasks/task_data_acq.c.obj
LOAD c:/progra~2/armgnu~1/125863~1.3re/bin/../lib/gcc/arm-none-eabi/12.3.1/thumb/v7e-m+fp/hard\libstdc++.a
LOAD c:/progra~2/armgnu~1/125863~1.3re/bin/../lib/gcc/arm-none-eabi/12.3.1/thumb/v7e-m+fp/hard\libm.a
START GROUP
LOAD c:/progra~2/armgnu~1/125863~1.3re/bin/../lib/gcc/arm-none-eabi/12.3.1/thumb/v7e-m+fp/hard\libgcc.a
LOAD c:/progra~2/armgnu~1/125863~1.3re/bin/../lib/gcc/arm-none-eabi/12.3.1/thumb/v7e-m+fp/hard\libg.a
LOAD c:/progra~2/armgnu~1/125863~1.3re/bin/../lib/gcc/arm-none-eabi/12.3.1/thumb/v7e-m+fp/hard\libc.a
END GROUP
LOAD c:/progra~2/armgnu~1/125863~1.3re/bin/../lib/gcc/arm-none-eabi/12.3.1/thumb/v7e-m+fp/hard/crtend.o
LOAD c:/progra~2/armgnu~1/125863~1.3re/bin/../lib/gcc/arm-none-eabi/12.3.1/thumb/v7e-m+fp/hard/crtn.o
                0x20018000                        _estack = (ORIGIN (RAM) + LENGTH (RAM))
                0x00000200                        _Min_Heap_Size = 0x200
                0x00000400                        _Min_Stack_Size = 0x400

.isr_vector     0x08000000      0x194
                0x08000000                        . = ALIGN (0x4)
 *(.isr_vector)
 .isr_vector    0x08000000      0x194 CMakeFiles/BMS_V0.elf.dir/Core/Startup/startup_stm32f401retx.s.obj
                0x08000000                g_pfnVectors
                0x08000194                        . = ALIGN (0x4)

.text           0x080001a0     0x41f8
                0x080001a0                        . = ALIGN (0x4)
 *(.text)
 .text          0x080001a0       0x30 c:/progra~2/armgnu~1/125863~1.3re/bin/../lib/gcc/arm-none-eabi/12.3.1/thumb/v7e-m+fp/hard\libgcc.a(_aeabi_uldivmod.o)
                0x080001a0                __aeabi_uldivmod
 .text          0x080001d0        0x4 c:/progra~2/armgnu~1/125863~1.3re/bin/../lib/gcc/arm-none-eabi/12.3.1/thumb/v7e-m+fp/hard\libgcc.a(_dvmd_tls.o)
                0x080001d0                __aeabi_idiv0
                0x080001d0                __aeabi_ldiv0
 .text          0x080001d4      0x134 c:/progra~2/armgnu~1/125863~1.3re/bin/../lib/gcc/arm-none-eabi/12.3.1/thumb/v7e-m+fp/hard\libg.a(libc_a-memcpy.o)
                0x080001d4                memcpy
 *(.text*)
 .text.deregister_tm_clones
                0x08000308       0x1c c:/progra~2/armgnu~1/125863~1.3re/bin/../lib/gcc/arm-none-eabi/12.3.1/thumb/v7e-m+fp/hard/crtbegin.o
 .text.register_tm_clones
                0x08000324       0x24 c:/progra~2/armgnu~1/125863~1.3re/bin/../lib/gcc/arm-none-eabi/12.3.1/thumb/v7e-m+fp/hard/crtbegin.o
 .text.__do_global_dtors_aux
                0x08000348       0x28 c:/progra~2/armgnu~1/125863~1.3re/bin/../lib/gcc/arm-none-eabi/12.3.1/thumb/v7e-m+fp/hard/crtbegin.o
 .text.frame_dummy
                0x08000370       0x24 c:/progra~2/armgnu~1/125863~1.3re/bin/../lib/gcc/arm-none-eabi/12.3.1/thumb/v7e-m+fp/hard/crtbegin.o
 .text.MX_GPIO_Init
                0x08000394       0x90 CMakeFiles/BMS_V0.elf.dir/Core/Src/main.c.obj
 .text.Task_BMS_MainEntry
                0x08000424        0xa CMakeFiles/BMS_V0.elf.dir/Core/Src/main.c.obj
                0x08000424                Task_BMS_MainEntry
 .text.Task_Data_AcquiEntry
                0x0800042e        0xa CMakeFiles/BMS_V0.elf.dir/Core/Src/main.c.obj
                0x0800042e                Task_Data_AcquiEntry
 .text.Task_CAN_TxEntry
                0x08000438        0xa CMakeFiles/BMS_V0.elf.dir/Core/Src/main.c.obj
                0x08000438                Task_CAN_TxEntry
 .text.Task_CAN_RxEntry
                0x08000442        0xa CMakeFiles/BMS_V0.elf.dir/Core/Src/main.c.obj
                0x08000442                Task_CAN_RxEntry
 .text.HAL_TIM_PeriodElapsedCallback
                0x0800044c       0x18 CMakeFiles/BMS_V0.elf.dir/Core/Src/main.c.obj
                0x0800044c                HAL_TIM_PeriodElapsedCallback
 .text.Error_Handler
                0x08000464        0x4 CMakeFiles/BMS_V0.elf.dir/Core/Src/main.c.obj
                0x08000464                Error_Handler
 .text.MX_ADC1_Init
                0x08000468       0x6c CMakeFiles/BMS_V0.elf.dir/Core/Src/main.c.obj
 .text.MX_CRC_Init
                0x080004d4       0x1c CMakeFiles/BMS_V0.elf.dir/Core/Src/main.c.obj
 .text.MX_I2C1_Init
                0x080004f0       0x38 CMakeFiles/BMS_V0.elf.dir/Core/Src/main.c.obj
 .text.MX_SPI2_Init
                0x08000528       0x40 CMakeFiles/BMS_V0.elf.dir/Core/Src/main.c.obj
 .text.MX_USART2_UART_Init
                0x08000568       0x34 CMakeFiles/BMS_V0.elf.dir/Core/Src/main.c.obj
 .text.SystemClock_Config
                0x0800059c       0xa4 CMakeFiles/BMS_V0.elf.dir/Core/Src/main.c.obj
                0x0800059c                SystemClock_Config
 .text.main     0x08000640       0x94 CMakeFiles/BMS_V0.elf.dir/Core/Src/main.c.obj
                0x08000640                main
 .text.HAL_MspInit
                0x080006d4       0x44 CMakeFiles/BMS_V0.elf.dir/Core/Src/stm32f4xx_hal_msp.c.obj
                0x080006d4                HAL_MspInit
 .text.HAL_ADC_MspInit
                0x08000718       0x68 CMakeFiles/BMS_V0.elf.dir/Core/Src/stm32f4xx_hal_msp.c.obj
                0x08000718                HAL_ADC_MspInit
 .text.HAL_CRC_MspInit
                0x08000780       0x30 CMakeFiles/BMS_V0.elf.dir/Core/Src/stm32f4xx_hal_msp.c.obj
                0x08000780                HAL_CRC_MspInit
 .text.HAL_I2C_MspInit
                0x080007b0       0x70 CMakeFiles/BMS_V0.elf.dir/Core/Src/stm32f4xx_hal_msp.c.obj
                0x080007b0                HAL_I2C_MspInit
 .text.HAL_SPI_MspInit
                0x08000820       0x9c CMakeFiles/BMS_V0.elf.dir/Core/Src/stm32f4xx_hal_msp.c.obj
                0x08000820                HAL_SPI_MspInit
 .text.HAL_UART_MspInit
                0x080008bc       0x6c CMakeFiles/BMS_V0.elf.dir/Core/Src/stm32f4xx_hal_msp.c.obj
                0x080008bc                HAL_UART_MspInit
 .text.HAL_InitTick
                0x08000928       0x94 CMakeFiles/BMS_V0.elf.dir/Core/Src/stm32f4xx_hal_timebase_tim.c.obj
                0x08000928                HAL_InitTick
 .text.NMI_Handler
                0x080009bc        0x2 CMakeFiles/BMS_V0.elf.dir/Core/Src/stm32f4xx_it.c.obj
                0x080009bc                NMI_Handler
 .text.HardFault_Handler
                0x080009be        0x2 CMakeFiles/BMS_V0.elf.dir/Core/Src/stm32f4xx_it.c.obj
                0x080009be                HardFault_Handler
 .text.MemManage_Handler
                0x080009c0        0x2 CMakeFiles/BMS_V0.elf.dir/Core/Src/stm32f4xx_it.c.obj
                0x080009c0                MemManage_Handler
 .text.BusFault_Handler
                0x080009c2        0x2 CMakeFiles/BMS_V0.elf.dir/Core/Src/stm32f4xx_it.c.obj
                0x080009c2                BusFault_Handler
 .text.UsageFault_Handler
                0x080009c4        0x2 CMakeFiles/BMS_V0.elf.dir/Core/Src/stm32f4xx_it.c.obj
                0x080009c4                UsageFault_Handler
 .text.DebugMon_Handler
                0x080009c6        0x2 CMakeFiles/BMS_V0.elf.dir/Core/Src/stm32f4xx_it.c.obj
                0x080009c6                DebugMon_Handler
 .text.TIM1_UP_TIM10_IRQHandler
                0x080009c8       0x10 CMakeFiles/BMS_V0.elf.dir/Core/Src/stm32f4xx_it.c.obj
                0x080009c8                TIM1_UP_TIM10_IRQHandler
 .text._sbrk    0x080009d8       0x48 CMakeFiles/BMS_V0.elf.dir/Core/Src/sysmem.c.obj
                0x080009d8                _sbrk
 .text.SystemInit
                0x08000a20       0x14 CMakeFiles/BMS_V0.elf.dir/Core/Src/system_stm32f4xx.c.obj
                0x08000a20                SystemInit
 .text.Reset_Handler
                0x08000a34       0x50 CMakeFiles/BMS_V0.elf.dir/Core/Startup/startup_stm32f401retx.s.obj
                0x08000a34                Reset_Handler
 .text.Default_Handler
                0x08000a84        0x2 CMakeFiles/BMS_V0.elf.dir/Core/Startup/startup_stm32f401retx.s.obj
                0x08000a84                RTC_Alarm_IRQHandler
                0x08000a84                EXTI2_IRQHandler
                0x08000a84                SPI4_IRQHandler
                0x08000a84                TIM1_CC_IRQHandler
                0x08000a84                DMA2_Stream5_IRQHandler
                0x08000a84                DMA1_Stream5_IRQHandler
                0x08000a84                PVD_IRQHandler
                0x08000a84                SDIO_IRQHandler
                0x08000a84                TAMP_STAMP_IRQHandler
                0x08000a84                EXTI3_IRQHandler
                0x08000a84                I2C3_ER_IRQHandler
                0x08000a84                EXTI0_IRQHandler
                0x08000a84                I2C2_EV_IRQHandler
                0x08000a84                DMA1_Stream2_IRQHandler
                0x08000a84                FPU_IRQHandler
                0x08000a84                DMA2_Stream2_IRQHandler
                0x08000a84                SPI1_IRQHandler
                0x08000a84                TIM1_BRK_TIM9_IRQHandler
                0x08000a84                DMA2_Stream3_IRQHandler
                0x08000a84                USART6_IRQHandler
                0x08000a84                DMA2_Stream0_IRQHandler
                0x08000a84                TIM4_IRQHandler
                0x08000a84                I2C1_EV_IRQHandler
                0x08000a84                DMA1_Stream6_IRQHandler
                0x08000a84                DMA1_Stream1_IRQHandler
                0x08000a84                TIM3_IRQHandler
                0x08000a84                RCC_IRQHandler
                0x08000a84                Default_Handler
                0x08000a84                EXTI15_10_IRQHandler
                0x08000a84                ADC_IRQHandler
                0x08000a84                DMA1_Stream7_IRQHandler
                0x08000a84                TIM5_IRQHandler
                0x08000a84                DMA2_Stream7_IRQHandler
                0x08000a84                I2C3_EV_IRQHandler
                0x08000a84                EXTI9_5_IRQHandler
                0x08000a84                RTC_WKUP_IRQHandler
                0x08000a84                SPI2_IRQHandler
                0x08000a84                DMA1_Stream0_IRQHandler
                0x08000a84                EXTI4_IRQHandler
                0x08000a84                WWDG_IRQHandler
                0x08000a84                TIM2_IRQHandler
                0x08000a84                OTG_FS_WKUP_IRQHandler
                0x08000a84                TIM1_TRG_COM_TIM11_IRQHandler
                0x08000a84                EXTI1_IRQHandler
                0x08000a84                USART2_IRQHandler
                0x08000a84                I2C2_ER_IRQHandler
                0x08000a84                DMA2_Stream1_IRQHandler
                0x08000a84                FLASH_IRQHandler
                0x08000a84                DMA2_Stream4_IRQHandler
                0x08000a84                USART1_IRQHandler
                0x08000a84                OTG_FS_IRQHandler
                0x08000a84                SPI3_IRQHandler
                0x08000a84                DMA1_Stream4_IRQHandler
                0x08000a84                I2C1_ER_IRQHandler
                0x08000a84                DMA2_Stream6_IRQHandler
                0x08000a84                DMA1_Stream3_IRQHandler
 *fill*         0x08000a86        0x2 
 .text.HAL_Init
                0x08000a88       0x34 CMakeFiles/BMS_V0.elf.dir/Drivers/STM32F4xx_HAL_Driver/Src/stm32f4xx_hal.c.obj
                0x08000a88                HAL_Init
 .text.HAL_IncTick
                0x08000abc       0x18 CMakeFiles/BMS_V0.elf.dir/Drivers/STM32F4xx_HAL_Driver/Src/stm32f4xx_hal.c.obj
                0x08000abc                HAL_IncTick
 .text.HAL_GetTick
                0x08000ad4        0xc CMakeFiles/BMS_V0.elf.dir/Drivers/STM32F4xx_HAL_Driver/Src/stm32f4xx_hal.c.obj
                0x08000ad4                HAL_GetTick
 .text.ADC_Init
                0x08000ae0      0x134 CMakeFiles/BMS_V0.elf.dir/Drivers/STM32F4xx_HAL_Driver/Src/stm32f4xx_hal_adc.c.obj
 .text.HAL_ADC_Init
                0x08000c14       0x56 CMakeFiles/BMS_V0.elf.dir/Drivers/STM32F4xx_HAL_Driver/Src/stm32f4xx_hal_adc.c.obj
                0x08000c14                HAL_ADC_Init
 *fill*         0x08000c6a        0x2 
 .text.HAL_ADC_ConfigChannel
                0x08000c6c      0x194 CMakeFiles/BMS_V0.elf.dir/Drivers/STM32F4xx_HAL_Driver/Src/stm32f4xx_hal_adc.c.obj
                0x08000c6c                HAL_ADC_ConfigChannel
 .text.__NVIC_SetPriority
                0x08000e00       0x28 CMakeFiles/BMS_V0.elf.dir/Drivers/STM32F4xx_HAL_Driver/Src/stm32f4xx_hal_cortex.c.obj
 .text.NVIC_EncodePriority
                0x08000e28       0x3e CMakeFiles/BMS_V0.elf.dir/Drivers/STM32F4xx_HAL_Driver/Src/stm32f4xx_hal_cortex.c.obj
 *fill*         0x08000e66        0x2 
 .text.HAL_NVIC_SetPriorityGrouping
                0x08000e68       0x24 CMakeFiles/BMS_V0.elf.dir/Drivers/STM32F4xx_HAL_Driver/Src/stm32f4xx_hal_cortex.c.obj
                0x08000e68                HAL_NVIC_SetPriorityGrouping
 .text.HAL_NVIC_SetPriority
                0x08000e8c       0x20 CMakeFiles/BMS_V0.elf.dir/Drivers/STM32F4xx_HAL_Driver/Src/stm32f4xx_hal_cortex.c.obj
                0x08000e8c                HAL_NVIC_SetPriority
 .text.HAL_NVIC_EnableIRQ
                0x08000eac       0x1c CMakeFiles/BMS_V0.elf.dir/Drivers/STM32F4xx_HAL_Driver/Src/stm32f4xx_hal_cortex.c.obj
                0x08000eac                HAL_NVIC_EnableIRQ
 .text.HAL_CRC_Init
                0x08000ec8       0x1e CMakeFiles/BMS_V0.elf.dir/Drivers/STM32F4xx_HAL_Driver/Src/stm32f4xx_hal_crc.c.obj
                0x08000ec8                HAL_CRC_Init
 *fill*         0x08000ee6        0x2 
 .text.HAL_GPIO_Init
                0x08000ee8      0x1c8 CMakeFiles/BMS_V0.elf.dir/Drivers/STM32F4xx_HAL_Driver/Src/stm32f4xx_hal_gpio.c.obj
                0x08000ee8                HAL_GPIO_Init
 .text.HAL_GPIO_WritePin
                0x080010b0        0xc CMakeFiles/BMS_V0.elf.dir/Drivers/STM32F4xx_HAL_Driver/Src/stm32f4xx_hal_gpio.c.obj
                0x080010b0                HAL_GPIO_WritePin
 .text.HAL_I2C_Init
                0x080010bc      0x1bc CMakeFiles/BMS_V0.elf.dir/Drivers/STM32F4xx_HAL_Driver/Src/stm32f4xx_hal_i2c.c.obj
                0x080010bc                HAL_I2C_Init
 .text.HAL_RCC_OscConfig
                0x08001278      0x3f8 CMakeFiles/BMS_V0.elf.dir/Drivers/STM32F4xx_HAL_Driver/Src/stm32f4xx_hal_rcc.c.obj
                0x08001278                HAL_RCC_OscConfig
 .text.HAL_RCC_GetSysClockFreq
                0x08001670       0xdc CMakeFiles/BMS_V0.elf.dir/Drivers/STM32F4xx_HAL_Driver/Src/stm32f4xx_hal_rcc.c.obj
                0x08001670                HAL_RCC_GetSysClockFreq
 .text.HAL_RCC_ClockConfig
                0x0800174c      0x160 CMakeFiles/BMS_V0.elf.dir/Drivers/STM32F4xx_HAL_Driver/Src/stm32f4xx_hal_rcc.c.obj
                0x0800174c                HAL_RCC_ClockConfig
 .text.HAL_RCC_GetHCLKFreq
                0x080018ac        0xc CMakeFiles/BMS_V0.elf.dir/Drivers/STM32F4xx_HAL_Driver/Src/stm32f4xx_hal_rcc.c.obj
                0x080018ac                HAL_RCC_GetHCLKFreq
 .text.HAL_RCC_GetPCLK1Freq
                0x080018b8       0x20 CMakeFiles/BMS_V0.elf.dir/Drivers/STM32F4xx_HAL_Driver/Src/stm32f4xx_hal_rcc.c.obj
                0x080018b8                HAL_RCC_GetPCLK1Freq
 .text.HAL_RCC_GetPCLK2Freq
                0x080018d8       0x20 CMakeFiles/BMS_V0.elf.dir/Drivers/STM32F4xx_HAL_Driver/Src/stm32f4xx_hal_rcc.c.obj
                0x080018d8                HAL_RCC_GetPCLK2Freq
 .text.HAL_RCC_GetClockConfig
                0x080018f8       0x3c CMakeFiles/BMS_V0.elf.dir/Drivers/STM32F4xx_HAL_Driver/Src/stm32f4xx_hal_rcc.c.obj
                0x080018f8                HAL_RCC_GetClockConfig
 .text.HAL_SPI_Init
                0x08001934       0xbe CMakeFiles/BMS_V0.elf.dir/Drivers/STM32F4xx_HAL_Driver/Src/stm32f4xx_hal_spi.c.obj
                0x08001934                HAL_SPI_Init
 .text.HAL_TIM_Base_MspInit
                0x080019f2        0x2 CMakeFiles/BMS_V0.elf.dir/Drivers/STM32F4xx_HAL_Driver/Src/stm32f4xx_hal_tim.c.obj
                0x080019f2                HAL_TIM_Base_MspInit
 .text.HAL_TIM_Base_Start_IT
                0x080019f4       0x78 CMakeFiles/BMS_V0.elf.dir/Drivers/STM32F4xx_HAL_Driver/Src/stm32f4xx_hal_tim.c.obj
                0x080019f4                HAL_TIM_Base_Start_IT
 .text.HAL_TIM_OC_DelayElapsedCallback
                0x08001a6c        0x2 CMakeFiles/BMS_V0.elf.dir/Drivers/STM32F4xx_HAL_Driver/Src/stm32f4xx_hal_tim.c.obj
                0x08001a6c                HAL_TIM_OC_DelayElapsedCallback
 .text.HAL_TIM_IC_CaptureCallback
                0x08001a6e        0x2 CMakeFiles/BMS_V0.elf.dir/Drivers/STM32F4xx_HAL_Driver/Src/stm32f4xx_hal_tim.c.obj
                0x08001a6e                HAL_TIM_IC_CaptureCallback
 .text.HAL_TIM_PWM_PulseFinishedCallback
                0x08001a70        0x2 CMakeFiles/BMS_V0.elf.dir/Drivers/STM32F4xx_HAL_Driver/Src/stm32f4xx_hal_tim.c.obj
                0x08001a70                HAL_TIM_PWM_PulseFinishedCallback
 .text.HAL_TIM_TriggerCallback
                0x08001a72        0x2 CMakeFiles/BMS_V0.elf.dir/Drivers/STM32F4xx_HAL_Driver/Src/stm32f4xx_hal_tim.c.obj
                0x08001a72                HAL_TIM_TriggerCallback
 .text.HAL_TIM_IRQHandler
                0x08001a74      0x17a CMakeFiles/BMS_V0.elf.dir/Drivers/STM32F4xx_HAL_Driver/Src/stm32f4xx_hal_tim.c.obj
                0x08001a74                HAL_TIM_IRQHandler
 *fill*         0x08001bee        0x2 
 .text.TIM_Base_SetConfig
                0x08001bf0       0x9c CMakeFiles/BMS_V0.elf.dir/Drivers/STM32F4xx_HAL_Driver/Src/stm32f4xx_hal_tim.c.obj
                0x08001bf0                TIM_Base_SetConfig
 .text.HAL_TIM_Base_Init
                0x08001c8c       0x58 CMakeFiles/BMS_V0.elf.dir/Drivers/STM32F4xx_HAL_Driver/Src/stm32f4xx_hal_tim.c.obj
                0x08001c8c                HAL_TIM_Base_Init
 .text.HAL_TIMEx_CommutCallback
                0x08001ce4        0x2 CMakeFiles/BMS_V0.elf.dir/Drivers/STM32F4xx_HAL_Driver/Src/stm32f4xx_hal_tim_ex.c.obj
                0x08001ce4                HAL_TIMEx_CommutCallback
 .text.HAL_TIMEx_BreakCallback
                0x08001ce6        0x2 CMakeFiles/BMS_V0.elf.dir/Drivers/STM32F4xx_HAL_Driver/Src/stm32f4xx_hal_tim_ex.c.obj
                0x08001ce6                HAL_TIMEx_BreakCallback
 .text.UART_SetConfig
                0x08001ce8      0x110 CMakeFiles/BMS_V0.elf.dir/Drivers/STM32F4xx_HAL_Driver/Src/stm32f4xx_hal_uart.c.obj
 .text.HAL_UART_Init
                0x08001df8       0x5e CMakeFiles/BMS_V0.elf.dir/Drivers/STM32F4xx_HAL_Driver/Src/stm32f4xx_hal_uart.c.obj
                0x08001df8                HAL_UART_Init
 .text.SysTick_Handler
                0x08001e56       0x18 CMakeFiles/BMS_V0.elf.dir/Middlewares/Third_Party/FreeRTOS/Source/CMSIS_RTOS_V2/cmsis_os2.c.obj
                0x08001e56                SysTick_Handler
 *fill*         0x08001e6e        0x2 
 .text.osKernelInitialize
                0x08001e70       0x24 CMakeFiles/BMS_V0.elf.dir/Middlewares/Third_Party/FreeRTOS/Source/CMSIS_RTOS_V2/cmsis_os2.c.obj
                0x08001e70                osKernelInitialize
 .text.osKernelStart
                0x08001e94       0x38 CMakeFiles/BMS_V0.elf.dir/Middlewares/Third_Party/FreeRTOS/Source/CMSIS_RTOS_V2/cmsis_os2.c.obj
                0x08001e94                osKernelStart
 .text.osThreadNew
                0x08001ecc       0xbe CMakeFiles/BMS_V0.elf.dir/Middlewares/Third_Party/FreeRTOS/Source/CMSIS_RTOS_V2/cmsis_os2.c.obj
                0x08001ecc                osThreadNew
 .text.osDelay  0x08001f8a       0x1c CMakeFiles/BMS_V0.elf.dir/Middlewares/Third_Party/FreeRTOS/Source/CMSIS_RTOS_V2/cmsis_os2.c.obj
                0x08001f8a                osDelay
 *fill*         0x08001fa6        0x2 
 .text.vApplicationGetIdleTaskMemory
                0x08001fa8       0x18 CMakeFiles/BMS_V0.elf.dir/Middlewares/Third_Party/FreeRTOS/Source/CMSIS_RTOS_V2/cmsis_os2.c.obj
                0x08001fa8                vApplicationGetIdleTaskMemory
 .text.vApplicationGetTimerTaskMemory
                0x08001fc0       0x18 CMakeFiles/BMS_V0.elf.dir/Middlewares/Third_Party/FreeRTOS/Source/CMSIS_RTOS_V2/cmsis_os2.c.obj
                0x08001fc0                vApplicationGetTimerTaskMemory
 .text.vListInitialise
                0x08001fd8       0x16 CMakeFiles/BMS_V0.elf.dir/Middlewares/Third_Party/FreeRTOS/Source/list.c.obj
                0x08001fd8                vListInitialise
 .text.vListInitialiseItem
                0x08001fee        0x6 CMakeFiles/BMS_V0.elf.dir/Middlewares/Third_Party/FreeRTOS/Source/list.c.obj
                0x08001fee                vListInitialiseItem
 .text.vListInsertEnd
                0x08001ff4       0x16 CMakeFiles/BMS_V0.elf.dir/Middlewares/Third_Party/FreeRTOS/Source/list.c.obj
                0x08001ff4                vListInsertEnd
 .text.vListInsert
                0x0800200a       0x32 CMakeFiles/BMS_V0.elf.dir/Middlewares/Third_Party/FreeRTOS/Source/list.c.obj
                0x0800200a                vListInsert
 .text.uxListRemove
                0x0800203c       0x26 CMakeFiles/BMS_V0.elf.dir/Middlewares/Third_Party/FreeRTOS/Source/list.c.obj
                0x0800203c                uxListRemove
 *fill*         0x08002062        0x2 
 .text.prvTaskExitError
                0x08002064       0x40 CMakeFiles/BMS_V0.elf.dir/Middlewares/Third_Party/FreeRTOS/Source/portable/GCC/ARM_CM4F/port.c.obj
 .text.prvPortStartFirstTask
                0x080020a4       0x28 CMakeFiles/BMS_V0.elf.dir/Middlewares/Third_Party/FreeRTOS/Source/portable/GCC/ARM_CM4F/port.c.obj
 .text.vPortEnableVFP
                0x080020cc       0x14 CMakeFiles/BMS_V0.elf.dir/Middlewares/Third_Party/FreeRTOS/Source/portable/GCC/ARM_CM4F/port.c.obj
 .text.pxPortInitialiseStack
                0x080020e0       0x2c CMakeFiles/BMS_V0.elf.dir/Middlewares/Third_Party/FreeRTOS/Source/portable/GCC/ARM_CM4F/port.c.obj
                0x080020e0                pxPortInitialiseStack
 *fill*         0x0800210c        0x4 
 .text.SVC_Handler
                0x08002110       0x24 CMakeFiles/BMS_V0.elf.dir/Middlewares/Third_Party/FreeRTOS/Source/portable/GCC/ARM_CM4F/port.c.obj
                0x08002110                SVC_Handler
 .text.vPortEnterCritical
                0x08002134       0x44 CMakeFiles/BMS_V0.elf.dir/Middlewares/Third_Party/FreeRTOS/Source/portable/GCC/ARM_CM4F/port.c.obj
                0x08002134                vPortEnterCritical
 .text.vPortExitCritical
                0x08002178       0x2c CMakeFiles/BMS_V0.elf.dir/Middlewares/Third_Party/FreeRTOS/Source/portable/GCC/ARM_CM4F/port.c.obj
                0x08002178                vPortExitCritical
 *fill*         0x080021a4        0xc 
 .text.PendSV_Handler
                0x080021b0       0x64 CMakeFiles/BMS_V0.elf.dir/Middlewares/Third_Party/FreeRTOS/Source/portable/GCC/ARM_CM4F/port.c.obj
                0x080021b0                PendSV_Handler
 .text.xPortSysTickHandler
                0x08002214       0x2c CMakeFiles/BMS_V0.elf.dir/Middlewares/Third_Party/FreeRTOS/Source/portable/GCC/ARM_CM4F/port.c.obj
                0x08002214                xPortSysTickHandler
 .text.vPortSetupTimerInterrupt
                0x08002240       0x28 CMakeFiles/BMS_V0.elf.dir/Middlewares/Third_Party/FreeRTOS/Source/portable/GCC/ARM_CM4F/port.c.obj
                0x08002240                vPortSetupTimerInterrupt
 .text.xPortStartScheduler
                0x08002268      0x118 CMakeFiles/BMS_V0.elf.dir/Middlewares/Third_Party/FreeRTOS/Source/portable/GCC/ARM_CM4F/port.c.obj
                0x08002268                xPortStartScheduler
 .text.vPortValidateInterruptPriority
                0x08002380       0x5c CMakeFiles/BMS_V0.elf.dir/Middlewares/Third_Party/FreeRTOS/Source/portable/GCC/ARM_CM4F/port.c.obj
                0x08002380                vPortValidateInterruptPriority
 .text.prvHeapInit
                0x080023dc       0x64 CMakeFiles/BMS_V0.elf.dir/Middlewares/Third_Party/FreeRTOS/Source/portable/MemMang/heap_4.c.obj
 .text.prvInsertBlockIntoFreeList
                0x08002440       0x64 CMakeFiles/BMS_V0.elf.dir/Middlewares/Third_Party/FreeRTOS/Source/portable/MemMang/heap_4.c.obj
 .text.pvPortMalloc
                0x080024a4      0x104 CMakeFiles/BMS_V0.elf.dir/Middlewares/Third_Party/FreeRTOS/Source/portable/MemMang/heap_4.c.obj
                0x080024a4                pvPortMalloc
 .text.vPortFree
                0x080025a8       0x7c CMakeFiles/BMS_V0.elf.dir/Middlewares/Third_Party/FreeRTOS/Source/portable/MemMang/heap_4.c.obj
                0x080025a8                vPortFree
 .text.prvIsQueueFull
                0x08002624       0x1e CMakeFiles/BMS_V0.elf.dir/Middlewares/Third_Party/FreeRTOS/Source/queue.c.obj
 .text.prvIsQueueEmpty
                0x08002642       0x1a CMakeFiles/BMS_V0.elf.dir/Middlewares/Third_Party/FreeRTOS/Source/queue.c.obj
 .text.prvCopyDataToQueue
                0x0800265c       0x76 CMakeFiles/BMS_V0.elf.dir/Middlewares/Third_Party/FreeRTOS/Source/queue.c.obj
 .text.prvCopyDataFromQueue
                0x080026d2       0x24 CMakeFiles/BMS_V0.elf.dir/Middlewares/Third_Party/FreeRTOS/Source/queue.c.obj
 .text.prvUnlockQueue
                0x080026f6       0x6e CMakeFiles/BMS_V0.elf.dir/Middlewares/Third_Party/FreeRTOS/Source/queue.c.obj
 .text.xQueueGenericReset
                0x08002764       0x84 CMakeFiles/BMS_V0.elf.dir/Middlewares/Third_Party/FreeRTOS/Source/queue.c.obj
                0x08002764                xQueueGenericReset
 .text.prvInitialiseNewQueue
                0x080027e8       0x22 CMakeFiles/BMS_V0.elf.dir/Middlewares/Third_Party/FreeRTOS/Source/queue.c.obj
 .text.xQueueGenericCreateStatic
                0x0800280a       0x94 CMakeFiles/BMS_V0.elf.dir/Middlewares/Third_Party/FreeRTOS/Source/queue.c.obj
                0x0800280a                xQueueGenericCreateStatic
 .text.xQueueGenericSend
                0x0800289e      0x188 CMakeFiles/BMS_V0.elf.dir/Middlewares/Third_Party/FreeRTOS/Source/queue.c.obj
                0x0800289e                xQueueGenericSend
 .text.xQueueGenericSendFromISR
                0x08002a26       0xce CMakeFiles/BMS_V0.elf.dir/Middlewares/Third_Party/FreeRTOS/Source/queue.c.obj
                0x08002a26                xQueueGenericSendFromISR
 .text.xQueueReceive
                0x08002af4      0x15e CMakeFiles/BMS_V0.elf.dir/Middlewares/Third_Party/FreeRTOS/Source/queue.c.obj
                0x08002af4                xQueueReceive
 *fill*         0x08002c52        0x2 
 .text.vQueueAddToRegistry
                0x08002c54       0x28 CMakeFiles/BMS_V0.elf.dir/Middlewares/Third_Party/FreeRTOS/Source/queue.c.obj
                0x08002c54                vQueueAddToRegistry
 .text.vQueueWaitForMessageRestricted
                0x08002c7c       0x52 CMakeFiles/BMS_V0.elf.dir/Middlewares/Third_Party/FreeRTOS/Source/queue.c.obj
                0x08002c7c                vQueueWaitForMessageRestricted
 *fill*         0x08002cce        0x2 
 .text.prvResetNextTaskUnblockTime
                0x08002cd0       0x2c CMakeFiles/BMS_V0.elf.dir/Middlewares/Third_Party/FreeRTOS/Source/tasks.c.obj
 .text.prvInitialiseNewTask
                0x08002cfc      0x104 CMakeFiles/BMS_V0.elf.dir/Middlewares/Third_Party/FreeRTOS/Source/tasks.c.obj
 .text.prvInitialiseTaskLists
                0x08002e00       0x68 CMakeFiles/BMS_V0.elf.dir/Middlewares/Third_Party/FreeRTOS/Source/tasks.c.obj
 .text.prvAddNewTaskToReadyList
                0x08002e68       0xac CMakeFiles/BMS_V0.elf.dir/Middlewares/Third_Party/FreeRTOS/Source/tasks.c.obj
 .text.prvDeleteTCB
                0x08002f14       0x40 CMakeFiles/BMS_V0.elf.dir/Middlewares/Third_Party/FreeRTOS/Source/tasks.c.obj
 .text.prvCheckTasksWaitingTermination
                0x08002f54       0x4c CMakeFiles/BMS_V0.elf.dir/Middlewares/Third_Party/FreeRTOS/Source/tasks.c.obj
 .text.prvIdleTask
                0x08002fa0       0x28 CMakeFiles/BMS_V0.elf.dir/Middlewares/Third_Party/FreeRTOS/Source/tasks.c.obj
 .text.prvAddCurrentTaskToDelayedList
                0x08002fc8       0x7c CMakeFiles/BMS_V0.elf.dir/Middlewares/Third_Party/FreeRTOS/Source/tasks.c.obj
 .text.xTaskCreateStatic
                0x08003044       0x7a CMakeFiles/BMS_V0.elf.dir/Middlewares/Third_Party/FreeRTOS/Source/tasks.c.obj
                0x08003044                xTaskCreateStatic
 .text.xTaskCreate
                0x080030be       0x66 CMakeFiles/BMS_V0.elf.dir/Middlewares/Third_Party/FreeRTOS/Source/tasks.c.obj
                0x080030be                xTaskCreate
 .text.vTaskStartScheduler
                0x08003124       0xac CMakeFiles/BMS_V0.elf.dir/Middlewares/Third_Party/FreeRTOS/Source/tasks.c.obj
                0x08003124                vTaskStartScheduler
 .text.vTaskSuspendAll
                0x080031d0       0x10 CMakeFiles/BMS_V0.elf.dir/Middlewares/Third_Party/FreeRTOS/Source/tasks.c.obj
                0x080031d0                vTaskSuspendAll
 .text.xTaskGetTickCount
                0x080031e0        0xc CMakeFiles/BMS_V0.elf.dir/Middlewares/Third_Party/FreeRTOS/Source/tasks.c.obj
                0x080031e0                xTaskGetTickCount
 .text.xTaskIncrementTick
                0x080031ec      0x118 CMakeFiles/BMS_V0.elf.dir/Middlewares/Third_Party/FreeRTOS/Source/tasks.c.obj
                0x080031ec                xTaskIncrementTick
 .text.xTaskResumeAll
                0x08003304       0xf8 CMakeFiles/BMS_V0.elf.dir/Middlewares/Third_Party/FreeRTOS/Source/tasks.c.obj
                0x08003304                xTaskResumeAll
 .text.vTaskDelay
                0x080033fc       0x4c CMakeFiles/BMS_V0.elf.dir/Middlewares/Third_Party/FreeRTOS/Source/tasks.c.obj
                0x080033fc                vTaskDelay
 .text.vTaskSwitchContext
                0x08003448       0xa4 CMakeFiles/BMS_V0.elf.dir/Middlewares/Third_Party/FreeRTOS/Source/tasks.c.obj
                0x08003448                vTaskSwitchContext
 .text.vTaskPlaceOnEventList
                0x080034ec       0x30 CMakeFiles/BMS_V0.elf.dir/Middlewares/Third_Party/FreeRTOS/Source/tasks.c.obj
                0x080034ec                vTaskPlaceOnEventList
 .text.vTaskPlaceOnEventListRestricted
                0x0800351c       0x38 CMakeFiles/BMS_V0.elf.dir/Middlewares/Third_Party/FreeRTOS/Source/tasks.c.obj
                0x0800351c                vTaskPlaceOnEventListRestricted
 .text.xTaskRemoveFromEventList
                0x08003554       0x8c CMakeFiles/BMS_V0.elf.dir/Middlewares/Third_Party/FreeRTOS/Source/tasks.c.obj
                0x08003554                xTaskRemoveFromEventList
 .text.vTaskInternalSetTimeOutState
                0x080035e0       0x18 CMakeFiles/BMS_V0.elf.dir/Middlewares/Third_Party/FreeRTOS/Source/tasks.c.obj
                0x080035e0                vTaskInternalSetTimeOutState
 .text.xTaskCheckForTimeOut
                0x080035f8       0x84 CMakeFiles/BMS_V0.elf.dir/Middlewares/Third_Party/FreeRTOS/Source/tasks.c.obj
                0x080035f8                xTaskCheckForTimeOut
 .text.vTaskMissedYield
                0x0800367c        0xc CMakeFiles/BMS_V0.elf.dir/Middlewares/Third_Party/FreeRTOS/Source/tasks.c.obj
                0x0800367c                vTaskMissedYield
 .text.xTaskGetSchedulerState
                0x08003688       0x20 CMakeFiles/BMS_V0.elf.dir/Middlewares/Third_Party/FreeRTOS/Source/tasks.c.obj
                0x08003688                xTaskGetSchedulerState
 .text.xTaskPriorityDisinherit
                0x080036a8       0x90 CMakeFiles/BMS_V0.elf.dir/Middlewares/Third_Party/FreeRTOS/Source/tasks.c.obj
                0x080036a8                xTaskPriorityDisinherit
 .text.prvGetNextExpireTime
                0x08003738       0x20 CMakeFiles/BMS_V0.elf.dir/Middlewares/Third_Party/FreeRTOS/Source/timers.c.obj
 .text.prvInsertTimerInActiveList
                0x08003758       0x48 CMakeFiles/BMS_V0.elf.dir/Middlewares/Third_Party/FreeRTOS/Source/timers.c.obj
 .text.prvCheckForValidListAndQueue
                0x080037a0       0x70 CMakeFiles/BMS_V0.elf.dir/Middlewares/Third_Party/FreeRTOS/Source/timers.c.obj
 .text.xTimerCreateTimerTask
                0x08003810       0x64 CMakeFiles/BMS_V0.elf.dir/Middlewares/Third_Party/FreeRTOS/Source/timers.c.obj
                0x08003810                xTimerCreateTimerTask
 .text.xTimerGenericCommand
                0x08003874       0x6c CMakeFiles/BMS_V0.elf.dir/Middlewares/Third_Party/FreeRTOS/Source/timers.c.obj
                0x08003874                xTimerGenericCommand
 .text.prvSwitchTimerLists
                0x080038e0       0x7c CMakeFiles/BMS_V0.elf.dir/Middlewares/Third_Party/FreeRTOS/Source/timers.c.obj
 .text.prvSampleTimeNow
                0x0800395c       0x2c CMakeFiles/BMS_V0.elf.dir/Middlewares/Third_Party/FreeRTOS/Source/timers.c.obj
 .text.prvProcessExpiredTimer
                0x08003988       0x6c CMakeFiles/BMS_V0.elf.dir/Middlewares/Third_Party/FreeRTOS/Source/timers.c.obj
 .text.prvProcessTimerOrBlockTask
                0x080039f4       0x74 CMakeFiles/BMS_V0.elf.dir/Middlewares/Third_Party/FreeRTOS/Source/timers.c.obj
 .text.prvProcessReceivedCommands
                0x08003a68      0x10c CMakeFiles/BMS_V0.elf.dir/Middlewares/Third_Party/FreeRTOS/Source/timers.c.obj
 .text.prvTimerTask
                0x08003b74       0x16 CMakeFiles/BMS_V0.elf.dir/Middlewares/Third_Party/FreeRTOS/Source/timers.c.obj
 *fill*         0x08003b8a        0x2 
 .text.__udivmoddi4
                0x08003b8c      0x2bc c:/progra~2/armgnu~1/125863~1.3re/bin/../lib/gcc/arm-none-eabi/12.3.1/thumb/v7e-m+fp/hard\libgcc.a(_udivmoddi4.o)
                0x08003b8c                __udivmoddi4
 .text.memset   0x08003e48       0xa4 c:/progra~2/armgnu~1/125863~1.3re/bin/../lib/gcc/arm-none-eabi/12.3.1/thumb/v7e-m+fp/hard\libg.a(libc_a-memset.o)
                0x08003e48                memset
 .text._reclaim_reent
                0x08003eec       0x5c c:/progra~2/armgnu~1/125863~1.3re/bin/../lib/gcc/arm-none-eabi/12.3.1/thumb/v7e-m+fp/hard\libg.a(libc_a-reent.o)
                0x08003eec                _reclaim_reent
 .text.__errno  0x08003f48        0xc c:/progra~2/armgnu~1/125863~1.3re/bin/../lib/gcc/arm-none-eabi/12.3.1/thumb/v7e-m+fp/hard\libg.a(libc_a-errno.o)
                0x08003f48                __errno
 .text.__libc_init_array
                0x08003f54       0x50 c:/progra~2/armgnu~1/125863~1.3re/bin/../lib/gcc/arm-none-eabi/12.3.1/thumb/v7e-m+fp/hard\libg.a(libc_a-init.o)
                0x08003f54                __libc_init_array
 .text.__retarget_lock_acquire_recursive
                0x08003fa4        0x4 c:/progra~2/armgnu~1/125863~1.3re/bin/../lib/gcc/arm-none-eabi/12.3.1/thumb/v7e-m+fp/hard\libg.a(libc_a-lock.o)
                0x08003fa4                __retarget_lock_acquire_recursive
 .text.__retarget_lock_release_recursive
                0x08003fa8        0x4 c:/progra~2/armgnu~1/125863~1.3re/bin/../lib/gcc/arm-none-eabi/12.3.1/thumb/v7e-m+fp/hard\libg.a(libc_a-lock.o)
                0x08003fa8                __retarget_lock_release_recursive
 .text.startup.register_fini
                0x08003fac       0x14 c:/progra~2/armgnu~1/125863~1.3re/bin/../lib/gcc/arm-none-eabi/12.3.1/thumb/v7e-m+fp/hard\libg.a(libc_a-__call_atexit.o)
 .text.atexit   0x08003fc0        0xc c:/progra~2/armgnu~1/125863~1.3re/bin/../lib/gcc/arm-none-eabi/12.3.1/thumb/v7e-m+fp/hard\libg.a(libc_a-atexit.o)
                0x08003fc0                atexit
 .text._malloc_trim_r
                0x08003fcc       0xb8 c:/progra~2/armgnu~1/125863~1.3re/bin/../lib/gcc/arm-none-eabi/12.3.1/thumb/v7e-m+fp/hard\libg.a(libc_a-freer.o)
                0x08003fcc                _malloc_trim_r
 .text._free_r  0x08004084      0x1fc c:/progra~2/armgnu~1/125863~1.3re/bin/../lib/gcc/arm-none-eabi/12.3.1/thumb/v7e-m+fp/hard\libg.a(libc_a-freer.o)
                0x08004084                _free_r
 .text.__malloc_lock
                0x08004280        0xc c:/progra~2/armgnu~1/125863~1.3re/bin/../lib/gcc/arm-none-eabi/12.3.1/thumb/v7e-m+fp/hard\libg.a(libc_a-mlock.o)
                0x08004280                __malloc_lock
 .text.__malloc_unlock
                0x0800428c        0xc c:/progra~2/armgnu~1/125863~1.3re/bin/../lib/gcc/arm-none-eabi/12.3.1/thumb/v7e-m+fp/hard\libg.a(libc_a-mlock.o)
                0x0800428c                __malloc_unlock
 .text._sbrk_r  0x08004298       0x24 c:/progra~2/armgnu~1/125863~1.3re/bin/../lib/gcc/arm-none-eabi/12.3.1/thumb/v7e-m+fp/hard\libg.a(libc_a-sbrkr.o)
                0x08004298                _sbrk_r
 .text.__libc_fini_array
                0x080042bc       0x28 c:/progra~2/armgnu~1/125863~1.3re/bin/../lib/gcc/arm-none-eabi/12.3.1/thumb/v7e-m+fp/hard\libg.a(libc_a-fini.o)
                0x080042bc                __libc_fini_array
 .text.sysconf  0x080042e4       0x1c c:/progra~2/armgnu~1/125863~1.3re/bin/../lib/gcc/arm-none-eabi/12.3.1/thumb/v7e-m+fp/hard\libg.a(libc_a-sysconf.o)
                0x080042e4                sysconf
 .text.__register_exitproc
                0x08004300       0x80 c:/progra~2/armgnu~1/125863~1.3re/bin/../lib/gcc/arm-none-eabi/12.3.1/thumb/v7e-m+fp/hard\libg.a(libc_a-__atexit.o)
                0x08004300                __register_exitproc
 *(.glue_7)
 .glue_7        0x08004380        0x0 linker stubs
 *(.glue_7t)
 .glue_7t       0x08004380        0x0 linker stubs
 *(.eh_frame)
 .eh_frame      0x08004380        0x0 c:/progra~2/armgnu~1/125863~1.3re/bin/../lib/gcc/arm-none-eabi/12.3.1/thumb/v7e-m+fp/hard/crtbegin.o
 *(.init)
 .init          0x08004380        0x4 c:/progra~2/armgnu~1/125863~1.3re/bin/../lib/gcc/arm-none-eabi/12.3.1/thumb/v7e-m+fp/hard/crti.o
                0x08004380                _init
 .init          0x08004384        0x8 c:/progra~2/armgnu~1/125863~1.3re/bin/../lib/gcc/arm-none-eabi/12.3.1/thumb/v7e-m+fp/hard/crtn.o
 *(.fini)
 .fini          0x0800438c        0x4 c:/progra~2/armgnu~1/125863~1.3re/bin/../lib/gcc/arm-none-eabi/12.3.1/thumb/v7e-m+fp/hard/crti.o
                0x0800438c                _fini
 .fini          0x08004390        0x8 c:/progra~2/armgnu~1/125863~1.3re/bin/../lib/gcc/arm-none-eabi/12.3.1/thumb/v7e-m+fp/hard/crtn.o
                0x08004398                        . = ALIGN (0x4)
                0x08004398                        _etext = .

.vfp11_veneer   0x08004398        0x0
 .vfp11_veneer  0x08004398        0x0 linker stubs

.v4_bx          0x08004398        0x0
 .v4_bx         0x08004398        0x0 linker stubs

.iplt           0x08004398        0x0
 .iplt          0x08004398        0x0 c:/progra~2/armgnu~1/125863~1.3re/bin/../lib/gcc/arm-none-eabi/12.3.1/thumb/v7e-m+fp/hard/crtbegin.o

.rodata         0x08004398       0xf8
                0x08004398                        . = ALIGN (0x4)
 *(.rodata)
 *(.rodata*)
 .rodata.str1.4
                0x08004398       0x36 CMakeFiles/BMS_V0.elf.dir/Core/Src/main.c.obj
 *fill*         0x080043ce        0x2 
 .rodata.Task_CAN_Rx_attributes
                0x080043d0       0x24 CMakeFiles/BMS_V0.elf.dir/Core/Src/main.c.obj
                0x080043d0                Task_CAN_Rx_attributes
 .rodata.Task_CAN_Tx_attributes
                0x080043f4       0x24 CMakeFiles/BMS_V0.elf.dir/Core/Src/main.c.obj
                0x080043f4                Task_CAN_Tx_attributes
 .rodata.Task_Data_Acqui_attributes
                0x08004418       0x24 CMakeFiles/BMS_V0.elf.dir/Core/Src/main.c.obj
                0x08004418                Task_Data_Acqui_attributes
 .rodata.Task_BMS_Main_attributes
                0x0800443c       0x24 CMakeFiles/BMS_V0.elf.dir/Core/Src/main.c.obj
                0x0800443c                Task_BMS_Main_attributes
 .rodata.APBPrescTable
                0x08004460        0x8 CMakeFiles/BMS_V0.elf.dir/Core/Src/system_stm32f4xx.c.obj
                0x08004460                APBPrescTable
 .rodata.AHBPrescTable
                0x08004468       0x10 CMakeFiles/BMS_V0.elf.dir/Core/Src/system_stm32f4xx.c.obj
                0x08004468                AHBPrescTable
 .rodata.vTaskStartScheduler.str1.4
                0x08004478        0x5 CMakeFiles/BMS_V0.elf.dir/Middlewares/Third_Party/FreeRTOS/Source/tasks.c.obj
 *fill*         0x0800447d        0x3 
 .rodata.prvCheckForValidListAndQueue.str1.4
                0x08004480        0x5 CMakeFiles/BMS_V0.elf.dir/Middlewares/Third_Party/FreeRTOS/Source/timers.c.obj
 *fill*         0x08004485        0x3 
 .rodata.xTimerCreateTimerTask.str1.4
                0x08004488        0x8 CMakeFiles/BMS_V0.elf.dir/Middlewares/Third_Party/FreeRTOS/Source/timers.c.obj
                0x08004490                        . = ALIGN (0x4)

.ARM.extab      0x08004490        0x0
                0x08004490                        . = ALIGN (0x4)
 *(.ARM.extab* .gnu.linkonce.armextab.*)
                0x08004490                        . = ALIGN (0x4)

.ARM            0x08004490        0x8
                0x08004490                        . = ALIGN (0x4)
                0x08004490                        __exidx_start = .
 *(.ARM.exidx*)
 .ARM.exidx     0x08004490        0x8 c:/progra~2/armgnu~1/125863~1.3re/bin/../lib/gcc/arm-none-eabi/12.3.1/thumb/v7e-m+fp/hard\libg.a(libc_a-memcpy.o)
 .ARM.exidx.text.__udivmoddi4
                0x08004498        0x0 c:/progra~2/armgnu~1/125863~1.3re/bin/../lib/gcc/arm-none-eabi/12.3.1/thumb/v7e-m+fp/hard\libgcc.a(_udivmoddi4.o)
                                  0x8 (size before relaxing)
                0x08004498                        __exidx_end = .
                0x08004498                        . = ALIGN (0x4)

.rel.dyn        0x08004498        0x0
 .rel.iplt      0x08004498        0x0 c:/progra~2/armgnu~1/125863~1.3re/bin/../lib/gcc/arm-none-eabi/12.3.1/thumb/v7e-m+fp/hard/crtbegin.o

.preinit_array  0x08004498        0x0
                0x08004498                        . = ALIGN (0x4)
                0x08004498                        PROVIDE (__preinit_array_start = .)
 *(.preinit_array*)
                0x08004498                        PROVIDE (__preinit_array_end = .)
                0x08004498                        . = ALIGN (0x4)

.init_array     0x08004498        0x8
                0x08004498                        . = ALIGN (0x4)
                0x08004498                        PROVIDE (__init_array_start = .)
 *(SORT_BY_NAME(.init_array.*))
 .init_array.00000
                0x08004498        0x4 c:/progra~2/armgnu~1/125863~1.3re/bin/../lib/gcc/arm-none-eabi/12.3.1/thumb/v7e-m+fp/hard\libg.a(libc_a-__call_atexit.o)
 *(.init_array*)
 .init_array    0x0800449c        0x4 c:/progra~2/armgnu~1/125863~1.3re/bin/../lib/gcc/arm-none-eabi/12.3.1/thumb/v7e-m+fp/hard/crtbegin.o
                0x080044a0                        PROVIDE (__init_array_end = .)
                0x080044a0                        . = ALIGN (0x4)

.fini_array     0x080044a0        0x4
                0x080044a0                        . = ALIGN (0x4)
                0x080044a0                        PROVIDE (__fini_array_start = .)
 *(SORT_BY_NAME(.fini_array.*))
 *(.fini_array*)
 .fini_array    0x080044a0        0x4 c:/progra~2/armgnu~1/125863~1.3re/bin/../lib/gcc/arm-none-eabi/12.3.1/thumb/v7e-m+fp/hard/crtbegin.o
                0x080044a4                        PROVIDE (__fini_array_end = .)
                0x080044a4                        . = ALIGN (0x4)
                0x080044a4                        _sidata = LOADADDR (.data)

.data           0x20000000      0x550 load address 0x080044a4
                0x20000000                        . = ALIGN (0x4)
                0x20000000                        _sdata = .
 *(.data)
 *(.data*)
 .data.SystemCoreClock
                0x20000000        0x4 CMakeFiles/BMS_V0.elf.dir/Core/Src/system_stm32f4xx.c.obj
                0x20000000                SystemCoreClock
 .data.uwTickFreq
                0x20000004        0x1 CMakeFiles/BMS_V0.elf.dir/Drivers/STM32F4xx_HAL_Driver/Src/stm32f4xx_hal.c.obj
                0x20000004                uwTickFreq
 *fill*         0x20000005        0x3 
 .data.uwTickPrio
                0x20000008        0x4 CMakeFiles/BMS_V0.elf.dir/Drivers/STM32F4xx_HAL_Driver/Src/stm32f4xx_hal.c.obj
                0x20000008                uwTickPrio
 .data.uxCriticalNesting
                0x2000000c        0x4 CMakeFiles/BMS_V0.elf.dir/Middlewares/Third_Party/FreeRTOS/Source/portable/GCC/ARM_CM4F/port.c.obj
 .data._impure_ptr
                0x20000010        0x4 c:/progra~2/armgnu~1/125863~1.3re/bin/../lib/gcc/arm-none-eabi/12.3.1/thumb/v7e-m+fp/hard\libg.a(libc_a-impure.o)
                0x20000010                _impure_ptr
 *fill*         0x20000014        0x4 
 .data._impure_data
                0x20000018      0x120 c:/progra~2/armgnu~1/125863~1.3re/bin/../lib/gcc/arm-none-eabi/12.3.1/thumb/v7e-m+fp/hard\libg.a(libc_a-impure.o)
                0x20000018                _impure_data
 .data.__atexit_recursive_mutex
                0x20000138        0x4 c:/progra~2/armgnu~1/125863~1.3re/bin/../lib/gcc/arm-none-eabi/12.3.1/thumb/v7e-m+fp/hard\libg.a(libc_a-__call_atexit.o)
                0x20000138                __atexit_recursive_mutex
 .data.__malloc_sbrk_base
                0x2000013c        0x4 c:/progra~2/armgnu~1/125863~1.3re/bin/../lib/gcc/arm-none-eabi/12.3.1/thumb/v7e-m+fp/hard\libg.a(libc_a-mallocr.o)
                0x2000013c                __malloc_sbrk_base
 .data.__malloc_trim_threshold
                0x20000140        0x4 c:/progra~2/armgnu~1/125863~1.3re/bin/../lib/gcc/arm-none-eabi/12.3.1/thumb/v7e-m+fp/hard\libg.a(libc_a-mallocr.o)
                0x20000140                __malloc_trim_threshold
 *fill*         0x20000144        0x4 
 .data.__malloc_av_
                0x20000148      0x408 c:/progra~2/armgnu~1/125863~1.3re/bin/../lib/gcc/arm-none-eabi/12.3.1/thumb/v7e-m+fp/hard\libg.a(libc_a-mallocr.o)
                0x20000148                __malloc_av_
 *(.RamFunc)
 *(.RamFunc*)
                0x20000550                        . = ALIGN (0x4)
                0x20000550                        _edata = .

.tm_clone_table
                0x20000550        0x0 load address 0x080049f4
 .tm_clone_table
                0x20000550        0x0 c:/progra~2/armgnu~1/125863~1.3re/bin/../lib/gcc/arm-none-eabi/12.3.1/thumb/v7e-m+fp/hard/crtbegin.o
 .tm_clone_table
                0x20000550        0x0 c:/progra~2/armgnu~1/125863~1.3re/bin/../lib/gcc/arm-none-eabi/12.3.1/thumb/v7e-m+fp/hard/crtend.o

.igot.plt       0x20000550        0x0 load address 0x080049f4
 .igot.plt      0x20000550        0x0 c:/progra~2/armgnu~1/125863~1.3re/bin/../lib/gcc/arm-none-eabi/12.3.1/thumb/v7e-m+fp/hard/crtbegin.o
                0x20000550                        . = ALIGN (0x4)

.bss            0x20000550     0x5e6c load address 0x080049f4
                0x20000550                        _sbss = .
                0x20000550                        __bss_start__ = _sbss
 *(.bss)
 *(.bss*)
 .bss.completed.1
                0x20000550        0x1 c:/progra~2/armgnu~1/125863~1.3re/bin/../lib/gcc/arm-none-eabi/12.3.1/thumb/v7e-m+fp/hard/crtbegin.o
 *fill*         0x20000551        0x3 
 .bss.object.0  0x20000554       0x18 c:/progra~2/armgnu~1/125863~1.3re/bin/../lib/gcc/arm-none-eabi/12.3.1/thumb/v7e-m+fp/hard/crtbegin.o
 *fill*         0x2000056c        0x4 
 .bss.Task_CAN_RxControlBlock
                0x20000570      0x180 CMakeFiles/BMS_V0.elf.dir/Core/Src/main.c.obj
                0x20000570                Task_CAN_RxControlBlock
 .bss.Task_CAN_RxBuffer
                0x200006f0      0x200 CMakeFiles/BMS_V0.elf.dir/Core/Src/main.c.obj
                0x200006f0                Task_CAN_RxBuffer
 .bss.Task_CAN_RxHandle
                0x200008f0        0x4 CMakeFiles/BMS_V0.elf.dir/Core/Src/main.c.obj
                0x200008f0                Task_CAN_RxHandle
 *fill*         0x200008f4        0x4 
 .bss.Task_CAN_TxControlBlock
                0x200008f8      0x180 CMakeFiles/BMS_V0.elf.dir/Core/Src/main.c.obj
                0x200008f8                Task_CAN_TxControlBlock
 .bss.Task_CAN_TxBuffer
                0x20000a78      0x200 CMakeFiles/BMS_V0.elf.dir/Core/Src/main.c.obj
                0x20000a78                Task_CAN_TxBuffer
 .bss.Task_CAN_TxHandle
                0x20000c78        0x4 CMakeFiles/BMS_V0.elf.dir/Core/Src/main.c.obj
                0x20000c78                Task_CAN_TxHandle
 *fill*         0x20000c7c        0x4 
 .bss.Task_Data_AcquiControlBlock
                0x20000c80      0x180 CMakeFiles/BMS_V0.elf.dir/Core/Src/main.c.obj
                0x20000c80                Task_Data_AcquiControlBlock
 .bss.Task_Data_AcquiBuffer
                0x20000e00      0x200 CMakeFiles/BMS_V0.elf.dir/Core/Src/main.c.obj
                0x20000e00                Task_Data_AcquiBuffer
 .bss.Task_Data_AcquiHandle
                0x20001000        0x4 CMakeFiles/BMS_V0.elf.dir/Core/Src/main.c.obj
                0x20001000                Task_Data_AcquiHandle
 *fill*         0x20001004        0x4 
 .bss.Task_BMS_MainControlBlock
                0x20001008      0x180 CMakeFiles/BMS_V0.elf.dir/Core/Src/main.c.obj
                0x20001008                Task_BMS_MainControlBlock
 .bss.Task_BMS_MainBuffer
                0x20001188      0x200 CMakeFiles/BMS_V0.elf.dir/Core/Src/main.c.obj
                0x20001188                Task_BMS_MainBuffer
 .bss.Task_BMS_MainHandle
                0x20001388        0x4 CMakeFiles/BMS_V0.elf.dir/Core/Src/main.c.obj
                0x20001388                Task_BMS_MainHandle
 .bss.huart2    0x2000138c       0x44 CMakeFiles/BMS_V0.elf.dir/Core/Src/main.c.obj
                0x2000138c                huart2
 .bss.hspi2     0x200013d0       0x58 CMakeFiles/BMS_V0.elf.dir/Core/Src/main.c.obj
                0x200013d0                hspi2
 .bss.hi2c1     0x20001428       0x54 CMakeFiles/BMS_V0.elf.dir/Core/Src/main.c.obj
                0x20001428                hi2c1
 .bss.hcrc      0x2000147c        0x8 CMakeFiles/BMS_V0.elf.dir/Core/Src/main.c.obj
                0x2000147c                hcrc
 .bss.hadc1     0x20001484       0x48 CMakeFiles/BMS_V0.elf.dir/Core/Src/main.c.obj
                0x20001484                hadc1
 .bss.htim1     0x200014cc       0x48 CMakeFiles/BMS_V0.elf.dir/Core/Src/stm32f4xx_hal_timebase_tim.c.obj
                0x200014cc                htim1
 .bss.__sbrk_heap_end
                0x20001514        0x4 CMakeFiles/BMS_V0.elf.dir/Core/Src/sysmem.c.obj
 .bss.uwTick    0x20001518        0x4 CMakeFiles/BMS_V0.elf.dir/Drivers/STM32F4xx_HAL_Driver/Src/stm32f4xx_hal.c.obj
                0x20001518                uwTick
 .bss.Timer_Stack.0
                0x2000151c      0x400 CMakeFiles/BMS_V0.elf.dir/Middlewares/Third_Party/FreeRTOS/Source/CMSIS_RTOS_V2/cmsis_os2.c.obj
 *fill*         0x2000191c        0x4 
 .bss.Timer_TCB.1
                0x20001920      0x180 CMakeFiles/BMS_V0.elf.dir/Middlewares/Third_Party/FreeRTOS/Source/CMSIS_RTOS_V2/cmsis_os2.c.obj
 .bss.Idle_Stack.2
                0x20001aa0      0x200 CMakeFiles/BMS_V0.elf.dir/Middlewares/Third_Party/FreeRTOS/Source/CMSIS_RTOS_V2/cmsis_os2.c.obj
 .bss.Idle_TCB.3
                0x20001ca0      0x180 CMakeFiles/BMS_V0.elf.dir/Middlewares/Third_Party/FreeRTOS/Source/CMSIS_RTOS_V2/cmsis_os2.c.obj
 .bss.KernelState
                0x20001e20        0x4 CMakeFiles/BMS_V0.elf.dir/Middlewares/Third_Party/FreeRTOS/Source/CMSIS_RTOS_V2/cmsis_os2.c.obj
 .bss.ulMaxPRIGROUPValue
                0x20001e24        0x4 CMakeFiles/BMS_V0.elf.dir/Middlewares/Third_Party/FreeRTOS/Source/portable/GCC/ARM_CM4F/port.c.obj
 .bss.ucMaxSysCallPriority
                0x20001e28        0x1 CMakeFiles/BMS_V0.elf.dir/Middlewares/Third_Party/FreeRTOS/Source/portable/GCC/ARM_CM4F/port.c.obj
 *fill*         0x20001e29        0x3 
 .bss.xBlockAllocatedBit
                0x20001e2c        0x4 CMakeFiles/BMS_V0.elf.dir/Middlewares/Third_Party/FreeRTOS/Source/portable/MemMang/heap_4.c.obj
 .bss.xNumberOfSuccessfulFrees
                0x20001e30        0x4 CMakeFiles/BMS_V0.elf.dir/Middlewares/Third_Party/FreeRTOS/Source/portable/MemMang/heap_4.c.obj
 .bss.xNumberOfSuccessfulAllocations
                0x20001e34        0x4 CMakeFiles/BMS_V0.elf.dir/Middlewares/Third_Party/FreeRTOS/Source/portable/MemMang/heap_4.c.obj
 .bss.xMinimumEverFreeBytesRemaining
                0x20001e38        0x4 CMakeFiles/BMS_V0.elf.dir/Middlewares/Third_Party/FreeRTOS/Source/portable/MemMang/heap_4.c.obj
 .bss.xFreeBytesRemaining
                0x20001e3c        0x4 CMakeFiles/BMS_V0.elf.dir/Middlewares/Third_Party/FreeRTOS/Source/portable/MemMang/heap_4.c.obj
 .bss.pxEnd     0x20001e40        0x4 CMakeFiles/BMS_V0.elf.dir/Middlewares/Third_Party/FreeRTOS/Source/portable/MemMang/heap_4.c.obj
 .bss.xStart    0x20001e44        0x8 CMakeFiles/BMS_V0.elf.dir/Middlewares/Third_Party/FreeRTOS/Source/portable/MemMang/heap_4.c.obj
 .bss.ucHeap    0x20001e4c     0x3c00 CMakeFiles/BMS_V0.elf.dir/Middlewares/Third_Party/FreeRTOS/Source/portable/MemMang/heap_4.c.obj
 .bss.xQueueRegistry
                0x20005a4c       0x40 CMakeFiles/BMS_V0.elf.dir/Middlewares/Third_Party/FreeRTOS/Source/queue.c.obj
                0x20005a4c                xQueueRegistry
 .bss.uxSchedulerSuspended
                0x20005a8c        0x4 CMakeFiles/BMS_V0.elf.dir/Middlewares/Third_Party/FreeRTOS/Source/tasks.c.obj
 .bss.xIdleTaskHandle
                0x20005a90        0x4 CMakeFiles/BMS_V0.elf.dir/Middlewares/Third_Party/FreeRTOS/Source/tasks.c.obj
 .bss.xNextTaskUnblockTime
                0x20005a94        0x4 CMakeFiles/BMS_V0.elf.dir/Middlewares/Third_Party/FreeRTOS/Source/tasks.c.obj
 .bss.uxTaskNumber
                0x20005a98        0x4 CMakeFiles/BMS_V0.elf.dir/Middlewares/Third_Party/FreeRTOS/Source/tasks.c.obj
 .bss.xNumOfOverflows
                0x20005a9c        0x4 CMakeFiles/BMS_V0.elf.dir/Middlewares/Third_Party/FreeRTOS/Source/tasks.c.obj
 .bss.xYieldPending
                0x20005aa0        0x4 CMakeFiles/BMS_V0.elf.dir/Middlewares/Third_Party/FreeRTOS/Source/tasks.c.obj
 .bss.xPendedTicks
                0x20005aa4        0x4 CMakeFiles/BMS_V0.elf.dir/Middlewares/Third_Party/FreeRTOS/Source/tasks.c.obj
 .bss.xSchedulerRunning
                0x20005aa8        0x4 CMakeFiles/BMS_V0.elf.dir/Middlewares/Third_Party/FreeRTOS/Source/tasks.c.obj
 .bss.uxTopReadyPriority
                0x20005aac        0x4 CMakeFiles/BMS_V0.elf.dir/Middlewares/Third_Party/FreeRTOS/Source/tasks.c.obj
 .bss.xTickCount
                0x20005ab0        0x4 CMakeFiles/BMS_V0.elf.dir/Middlewares/Third_Party/FreeRTOS/Source/tasks.c.obj
 .bss.uxCurrentNumberOfTasks
                0x20005ab4        0x4 CMakeFiles/BMS_V0.elf.dir/Middlewares/Third_Party/FreeRTOS/Source/tasks.c.obj
 .bss.xSuspendedTaskList
                0x20005ab8       0x14 CMakeFiles/BMS_V0.elf.dir/Middlewares/Third_Party/FreeRTOS/Source/tasks.c.obj
 .bss.uxDeletedTasksWaitingCleanUp
                0x20005acc        0x4 CMakeFiles/BMS_V0.elf.dir/Middlewares/Third_Party/FreeRTOS/Source/tasks.c.obj
 .bss.xTasksWaitingTermination
                0x20005ad0       0x14 CMakeFiles/BMS_V0.elf.dir/Middlewares/Third_Party/FreeRTOS/Source/tasks.c.obj
 .bss.xPendingReadyList
                0x20005ae4       0x14 CMakeFiles/BMS_V0.elf.dir/Middlewares/Third_Party/FreeRTOS/Source/tasks.c.obj
 .bss.pxOverflowDelayedTaskList
                0x20005af8        0x4 CMakeFiles/BMS_V0.elf.dir/Middlewares/Third_Party/FreeRTOS/Source/tasks.c.obj
 .bss.pxDelayedTaskList
                0x20005afc        0x4 CMakeFiles/BMS_V0.elf.dir/Middlewares/Third_Party/FreeRTOS/Source/tasks.c.obj
 .bss.xDelayedTaskList2
                0x20005b00       0x14 CMakeFiles/BMS_V0.elf.dir/Middlewares/Third_Party/FreeRTOS/Source/tasks.c.obj
 .bss.xDelayedTaskList1
                0x20005b14       0x14 CMakeFiles/BMS_V0.elf.dir/Middlewares/Third_Party/FreeRTOS/Source/tasks.c.obj
 .bss.pxReadyTasksLists
                0x20005b28      0x460 CMakeFiles/BMS_V0.elf.dir/Middlewares/Third_Party/FreeRTOS/Source/tasks.c.obj
 .bss.pxCurrentTCB
                0x20005f88        0x4 CMakeFiles/BMS_V0.elf.dir/Middlewares/Third_Party/FreeRTOS/Source/tasks.c.obj
                0x20005f88                pxCurrentTCB
 .bss.xStaticTimerQueue.0
                0x20005f8c       0x50 CMakeFiles/BMS_V0.elf.dir/Middlewares/Third_Party/FreeRTOS/Source/timers.c.obj
 .bss.ucStaticTimerQueueStorage.1
                0x20005fdc       0xa0 CMakeFiles/BMS_V0.elf.dir/Middlewares/Third_Party/FreeRTOS/Source/timers.c.obj
 .bss.xLastTime.2
                0x2000607c        0x4 CMakeFiles/BMS_V0.elf.dir/Middlewares/Third_Party/FreeRTOS/Source/timers.c.obj
 .bss.xTimerTaskHandle
                0x20006080        0x4 CMakeFiles/BMS_V0.elf.dir/Middlewares/Third_Party/FreeRTOS/Source/timers.c.obj
 .bss.xTimerQueue
                0x20006084        0x4 CMakeFiles/BMS_V0.elf.dir/Middlewares/Third_Party/FreeRTOS/Source/timers.c.obj
 .bss.pxOverflowTimerList
                0x20006088        0x4 CMakeFiles/BMS_V0.elf.dir/Middlewares/Third_Party/FreeRTOS/Source/timers.c.obj
 .bss.pxCurrentTimerList
                0x2000608c        0x4 CMakeFiles/BMS_V0.elf.dir/Middlewares/Third_Party/FreeRTOS/Source/timers.c.obj
 .bss.xActiveTimerList2
                0x20006090       0x14 CMakeFiles/BMS_V0.elf.dir/Middlewares/Third_Party/FreeRTOS/Source/timers.c.obj
 .bss.xActiveTimerList1
                0x200060a4       0x14 CMakeFiles/BMS_V0.elf.dir/Middlewares/Third_Party/FreeRTOS/Source/timers.c.obj
 .bss.__sf      0x200060b8      0x138 c:/progra~2/armgnu~1/125863~1.3re/bin/../lib/gcc/arm-none-eabi/12.3.1/thumb/v7e-m+fp/hard\libg.a(libc_a-findfp.o)
                0x200060b8                __sf
 .bss.errno     0x200061f0        0x4 c:/progra~2/armgnu~1/125863~1.3re/bin/../lib/gcc/arm-none-eabi/12.3.1/thumb/v7e-m+fp/hard\libg.a(libc_a-reent.o)
                0x200061f0                errno
 .bss.__lock___malloc_recursive_mutex
                0x200061f4        0x1 c:/progra~2/armgnu~1/125863~1.3re/bin/../lib/gcc/arm-none-eabi/12.3.1/thumb/v7e-m+fp/hard\libg.a(libc_a-lock.o)
                0x200061f4                __lock___malloc_recursive_mutex
 *fill*         0x200061f5        0x3 
 .bss.__lock___atexit_recursive_mutex
                0x200061f8        0x1 c:/progra~2/armgnu~1/125863~1.3re/bin/../lib/gcc/arm-none-eabi/12.3.1/thumb/v7e-m+fp/hard\libg.a(libc_a-lock.o)
                0x200061f8                __lock___atexit_recursive_mutex
 *fill*         0x200061f9        0x3 
 .bss.__atexit  0x200061fc        0x4 c:/progra~2/armgnu~1/125863~1.3re/bin/../lib/gcc/arm-none-eabi/12.3.1/thumb/v7e-m+fp/hard\libg.a(libc_a-__call_atexit.o)
                0x200061fc                __atexit
 .bss.__malloc_current_mallinfo
                0x20006200       0x28 c:/progra~2/armgnu~1/125863~1.3re/bin/../lib/gcc/arm-none-eabi/12.3.1/thumb/v7e-m+fp/hard\libg.a(libc_a-mallocr.o)
                0x20006200                __malloc_current_mallinfo
 .bss.__malloc_top_pad
                0x20006228        0x4 c:/progra~2/armgnu~1/125863~1.3re/bin/../lib/gcc/arm-none-eabi/12.3.1/thumb/v7e-m+fp/hard\libg.a(libc_a-mallocr.o)
                0x20006228                __malloc_top_pad
 .bss.__atexit0
                0x2000622c      0x190 c:/progra~2/armgnu~1/125863~1.3re/bin/../lib/gcc/arm-none-eabi/12.3.1/thumb/v7e-m+fp/hard\libg.a(libc_a-__atexit.o)
                0x2000622c                __atexit0
 *(COMMON)
                0x200063bc                        . = ALIGN (0x4)
                0x200063bc                        _ebss = .
                0x200063bc                        __bss_end__ = _ebss

._user_heap_stack
                0x200063bc      0x604 load address 0x080049f4
                0x200063c0                        . = ALIGN (0x8)
 *fill*         0x200063bc        0x4 
                [!provide]                        PROVIDE (end = .)
                0x200063c0                        PROVIDE (_end = .)
                0x200065c0                        . = (. + _Min_Heap_Size)
 *fill*         0x200063c0      0x200 
                0x200069c0                        . = (. + _Min_Stack_Size)
 *fill*         0x200065c0      0x400 
                0x200069c0                        . = ALIGN (0x8)

/DISCARD/
 libc.a(*)
 libm.a(*)
 libgcc.a(*)

.ARM.attributes
                0x00000000       0x30
 *(.ARM.attributes)
 .ARM.attributes
                0x00000000       0x22 c:/progra~2/armgnu~1/125863~1.3re/bin/../lib/gcc/arm-none-eabi/12.3.1/thumb/v7e-m+fp/hard/crti.o
 .ARM.attributes
                0x00000022       0x34 c:/progra~2/armgnu~1/125863~1.3re/bin/../lib/gcc/arm-none-eabi/12.3.1/thumb/v7e-m+fp/hard/crtbegin.o
 .ARM.attributes
                0x00000056       0x34 CMakeFiles/BMS_V0.elf.dir/Core/Src/main.c.obj
 .ARM.attributes
                0x0000008a       0x34 CMakeFiles/BMS_V0.elf.dir/Core/Src/stm32f4xx_hal_msp.c.obj
 .ARM.attributes
                0x000000be       0x34 CMakeFiles/BMS_V0.elf.dir/Core/Src/stm32f4xx_hal_timebase_tim.c.obj
 .ARM.attributes
                0x000000f2       0x34 CMakeFiles/BMS_V0.elf.dir/Core/Src/stm32f4xx_it.c.obj
 .ARM.attributes
                0x00000126       0x34 CMakeFiles/BMS_V0.elf.dir/Core/Src/sysmem.c.obj
 .ARM.attributes
                0x0000015a       0x34 CMakeFiles/BMS_V0.elf.dir/Core/Src/system_stm32f4xx.c.obj
 .ARM.attributes
                0x0000018e       0x21 CMakeFiles/BMS_V0.elf.dir/Core/Startup/startup_stm32f401retx.s.obj
 .ARM.attributes
                0x000001af       0x34 CMakeFiles/BMS_V0.elf.dir/Drivers/STM32F4xx_HAL_Driver/Src/stm32f4xx_hal.c.obj
 .ARM.attributes
                0x000001e3       0x34 CMakeFiles/BMS_V0.elf.dir/Drivers/STM32F4xx_HAL_Driver/Src/stm32f4xx_hal_adc.c.obj
 .ARM.attributes
                0x00000217       0x34 CMakeFiles/BMS_V0.elf.dir/Drivers/STM32F4xx_HAL_Driver/Src/stm32f4xx_hal_cortex.c.obj
 .ARM.attributes
                0x0000024b       0x34 CMakeFiles/BMS_V0.elf.dir/Drivers/STM32F4xx_HAL_Driver/Src/stm32f4xx_hal_crc.c.obj
 .ARM.attributes
                0x0000027f       0x34 CMakeFiles/BMS_V0.elf.dir/Drivers/STM32F4xx_HAL_Driver/Src/stm32f4xx_hal_gpio.c.obj
 .ARM.attributes
                0x000002b3       0x34 CMakeFiles/BMS_V0.elf.dir/Drivers/STM32F4xx_HAL_Driver/Src/stm32f4xx_hal_i2c.c.obj
 .ARM.attributes
                0x000002e7       0x34 CMakeFiles/BMS_V0.elf.dir/Drivers/STM32F4xx_HAL_Driver/Src/stm32f4xx_hal_rcc.c.obj
 .ARM.attributes
                0x0000031b       0x34 CMakeFiles/BMS_V0.elf.dir/Drivers/STM32F4xx_HAL_Driver/Src/stm32f4xx_hal_spi.c.obj
 .ARM.attributes
                0x0000034f       0x34 CMakeFiles/BMS_V0.elf.dir/Drivers/STM32F4xx_HAL_Driver/Src/stm32f4xx_hal_tim.c.obj
 .ARM.attributes
                0x00000383       0x34 CMakeFiles/BMS_V0.elf.dir/Drivers/STM32F4xx_HAL_Driver/Src/stm32f4xx_hal_tim_ex.c.obj
 .ARM.attributes
                0x000003b7       0x34 CMakeFiles/BMS_V0.elf.dir/Drivers/STM32F4xx_HAL_Driver/Src/stm32f4xx_hal_uart.c.obj
 .ARM.attributes
                0x000003eb       0x34 CMakeFiles/BMS_V0.elf.dir/Middlewares/Third_Party/FreeRTOS/Source/CMSIS_RTOS_V2/cmsis_os2.c.obj
 .ARM.attributes
                0x0000041f       0x34 CMakeFiles/BMS_V0.elf.dir/Middlewares/Third_Party/FreeRTOS/Source/list.c.obj
 .ARM.attributes
                0x00000453       0x34 CMakeFiles/BMS_V0.elf.dir/Middlewares/Third_Party/FreeRTOS/Source/portable/GCC/ARM_CM4F/port.c.obj
 .ARM.attributes
                0x00000487       0x34 CMakeFiles/BMS_V0.elf.dir/Middlewares/Third_Party/FreeRTOS/Source/portable/MemMang/heap_4.c.obj
 .ARM.attributes
                0x000004bb       0x34 CMakeFiles/BMS_V0.elf.dir/Middlewares/Third_Party/FreeRTOS/Source/queue.c.obj
 .ARM.attributes
                0x000004ef       0x34 CMakeFiles/BMS_V0.elf.dir/Middlewares/Third_Party/FreeRTOS/Source/tasks.c.obj
 .ARM.attributes
                0x00000523       0x34 CMakeFiles/BMS_V0.elf.dir/Middlewares/Third_Party/FreeRTOS/Source/timers.c.obj
 .ARM.attributes
                0x00000557       0x22 c:/progra~2/armgnu~1/125863~1.3re/bin/../lib/gcc/arm-none-eabi/12.3.1/thumb/v7e-m+fp/hard\libgcc.a(_aeabi_uldivmod.o)
 .ARM.attributes
                0x00000579       0x34 c:/progra~2/armgnu~1/125863~1.3re/bin/../lib/gcc/arm-none-eabi/12.3.1/thumb/v7e-m+fp/hard\libgcc.a(_udivmoddi4.o)
 .ARM.attributes
                0x000005ad       0x22 c:/progra~2/armgnu~1/125863~1.3re/bin/../lib/gcc/arm-none-eabi/12.3.1/thumb/v7e-m+fp/hard\libgcc.a(_dvmd_tls.o)
 .ARM.attributes
                0x000005cf       0x34 c:/progra~2/armgnu~1/125863~1.3re/bin/../lib/gcc/arm-none-eabi/12.3.1/thumb/v7e-m+fp/hard\libg.a(libc_a-findfp.o)
 .ARM.attributes
                0x00000603       0x34 c:/progra~2/armgnu~1/125863~1.3re/bin/../lib/gcc/arm-none-eabi/12.3.1/thumb/v7e-m+fp/hard\libg.a(libc_a-memset.o)
 .ARM.attributes
                0x00000637       0x34 c:/progra~2/armgnu~1/125863~1.3re/bin/../lib/gcc/arm-none-eabi/12.3.1/thumb/v7e-m+fp/hard\libg.a(libc_a-reent.o)
 .ARM.attributes
                0x0000066b       0x34 c:/progra~2/armgnu~1/125863~1.3re/bin/../lib/gcc/arm-none-eabi/12.3.1/thumb/v7e-m+fp/hard\libg.a(libc_a-impure.o)
 .ARM.attributes
                0x0000069f       0x34 c:/progra~2/armgnu~1/125863~1.3re/bin/../lib/gcc/arm-none-eabi/12.3.1/thumb/v7e-m+fp/hard\libg.a(libc_a-errno.o)
 .ARM.attributes
                0x000006d3       0x34 c:/progra~2/armgnu~1/125863~1.3re/bin/../lib/gcc/arm-none-eabi/12.3.1/thumb/v7e-m+fp/hard\libg.a(libc_a-init.o)
 .ARM.attributes
                0x00000707       0x34 c:/progra~2/armgnu~1/125863~1.3re/bin/../lib/gcc/arm-none-eabi/12.3.1/thumb/v7e-m+fp/hard\libg.a(libc_a-lock.o)
 .ARM.attributes
                0x0000073b       0x20 c:/progra~2/armgnu~1/125863~1.3re/bin/../lib/gcc/arm-none-eabi/12.3.1/thumb/v7e-m+fp/hard\libg.a(libc_a-memcpy.o)
 .ARM.attributes
                0x0000075b       0x34 c:/progra~2/armgnu~1/125863~1.3re/bin/../lib/gcc/arm-none-eabi/12.3.1/thumb/v7e-m+fp/hard\libg.a(libc_a-__call_atexit.o)
 .ARM.attributes
                0x0000078f       0x34 c:/progra~2/armgnu~1/125863~1.3re/bin/../lib/gcc/arm-none-eabi/12.3.1/thumb/v7e-m+fp/hard\libg.a(libc_a-atexit.o)
 .ARM.attributes
                0x000007c3       0x34 c:/progra~2/armgnu~1/125863~1.3re/bin/../lib/gcc/arm-none-eabi/12.3.1/thumb/v7e-m+fp/hard\libg.a(libc_a-freer.o)
 .ARM.attributes
                0x000007f7       0x34 c:/progra~2/armgnu~1/125863~1.3re/bin/../lib/gcc/arm-none-eabi/12.3.1/thumb/v7e-m+fp/hard\libg.a(libc_a-mallocr.o)
 .ARM.attributes
                0x0000082b       0x34 c:/progra~2/armgnu~1/125863~1.3re/bin/../lib/gcc/arm-none-eabi/12.3.1/thumb/v7e-m+fp/hard\libg.a(libc_a-mlock.o)
 .ARM.attributes
                0x0000085f       0x34 c:/progra~2/armgnu~1/125863~1.3re/bin/../lib/gcc/arm-none-eabi/12.3.1/thumb/v7e-m+fp/hard\libg.a(libc_a-sbrkr.o)
 .ARM.attributes
                0x00000893       0x34 c:/progra~2/armgnu~1/125863~1.3re/bin/../lib/gcc/arm-none-eabi/12.3.1/thumb/v7e-m+fp/hard\libg.a(libc_a-fini.o)
 .ARM.attributes
                0x000008c7       0x34 c:/progra~2/armgnu~1/125863~1.3re/bin/../lib/gcc/arm-none-eabi/12.3.1/thumb/v7e-m+fp/hard\libg.a(libc_a-sysconf.o)
 .ARM.attributes
                0x000008fb       0x34 c:/progra~2/armgnu~1/125863~1.3re/bin/../lib/gcc/arm-none-eabi/12.3.1/thumb/v7e-m+fp/hard\libg.a(libc_a-__atexit.o)
 .ARM.attributes
                0x0000092f       0x34 c:/progra~2/armgnu~1/125863~1.3re/bin/../lib/gcc/arm-none-eabi/12.3.1/thumb/v7e-m+fp/hard/crtend.o
 .ARM.attributes
                0x00000963       0x22 c:/progra~2/armgnu~1/125863~1.3re/bin/../lib/gcc/arm-none-eabi/12.3.1/thumb/v7e-m+fp/hard/crtn.o
OUTPUT(BMS_V0.elf elf32-littlearm)
LOAD linker stubs
LOAD c:/progra~2/armgnu~1/125863~1.3re/bin/../lib/gcc/arm-none-eabi/12.3.1/thumb/v7e-m+fp/hard\libc.a
LOAD c:/progra~2/armgnu~1/125863~1.3re/bin/../lib/gcc/arm-none-eabi/12.3.1/thumb/v7e-m+fp/hard\libm.a
LOAD c:/progra~2/armgnu~1/125863~1.3re/bin/../lib/gcc/arm-none-eabi/12.3.1/thumb/v7e-m+fp/hard\libgcc.a

.debug_info     0x00000000    0x26288
 .debug_info    0x00000000     0x286d CMakeFiles/BMS_V0.elf.dir/Core/Src/main.c.obj
 .debug_info    0x0000286d     0x1685 CMakeFiles/BMS_V0.elf.dir/Core/Src/stm32f4xx_hal_msp.c.obj
 .debug_info    0x00003ef2      0xbfe CMakeFiles/BMS_V0.elf.dir/Core/Src/stm32f4xx_hal_timebase_tim.c.obj
 .debug_info    0x00004af0      0x6ae CMakeFiles/BMS_V0.elf.dir/Core/Src/stm32f4xx_it.c.obj
 .debug_info    0x0000519e      0x171 CMakeFiles/BMS_V0.elf.dir/Core/Src/sysmem.c.obj
 .debug_info    0x0000530f      0x553 CMakeFiles/BMS_V0.elf.dir/Core/Src/system_stm32f4xx.c.obj
 .debug_info    0x00005862       0x30 CMakeFiles/BMS_V0.elf.dir/Core/Startup/startup_stm32f401retx.s.obj
 .debug_info    0x00005892      0x959 CMakeFiles/BMS_V0.elf.dir/Drivers/STM32F4xx_HAL_Driver/Src/stm32f4xx_hal.c.obj
 .debug_info    0x000061eb      0xe73 CMakeFiles/BMS_V0.elf.dir/Drivers/STM32F4xx_HAL_Driver/Src/stm32f4xx_hal_adc.c.obj
 .debug_info    0x0000705e      0xee7 CMakeFiles/BMS_V0.elf.dir/Drivers/STM32F4xx_HAL_Driver/Src/stm32f4xx_hal_cortex.c.obj
 .debug_info    0x00007f45      0x3b0 CMakeFiles/BMS_V0.elf.dir/Drivers/STM32F4xx_HAL_Driver/Src/stm32f4xx_hal_crc.c.obj
 .debug_info    0x000082f5      0x73a CMakeFiles/BMS_V0.elf.dir/Drivers/STM32F4xx_HAL_Driver/Src/stm32f4xx_hal_gpio.c.obj
 .debug_info    0x00008a2f     0x377f CMakeFiles/BMS_V0.elf.dir/Drivers/STM32F4xx_HAL_Driver/Src/stm32f4xx_hal_i2c.c.obj
 .debug_info    0x0000c1ae      0xab1 CMakeFiles/BMS_V0.elf.dir/Drivers/STM32F4xx_HAL_Driver/Src/stm32f4xx_hal_rcc.c.obj
 .debug_info    0x0000cc5f     0x1d81 CMakeFiles/BMS_V0.elf.dir/Drivers/STM32F4xx_HAL_Driver/Src/stm32f4xx_hal_spi.c.obj
 .debug_info    0x0000e9e0     0x3b72 CMakeFiles/BMS_V0.elf.dir/Drivers/STM32F4xx_HAL_Driver/Src/stm32f4xx_hal_tim.c.obj
 .debug_info    0x00012552     0x1a94 CMakeFiles/BMS_V0.elf.dir/Drivers/STM32F4xx_HAL_Driver/Src/stm32f4xx_hal_tim_ex.c.obj
 .debug_info    0x00013fe6     0x4093 CMakeFiles/BMS_V0.elf.dir/Drivers/STM32F4xx_HAL_Driver/Src/stm32f4xx_hal_uart.c.obj
 .debug_info    0x00018079     0x537c CMakeFiles/BMS_V0.elf.dir/Middlewares/Third_Party/FreeRTOS/Source/CMSIS_RTOS_V2/cmsis_os2.c.obj
 .debug_info    0x0001d3f5      0x2bf CMakeFiles/BMS_V0.elf.dir/Middlewares/Third_Party/FreeRTOS/Source/list.c.obj
 .debug_info    0x0001d6b4      0x55a CMakeFiles/BMS_V0.elf.dir/Middlewares/Third_Party/FreeRTOS/Source/portable/GCC/ARM_CM4F/port.c.obj
 .debug_info    0x0001dc0e      0x593 CMakeFiles/BMS_V0.elf.dir/Middlewares/Third_Party/FreeRTOS/Source/portable/MemMang/heap_4.c.obj
 .debug_info    0x0001e1a1     0x2775 CMakeFiles/BMS_V0.elf.dir/Middlewares/Third_Party/FreeRTOS/Source/queue.c.obj
 .debug_info    0x00020916     0x379f CMakeFiles/BMS_V0.elf.dir/Middlewares/Third_Party/FreeRTOS/Source/tasks.c.obj
 .debug_info    0x000240b5     0x21d3 CMakeFiles/BMS_V0.elf.dir/Middlewares/Third_Party/FreeRTOS/Source/timers.c.obj

.debug_abbrev   0x00000000     0x3ffa
 .debug_abbrev  0x00000000      0x377 CMakeFiles/BMS_V0.elf.dir/Core/Src/main.c.obj
 .debug_abbrev  0x00000377      0x23d CMakeFiles/BMS_V0.elf.dir/Core/Src/stm32f4xx_hal_msp.c.obj
 .debug_abbrev  0x000005b4      0x246 CMakeFiles/BMS_V0.elf.dir/Core/Src/stm32f4xx_hal_timebase_tim.c.obj
 .debug_abbrev  0x000007fa      0x199 CMakeFiles/BMS_V0.elf.dir/Core/Src/stm32f4xx_it.c.obj
 .debug_abbrev  0x00000993       0xea CMakeFiles/BMS_V0.elf.dir/Core/Src/sysmem.c.obj
 .debug_abbrev  0x00000a7d      0x11e CMakeFiles/BMS_V0.elf.dir/Core/Src/system_stm32f4xx.c.obj
 .debug_abbrev  0x00000b9b       0x24 CMakeFiles/BMS_V0.elf.dir/Core/Startup/startup_stm32f401retx.s.obj
 .debug_abbrev  0x00000bbf      0x277 CMakeFiles/BMS_V0.elf.dir/Drivers/STM32F4xx_HAL_Driver/Src/stm32f4xx_hal.c.obj
 .debug_abbrev  0x00000e36      0x234 CMakeFiles/BMS_V0.elf.dir/Drivers/STM32F4xx_HAL_Driver/Src/stm32f4xx_hal_adc.c.obj
 .debug_abbrev  0x0000106a      0x39b CMakeFiles/BMS_V0.elf.dir/Drivers/STM32F4xx_HAL_Driver/Src/stm32f4xx_hal_cortex.c.obj
 .debug_abbrev  0x00001405      0x19f CMakeFiles/BMS_V0.elf.dir/Drivers/STM32F4xx_HAL_Driver/Src/stm32f4xx_hal_crc.c.obj
 .debug_abbrev  0x000015a4      0x201 CMakeFiles/BMS_V0.elf.dir/Drivers/STM32F4xx_HAL_Driver/Src/stm32f4xx_hal_gpio.c.obj
 .debug_abbrev  0x000017a5      0x2d2 CMakeFiles/BMS_V0.elf.dir/Drivers/STM32F4xx_HAL_Driver/Src/stm32f4xx_hal_i2c.c.obj
 .debug_abbrev  0x00001a77      0x2c5 CMakeFiles/BMS_V0.elf.dir/Drivers/STM32F4xx_HAL_Driver/Src/stm32f4xx_hal_rcc.c.obj
 .debug_abbrev  0x00001d3c      0x278 CMakeFiles/BMS_V0.elf.dir/Drivers/STM32F4xx_HAL_Driver/Src/stm32f4xx_hal_spi.c.obj
 .debug_abbrev  0x00001fb4      0x27d CMakeFiles/BMS_V0.elf.dir/Drivers/STM32F4xx_HAL_Driver/Src/stm32f4xx_hal_tim.c.obj
 .debug_abbrev  0x00002231      0x27b CMakeFiles/BMS_V0.elf.dir/Drivers/STM32F4xx_HAL_Driver/Src/stm32f4xx_hal_tim_ex.c.obj
 .debug_abbrev  0x000024ac      0x33c CMakeFiles/BMS_V0.elf.dir/Drivers/STM32F4xx_HAL_Driver/Src/stm32f4xx_hal_uart.c.obj
 .debug_abbrev  0x000027e8      0x602 CMakeFiles/BMS_V0.elf.dir/Middlewares/Third_Party/FreeRTOS/Source/CMSIS_RTOS_V2/cmsis_os2.c.obj
 .debug_abbrev  0x00002dea      0x10a CMakeFiles/BMS_V0.elf.dir/Middlewares/Third_Party/FreeRTOS/Source/list.c.obj
 .debug_abbrev  0x00002ef4      0x293 CMakeFiles/BMS_V0.elf.dir/Middlewares/Third_Party/FreeRTOS/Source/portable/GCC/ARM_CM4F/port.c.obj
 .debug_abbrev  0x00003187      0x263 CMakeFiles/BMS_V0.elf.dir/Middlewares/Third_Party/FreeRTOS/Source/portable/MemMang/heap_4.c.obj
 .debug_abbrev  0x000033ea      0x3ea CMakeFiles/BMS_V0.elf.dir/Middlewares/Third_Party/FreeRTOS/Source/queue.c.obj
 .debug_abbrev  0x000037d4      0x45f CMakeFiles/BMS_V0.elf.dir/Middlewares/Third_Party/FreeRTOS/Source/tasks.c.obj
 .debug_abbrev  0x00003c33      0x3c7 CMakeFiles/BMS_V0.elf.dir/Middlewares/Third_Party/FreeRTOS/Source/timers.c.obj

.debug_loclists
                0x00000000    0x12dcd
 .debug_loclists
                0x00000000       0x90 CMakeFiles/BMS_V0.elf.dir/Core/Src/main.c.obj
 .debug_loclists
                0x00000090      0x13c CMakeFiles/BMS_V0.elf.dir/Core/Src/stm32f4xx_hal_msp.c.obj
 .debug_loclists
                0x000001cc       0x6d CMakeFiles/BMS_V0.elf.dir/Core/Src/stm32f4xx_hal_timebase_tim.c.obj
 .debug_loclists
                0x00000239       0x46 CMakeFiles/BMS_V0.elf.dir/Core/Src/sysmem.c.obj
 .debug_loclists
                0x0000027f       0xdb CMakeFiles/BMS_V0.elf.dir/Core/Src/system_stm32f4xx.c.obj
 .debug_loclists
                0x0000035a       0xc9 CMakeFiles/BMS_V0.elf.dir/Drivers/STM32F4xx_HAL_Driver/Src/stm32f4xx_hal.c.obj
 .debug_loclists
                0x00000423      0x7a7 CMakeFiles/BMS_V0.elf.dir/Drivers/STM32F4xx_HAL_Driver/Src/stm32f4xx_hal_adc.c.obj
 .debug_loclists
                0x00000bca      0x439 CMakeFiles/BMS_V0.elf.dir/Drivers/STM32F4xx_HAL_Driver/Src/stm32f4xx_hal_cortex.c.obj
 .debug_loclists
                0x00001003      0x141 CMakeFiles/BMS_V0.elf.dir/Drivers/STM32F4xx_HAL_Driver/Src/stm32f4xx_hal_crc.c.obj
 .debug_loclists
                0x00001144      0x356 CMakeFiles/BMS_V0.elf.dir/Drivers/STM32F4xx_HAL_Driver/Src/stm32f4xx_hal_gpio.c.obj
 .debug_loclists
                0x0000149a     0x2b71 CMakeFiles/BMS_V0.elf.dir/Drivers/STM32F4xx_HAL_Driver/Src/stm32f4xx_hal_i2c.c.obj
 .debug_loclists
                0x0000400b      0x3a9 CMakeFiles/BMS_V0.elf.dir/Drivers/STM32F4xx_HAL_Driver/Src/stm32f4xx_hal_rcc.c.obj
 .debug_loclists
                0x000043b4     0x13a3 CMakeFiles/BMS_V0.elf.dir/Drivers/STM32F4xx_HAL_Driver/Src/stm32f4xx_hal_spi.c.obj
 .debug_loclists
                0x00005757     0x332a CMakeFiles/BMS_V0.elf.dir/Drivers/STM32F4xx_HAL_Driver/Src/stm32f4xx_hal_tim.c.obj
 .debug_loclists
                0x00008a81     0x124f CMakeFiles/BMS_V0.elf.dir/Drivers/STM32F4xx_HAL_Driver/Src/stm32f4xx_hal_tim_ex.c.obj
 .debug_loclists
                0x00009cd0     0x2bbd CMakeFiles/BMS_V0.elf.dir/Drivers/STM32F4xx_HAL_Driver/Src/stm32f4xx_hal_uart.c.obj
 .debug_loclists
                0x0000c88d     0x31d5 CMakeFiles/BMS_V0.elf.dir/Middlewares/Third_Party/FreeRTOS/Source/CMSIS_RTOS_V2/cmsis_os2.c.obj
 .debug_loclists
                0x0000fa62       0x6f CMakeFiles/BMS_V0.elf.dir/Middlewares/Third_Party/FreeRTOS/Source/list.c.obj
 .debug_loclists
                0x0000fad1       0xbb CMakeFiles/BMS_V0.elf.dir/Middlewares/Third_Party/FreeRTOS/Source/portable/GCC/ARM_CM4F/port.c.obj
 .debug_loclists
                0x0000fb8c      0x2ab CMakeFiles/BMS_V0.elf.dir/Middlewares/Third_Party/FreeRTOS/Source/portable/MemMang/heap_4.c.obj
 .debug_loclists
                0x0000fe37      0xfbc CMakeFiles/BMS_V0.elf.dir/Middlewares/Third_Party/FreeRTOS/Source/queue.c.obj
 .debug_loclists
                0x00010df3     0x159a CMakeFiles/BMS_V0.elf.dir/Middlewares/Third_Party/FreeRTOS/Source/tasks.c.obj
 .debug_loclists
                0x0001238d      0xa40 CMakeFiles/BMS_V0.elf.dir/Middlewares/Third_Party/FreeRTOS/Source/timers.c.obj

.debug_aranges  0x00000000     0x1978
 .debug_aranges
                0x00000000       0x88 CMakeFiles/BMS_V0.elf.dir/Core/Src/main.c.obj
 .debug_aranges
                0x00000088       0x70 CMakeFiles/BMS_V0.elf.dir/Core/Src/stm32f4xx_hal_msp.c.obj
 .debug_aranges
                0x000000f8       0x30 CMakeFiles/BMS_V0.elf.dir/Core/Src/stm32f4xx_hal_timebase_tim.c.obj
 .debug_aranges
                0x00000128       0x50 CMakeFiles/BMS_V0.elf.dir/Core/Src/stm32f4xx_it.c.obj
 .debug_aranges
                0x00000178       0x20 CMakeFiles/BMS_V0.elf.dir/Core/Src/sysmem.c.obj
 .debug_aranges
                0x00000198       0x28 CMakeFiles/BMS_V0.elf.dir/Core/Src/system_stm32f4xx.c.obj
 .debug_aranges
                0x000001c0       0x28 CMakeFiles/BMS_V0.elf.dir/Core/Startup/startup_stm32f401retx.s.obj
 .debug_aranges
                0x000001e8       0xf0 CMakeFiles/BMS_V0.elf.dir/Drivers/STM32F4xx_HAL_Driver/Src/stm32f4xx_hal.c.obj
 .debug_aranges
                0x000002d8       0xe8 CMakeFiles/BMS_V0.elf.dir/Drivers/STM32F4xx_HAL_Driver/Src/stm32f4xx_hal_adc.c.obj
 .debug_aranges
                0x000003c0       0xd8 CMakeFiles/BMS_V0.elf.dir/Drivers/STM32F4xx_HAL_Driver/Src/stm32f4xx_hal_cortex.c.obj
 .debug_aranges
                0x00000498       0x50 CMakeFiles/BMS_V0.elf.dir/Drivers/STM32F4xx_HAL_Driver/Src/stm32f4xx_hal_crc.c.obj
 .debug_aranges
                0x000004e8       0x58 CMakeFiles/BMS_V0.elf.dir/Drivers/STM32F4xx_HAL_Driver/Src/stm32f4xx_hal_gpio.c.obj
 .debug_aranges
                0x00000540      0x2a0 CMakeFiles/BMS_V0.elf.dir/Drivers/STM32F4xx_HAL_Driver/Src/stm32f4xx_hal_i2c.c.obj
 .debug_aranges
                0x000007e0       0x88 CMakeFiles/BMS_V0.elf.dir/Drivers/STM32F4xx_HAL_Driver/Src/stm32f4xx_hal_rcc.c.obj
 .debug_aranges
                0x00000868      0x1d0 CMakeFiles/BMS_V0.elf.dir/Drivers/STM32F4xx_HAL_Driver/Src/stm32f4xx_hal_spi.c.obj
 .debug_aranges
                0x00000a38      0x3d0 CMakeFiles/BMS_V0.elf.dir/Drivers/STM32F4xx_HAL_Driver/Src/stm32f4xx_hal_tim.c.obj
 .debug_aranges
                0x00000e08      0x168 CMakeFiles/BMS_V0.elf.dir/Drivers/STM32F4xx_HAL_Driver/Src/stm32f4xx_hal_tim_ex.c.obj
 .debug_aranges
                0x00000f70      0x200 CMakeFiles/BMS_V0.elf.dir/Drivers/STM32F4xx_HAL_Driver/Src/stm32f4xx_hal_uart.c.obj
 .debug_aranges
                0x00001170      0x2a0 CMakeFiles/BMS_V0.elf.dir/Middlewares/Third_Party/FreeRTOS/Source/CMSIS_RTOS_V2/cmsis_os2.c.obj
 .debug_aranges
                0x00001410       0x40 CMakeFiles/BMS_V0.elf.dir/Middlewares/Third_Party/FreeRTOS/Source/list.c.obj
 .debug_aranges
                0x00001450       0x80 CMakeFiles/BMS_V0.elf.dir/Middlewares/Third_Party/FreeRTOS/Source/portable/GCC/ARM_CM4F/port.c.obj
 .debug_aranges
                0x000014d0       0x58 CMakeFiles/BMS_V0.elf.dir/Middlewares/Third_Party/FreeRTOS/Source/portable/MemMang/heap_4.c.obj
 .debug_aranges
                0x00001528      0x158 CMakeFiles/BMS_V0.elf.dir/Middlewares/Third_Party/FreeRTOS/Source/queue.c.obj
 .debug_aranges
                0x00001680      0x208 CMakeFiles/BMS_V0.elf.dir/Middlewares/Third_Party/FreeRTOS/Source/tasks.c.obj
 .debug_aranges
                0x00001888       0xf0 CMakeFiles/BMS_V0.elf.dir/Middlewares/Third_Party/FreeRTOS/Source/timers.c.obj

.debug_rnglists
                0x00000000     0x14af
 .debug_rnglists
                0x00000000       0x64 CMakeFiles/BMS_V0.elf.dir/Core/Src/main.c.obj
 .debug_rnglists
                0x00000064       0x50 CMakeFiles/BMS_V0.elf.dir/Core/Src/stm32f4xx_hal_msp.c.obj
 .debug_rnglists
                0x000000b4       0x20 CMakeFiles/BMS_V0.elf.dir/Core/Src/stm32f4xx_hal_timebase_tim.c.obj
 .debug_rnglists
                0x000000d4       0x37 CMakeFiles/BMS_V0.elf.dir/Core/Src/stm32f4xx_it.c.obj
 .debug_rnglists
                0x0000010b       0x13 CMakeFiles/BMS_V0.elf.dir/Core/Src/sysmem.c.obj
 .debug_rnglists
                0x0000011e       0x1a CMakeFiles/BMS_V0.elf.dir/Core/Src/system_stm32f4xx.c.obj
 .debug_rnglists
                0x00000138       0x19 CMakeFiles/BMS_V0.elf.dir/Core/Startup/startup_stm32f401retx.s.obj
 .debug_rnglists
                0x00000151       0xaf CMakeFiles/BMS_V0.elf.dir/Drivers/STM32F4xx_HAL_Driver/Src/stm32f4xx_hal.c.obj
 .debug_rnglists
                0x00000200       0xb0 CMakeFiles/BMS_V0.elf.dir/Drivers/STM32F4xx_HAL_Driver/Src/stm32f4xx_hal_adc.c.obj
 .debug_rnglists
                0x000002b0       0x9d CMakeFiles/BMS_V0.elf.dir/Drivers/STM32F4xx_HAL_Driver/Src/stm32f4xx_hal_cortex.c.obj
 .debug_rnglists
                0x0000034d       0x37 CMakeFiles/BMS_V0.elf.dir/Drivers/STM32F4xx_HAL_Driver/Src/stm32f4xx_hal_crc.c.obj
 .debug_rnglists
                0x00000384       0x3f CMakeFiles/BMS_V0.elf.dir/Drivers/STM32F4xx_HAL_Driver/Src/stm32f4xx_hal_gpio.c.obj
 .debug_rnglists
                0x000003c3      0x22f CMakeFiles/BMS_V0.elf.dir/Drivers/STM32F4xx_HAL_Driver/Src/stm32f4xx_hal_i2c.c.obj
 .debug_rnglists
                0x000005f2       0x75 CMakeFiles/BMS_V0.elf.dir/Drivers/STM32F4xx_HAL_Driver/Src/stm32f4xx_hal_rcc.c.obj
 .debug_rnglists
                0x00000667      0x169 CMakeFiles/BMS_V0.elf.dir/Drivers/STM32F4xx_HAL_Driver/Src/stm32f4xx_hal_spi.c.obj
 .debug_rnglists
                0x000007d0      0x2ff CMakeFiles/BMS_V0.elf.dir/Drivers/STM32F4xx_HAL_Driver/Src/stm32f4xx_hal_tim.c.obj
 .debug_rnglists
                0x00000acf      0x11a CMakeFiles/BMS_V0.elf.dir/Drivers/STM32F4xx_HAL_Driver/Src/stm32f4xx_hal_tim_ex.c.obj
 .debug_rnglists
                0x00000be9      0x19b CMakeFiles/BMS_V0.elf.dir/Drivers/STM32F4xx_HAL_Driver/Src/stm32f4xx_hal_uart.c.obj
 .debug_rnglists
                0x00000d84      0x1fe CMakeFiles/BMS_V0.elf.dir/Middlewares/Third_Party/FreeRTOS/Source/CMSIS_RTOS_V2/cmsis_os2.c.obj
 .debug_rnglists
                0x00000f82       0x2b CMakeFiles/BMS_V0.elf.dir/Middlewares/Third_Party/FreeRTOS/Source/list.c.obj
 .debug_rnglists
                0x00000fad       0x69 CMakeFiles/BMS_V0.elf.dir/Middlewares/Third_Party/FreeRTOS/Source/portable/GCC/ARM_CM4F/port.c.obj
 .debug_rnglists
                0x00001016       0x3f CMakeFiles/BMS_V0.elf.dir/Middlewares/Third_Party/FreeRTOS/Source/portable/MemMang/heap_4.c.obj
 .debug_rnglists
                0x00001055      0x170 CMakeFiles/BMS_V0.elf.dir/Middlewares/Third_Party/FreeRTOS/Source/queue.c.obj
 .debug_rnglists
                0x000011c5      0x23a CMakeFiles/BMS_V0.elf.dir/Middlewares/Third_Party/FreeRTOS/Source/tasks.c.obj
 .debug_rnglists
                0x000013ff       0xb0 CMakeFiles/BMS_V0.elf.dir/Middlewares/Third_Party/FreeRTOS/Source/timers.c.obj

.debug_line     0x00000000    0x20586
 .debug_line    0x00000000      0x8c9 CMakeFiles/BMS_V0.elf.dir/Core/Src/main.c.obj
 .debug_line    0x000008c9      0x51e CMakeFiles/BMS_V0.elf.dir/Core/Src/stm32f4xx_hal_msp.c.obj
 .debug_line    0x00000de7      0x2c9 CMakeFiles/BMS_V0.elf.dir/Core/Src/stm32f4xx_hal_timebase_tim.c.obj
 .debug_line    0x000010b0      0x279 CMakeFiles/BMS_V0.elf.dir/Core/Src/stm32f4xx_it.c.obj
 .debug_line    0x00001329      0x199 CMakeFiles/BMS_V0.elf.dir/Core/Src/sysmem.c.obj
 .debug_line    0x000014c2      0x24f CMakeFiles/BMS_V0.elf.dir/Core/Src/system_stm32f4xx.c.obj
 .debug_line    0x00001711       0x7a CMakeFiles/BMS_V0.elf.dir/Core/Startup/startup_stm32f401retx.s.obj
 .debug_line    0x0000178b      0x571 CMakeFiles/BMS_V0.elf.dir/Drivers/STM32F4xx_HAL_Driver/Src/stm32f4xx_hal.c.obj
 .debug_line    0x00001cfc     0x102d CMakeFiles/BMS_V0.elf.dir/Drivers/STM32F4xx_HAL_Driver/Src/stm32f4xx_hal_adc.c.obj
 .debug_line    0x00002d29      0x81c CMakeFiles/BMS_V0.elf.dir/Drivers/STM32F4xx_HAL_Driver/Src/stm32f4xx_hal_cortex.c.obj
 .debug_line    0x00003545      0x3a7 CMakeFiles/BMS_V0.elf.dir/Drivers/STM32F4xx_HAL_Driver/Src/stm32f4xx_hal_crc.c.obj
 .debug_line    0x000038ec      0x6a0 CMakeFiles/BMS_V0.elf.dir/Drivers/STM32F4xx_HAL_Driver/Src/stm32f4xx_hal_gpio.c.obj
 .debug_line    0x00003f8c     0x539b CMakeFiles/BMS_V0.elf.dir/Drivers/STM32F4xx_HAL_Driver/Src/stm32f4xx_hal_i2c.c.obj
 .debug_line    0x00009327      0xb04 CMakeFiles/BMS_V0.elf.dir/Drivers/STM32F4xx_HAL_Driver/Src/stm32f4xx_hal_rcc.c.obj
 .debug_line    0x00009e2b     0x24f2 CMakeFiles/BMS_V0.elf.dir/Drivers/STM32F4xx_HAL_Driver/Src/stm32f4xx_hal_spi.c.obj
 .debug_line    0x0000c31d     0x4944 CMakeFiles/BMS_V0.elf.dir/Drivers/STM32F4xx_HAL_Driver/Src/stm32f4xx_hal_tim.c.obj
 .debug_line    0x00010c61     0x1cc4 CMakeFiles/BMS_V0.elf.dir/Drivers/STM32F4xx_HAL_Driver/Src/stm32f4xx_hal_tim_ex.c.obj
 .debug_line    0x00012925     0x45e6 CMakeFiles/BMS_V0.elf.dir/Drivers/STM32F4xx_HAL_Driver/Src/stm32f4xx_hal_uart.c.obj
 .debug_line    0x00016f0b     0x2ab1 CMakeFiles/BMS_V0.elf.dir/Middlewares/Third_Party/FreeRTOS/Source/CMSIS_RTOS_V2/cmsis_os2.c.obj
 .debug_line    0x000199bc      0x355 CMakeFiles/BMS_V0.elf.dir/Middlewares/Third_Party/FreeRTOS/Source/list.c.obj
 .debug_line    0x00019d11      0x6cb CMakeFiles/BMS_V0.elf.dir/Middlewares/Third_Party/FreeRTOS/Source/portable/GCC/ARM_CM4F/port.c.obj
 .debug_line    0x0001a3dc      0x704 CMakeFiles/BMS_V0.elf.dir/Middlewares/Third_Party/FreeRTOS/Source/portable/MemMang/heap_4.c.obj
 .debug_line    0x0001aae0     0x1f62 CMakeFiles/BMS_V0.elf.dir/Middlewares/Third_Party/FreeRTOS/Source/queue.c.obj
 .debug_line    0x0001ca42     0x2c71 CMakeFiles/BMS_V0.elf.dir/Middlewares/Third_Party/FreeRTOS/Source/tasks.c.obj
 .debug_line    0x0001f6b3      0xed3 CMakeFiles/BMS_V0.elf.dir/Middlewares/Third_Party/FreeRTOS/Source/timers.c.obj

.debug_str      0x00000000     0x87e1
 .debug_str     0x00000000     0x1cf5 CMakeFiles/BMS_V0.elf.dir/Core/Src/main.c.obj
                               0x1e69 (size before relaxing)
 .debug_str     0x00001cf5      0x4af CMakeFiles/BMS_V0.elf.dir/Core/Src/stm32f4xx_hal_msp.c.obj
                               0x1234 (size before relaxing)
 .debug_str     0x000021a4      0x111 CMakeFiles/BMS_V0.elf.dir/Core/Src/stm32f4xx_hal_timebase_tim.c.obj
                                0xd17 (size before relaxing)
 .debug_str     0x000022b5       0xb3 CMakeFiles/BMS_V0.elf.dir/Core/Src/stm32f4xx_it.c.obj
                                0x76a (size before relaxing)
 .debug_str     0x00002368       0x84 CMakeFiles/BMS_V0.elf.dir/Core/Src/sysmem.c.obj
                                0x230 (size before relaxing)
 .debug_str     0x000023ec       0xe2 CMakeFiles/BMS_V0.elf.dir/Core/Src/system_stm32f4xx.c.obj
                                0x392 (size before relaxing)
 .debug_str     0x000024ce       0x4b CMakeFiles/BMS_V0.elf.dir/Core/Startup/startup_stm32f401retx.s.obj
                                 0x67 (size before relaxing)
 .debug_str     0x00002519      0x2f9 CMakeFiles/BMS_V0.elf.dir/Drivers/STM32F4xx_HAL_Driver/Src/stm32f4xx_hal.c.obj
                                0xa1f (size before relaxing)
 .debug_str     0x00002812      0x2d2 CMakeFiles/BMS_V0.elf.dir/Drivers/STM32F4xx_HAL_Driver/Src/stm32f4xx_hal_adc.c.obj
                                0x96d (size before relaxing)
 .debug_str     0x00002ae4      0x438 CMakeFiles/BMS_V0.elf.dir/Drivers/STM32F4xx_HAL_Driver/Src/stm32f4xx_hal_cortex.c.obj
                                0xad5 (size before relaxing)
 .debug_str     0x00002f1c       0xa4 CMakeFiles/BMS_V0.elf.dir/Drivers/STM32F4xx_HAL_Driver/Src/stm32f4xx_hal_crc.c.obj
                                0x3ae (size before relaxing)
 .debug_str     0x00002fc0      0x11c CMakeFiles/BMS_V0.elf.dir/Drivers/STM32F4xx_HAL_Driver/Src/stm32f4xx_hal_gpio.c.obj
                                0x4fd (size before relaxing)
 .debug_str     0x000030dc      0x8c7 CMakeFiles/BMS_V0.elf.dir/Drivers/STM32F4xx_HAL_Driver/Src/stm32f4xx_hal_i2c.c.obj
                               0x1040 (size before relaxing)
 .debug_str     0x000039a3      0x155 CMakeFiles/BMS_V0.elf.dir/Drivers/STM32F4xx_HAL_Driver/Src/stm32f4xx_hal_rcc.c.obj
                                0x723 (size before relaxing)
 .debug_str     0x00003af8      0x51a CMakeFiles/BMS_V0.elf.dir/Drivers/STM32F4xx_HAL_Driver/Src/stm32f4xx_hal_spi.c.obj
                                0xc05 (size before relaxing)
 .debug_str     0x00004012      0xed2 CMakeFiles/BMS_V0.elf.dir/Drivers/STM32F4xx_HAL_Driver/Src/stm32f4xx_hal_tim.c.obj
                               0x16fa (size before relaxing)
 .debug_str     0x00004ee4      0x565 CMakeFiles/BMS_V0.elf.dir/Drivers/STM32F4xx_HAL_Driver/Src/stm32f4xx_hal_tim_ex.c.obj
                                0xf16 (size before relaxing)
 .debug_str     0x00005449      0x5ee CMakeFiles/BMS_V0.elf.dir/Drivers/STM32F4xx_HAL_Driver/Src/stm32f4xx_hal_uart.c.obj
                                0xd64 (size before relaxing)
 .debug_str     0x00005a37     0x1355 CMakeFiles/BMS_V0.elf.dir/Middlewares/Third_Party/FreeRTOS/Source/CMSIS_RTOS_V2/cmsis_os2.c.obj
                               0x237a (size before relaxing)
 .debug_str     0x00006d8c      0x140 CMakeFiles/BMS_V0.elf.dir/Middlewares/Third_Party/FreeRTOS/Source/list.c.obj
                                0x30d (size before relaxing)